
     Program PWSCF v.7.4 starts on 17Jan2025 at 14:32:54 

     This program is part of the open-source Quantum ESPRESSO suite
     for quantum simulation of materials; please cite
         "P. Giannozzi et al., J. Phys.:Condens. Matter 21 395502 (2009);
         "P. Giannozzi et al., J. Phys.:Condens. Matter 29 465901 (2017);
         "P. Giannozzi et al., J. Chem. Phys. 152 154105 (2020);
          URL http://www.quantum-espresso.org", 
     in publications or presentations arising from this work. More details at
     http://www.quantum-espresso.org/quote

     Parallel version (MPI & OpenMP), running on       1 processor cores
     Number of MPI processes:                 1
     Threads/MPI process:                     1

     MPI processes distributed on     1 nodes
     0 MiB available memory on the printing compute node when the environment starts

     Reading input from aiida.in

     Current dimensions of program PWSCF are:
     Max number of different atomic species (ntypx) = 10
     Max number of k-points (npk) =  40000
     Max angular momentum in pseudopotentials (lmaxx) =  4
     Message from routine setup:
     using ibrav=0 with symmetry is DISCOURAGED, use correct ibrav instead

     Subspace diagonalization in iterative solution of the eigenvalue problem:
     a serial algorithm will be used


     G-vector sticks info
     --------------------
     sticks:   dense  smooth     PW     G-vecs:    dense   smooth      PW
     Sum         859     433    139                16889     5985    1067

     Using Slab Decomposition



     bravais-lattice index     =            0
     lattice parameter (alat)  =       7.2558  a.u.
     unit-cell volume          =     270.1072 (a.u.)^3
     number of atoms/cell      =            2
     number of atomic types    =            1
     number of electrons       =         8.00
     number of Kohn-Sham states=            8
     kinetic-energy cutoff     =      30.0000  Ry
     charge density cutoff     =     240.0000  Ry
     scf convergence threshold =      8.0E-10
     mixing beta               =       0.4000
     number of iterations used =            8  plain     mixing
     Exchange-correlation= PBESOL
                           (   1   4  10   8   0   0   0)

     celldm(1)=   7.255773  celldm(2)=   0.000000  celldm(3)=   0.000000
     celldm(4)=   0.000000  celldm(5)=   0.000000  celldm(6)=   0.000000

     crystal axes: (cart. coord. in units of alat)
               a(1) = (   0.000000   0.707107   0.707107 )  
               a(2) = (   0.707107   0.000000   0.707107 )  
               a(3) = (   0.707107   0.707107   0.000000 )  

     reciprocal axes: (cart. coord. in units 2 pi/alat)
               b(1) = ( -0.707107  0.707107  0.707107 )  
               b(2) = (  0.707107 -0.707107  0.707107 )  
               b(3) = (  0.707107  0.707107 -0.707107 )  


     PseudoPot. # 1 for Si read from file:
     ./pseudo/Si.pbesol-n-rrkjus_psl.1.0.0.UPF
     MD5 check sum: c4212819de858c94c3a1644338846ac9
     Pseudo is Ultrasoft + core correction, Zval =  4.0
     Generated using "atomic" code by A. Dal Corso  v.6.0 svn rev. 13079
     Using radial grid of 1141 points,  6 beta functions with: 
                l(1) =   0
                l(2) =   0
                l(3) =   1
                l(4) =   1
                l(5) =   2
                l(6) =   2
     Q(r) pseudized with 0 coefficients 


     atomic species   valence    mass     pseudopotential
     Si                4.00    28.08500     Si( 1.00)

     48 Sym. Ops., with inversion, found (24 have fractional translation)


                                    s                        frac. trans.

--- SYMMETRIES REMOVED ---

--- K-POINTS REMOVED ---

--- MEMORY INFO REMOVED ---

     Initial potential from superposition of free atoms

     starting charge       7.9989, renormalised to       8.0000
     Starting wfcs are    8 randomized atomic wfcs

     total cpu time spent up to now is        1.1 secs

     Self-consistent Calculation

     iteration #  1     ecut=    30.00 Ry     beta= 0.40
     Davidson diagonalization with overlap

---- Real-time Memory Report at c_bands before calling an iterative solver
             0 MiB given to the printing process from OS
             0 MiB allocation reported by mallinfo(arena+hblkhd)
             0 MiB available memory on the node where the printing process lives
------------------
     ethr =  1.00E-02,  avg # of iterations =  3.7

     Threshold (ethr) on eigenvalues was too large:
     Diagonalizing with lowered threshold

     Davidson diagonalization with overlap

---- Real-time Memory Report at c_bands before calling an iterative solver
             0 MiB given to the printing process from OS
             0 MiB allocation reported by mallinfo(arena+hblkhd)
             0 MiB available memory on the node where the printing process lives
------------------
     ethr =  6.58E-04,  avg # of iterations =  1.7

     total cpu time spent up to now is        1.4 secs

     WARNING: integrated charge=     8.00000194, expected=     8.00000000

     total energy              =     -22.67515879 Ry
     estimated scf accuracy    <       0.05693669 Ry

     iteration #  2     ecut=    30.00 Ry     beta= 0.40
     Davidson diagonalization with overlap

---- Real-time Memory Report at c_bands before calling an iterative solver
             0 MiB given to the printing process from OS
             0 MiB allocation reported by mallinfo(arena+hblkhd)
             0 MiB available memory on the node where the printing process lives
------------------
     ethr =  7.12E-04,  avg # of iterations =  1.0

     total cpu time spent up to now is        1.5 secs

     WARNING: integrated charge=     8.00020483, expected=     8.00000000

     total energy              =     -22.67147317 Ry
     estimated scf accuracy    <       0.01564483 Ry

     iteration #  3     ecut=    30.00 Ry     beta= 0.40
     Davidson diagonalization with overlap

---- Real-time Memory Report at c_bands before calling an iterative solver
             0 MiB given to the printing process from OS
             0 MiB allocation reported by mallinfo(arena+hblkhd)
             0 MiB available memory on the node where the printing process lives
------------------
     ethr =  1.96E-04,  avg # of iterations =  2.5

     total cpu time spent up to now is        1.6 secs

     WARNING: integrated charge=     8.00279776, expected=     8.00000000

     total energy              =     -22.67108915 Ry
     estimated scf accuracy    <       0.00024725 Ry

     iteration #  4     ecut=    30.00 Ry     beta= 0.40
     Davidson diagonalization with overlap

---- Real-time Memory Report at c_bands before calling an iterative solver
             0 MiB given to the printing process from OS
             0 MiB allocation reported by mallinfo(arena+hblkhd)
             0 MiB available memory on the node where the printing process lives
------------------
     ethr =  3.09E-06,  avg # of iterations =  5.7

     total cpu time spent up to now is        1.9 secs

     WARNING: integrated charge=     8.00265881, expected=     8.00000000

     total energy              =     -22.67149984 Ry
     estimated scf accuracy    <       0.00000843 Ry

     iteration #  5     ecut=    30.00 Ry     beta= 0.40
     Davidson diagonalization with overlap

---- Real-time Memory Report at c_bands before calling an iterative solver
             0 MiB given to the printing process from OS
             0 MiB allocation reported by mallinfo(arena+hblkhd)
             0 MiB available memory on the node where the printing process lives
------------------
     ethr =  1.05E-07,  avg # of iterations =  2.1

     total cpu time spent up to now is        2.0 secs

     WARNING: integrated charge=     8.00245934, expected=     8.00000000

     total energy              =     -22.67144823 Ry
     estimated scf accuracy    <       0.00000026 Ry

     iteration #  6     ecut=    30.00 Ry     beta= 0.40
     Davidson diagonalization with overlap

---- Real-time Memory Report at c_bands before calling an iterative solver
             0 MiB given to the printing process from OS
             0 MiB allocation reported by mallinfo(arena+hblkhd)
             0 MiB available memory on the node where the printing process lives
------------------
     ethr =  3.28E-09,  avg # of iterations =  2.3

     total cpu time spent up to now is        2.2 secs

     WARNING: integrated charge=     8.00248010, expected=     8.00000000

     total energy              =     -22.67145399 Ry
     estimated scf accuracy    <       0.00000004 Ry

     iteration #  7     ecut=    30.00 Ry     beta= 0.40
     Davidson diagonalization with overlap

---- Real-time Memory Report at c_bands before calling an iterative solver
             0 MiB given to the printing process from OS
             0 MiB allocation reported by mallinfo(arena+hblkhd)
             0 MiB available memory on the node where the printing process lives
------------------
     ethr =  5.33E-10,  avg # of iterations =  1.7

     total cpu time spent up to now is        2.3 secs

     End of self-consistent calculation

--- OCCUPATIONS REMOVED ---

     the Fermi energy is     6.4656 ev

     WARNING: integrated charge=     8.00248798, expected=     8.00000000

!    total energy              =     -22.67145894 Ry
     estimated scf accuracy    <          7.0E-10 Ry
     smearing contrib. (-TS)   =       0.00002426 Ry
     internal energy E=F+TS    =     -22.67148320 Ry

     The total energy is F=E-TS. E is the sum of the following terms:
     one-electron contribution =       5.18285537 Ry
     hartree contribution      =       1.08999898 Ry
     xc contribution           =     -12.14539380 Ry
     ewald contribution        =     -16.79894374 Ry

     convergence has been achieved in   7 iterations

     Forces acting on atoms (cartesian axes, Ry/au):

     atom    1 type  1   force =    -0.00000000    0.00000000    0.00000000
     atom    2 type  1   force =     0.00000000   -0.00000000    0.00000000
     The non-local contrib.  to forces
     atom    1 type  1   force =    -0.00000000   -0.00000000    0.00000000
     atom    2 type  1   force =     0.00000000    0.00000000   -0.00000000
     The ionic contribution  to forces
     atom    1 type  1   force =     0.00000000    0.00000000    0.00000000
     atom    2 type  1   force =     0.00000000    0.00000000    0.00000000
     The local contribution  to forces
     atom    1 type  1   force =     0.00000000    0.00000000    0.00000000
     atom    2 type  1   force =    -0.00000000   -0.00000000   -0.00000000
     The core correction contribution to forces
     atom    1 type  1   force =     0.00000000    0.00000000    0.00000000
     atom    2 type  1   force =    -0.00000000   -0.00000000   -0.00000000
     The Hubbard contrib.    to forces
     atom    1 type  1   force =     0.00000000    0.00000000    0.00000000
     atom    2 type  1   force =     0.00000000    0.00000000    0.00000000
     The SCF correction term to forces
     atom    1 type  1   force =     0.00000000    0.00000000    0.00000000
     atom    2 type  1   force =    -0.00000000    0.00000000   -0.00000000

     Total force =     0.000000     Total SCF correction =     0.000000


     Computing stress (Cartesian axis) and pressure

          total   stress  (Ry/bohr**3)                   (kbar)     P=        4.62
   0.00003138   0.00000000   0.00000000            4.62        0.00        0.00
   0.00000000   0.00003138   0.00000000            0.00        4.62        0.00
   0.00000000   0.00000000   0.00003138            0.00        0.00        4.62

     kinetic stress (kbar)   2214.77     -0.00      0.00
                               -0.00   2214.77     -0.00
                                0.00     -0.00   2214.77

     local   stress (kbar)     38.89      0.00      0.00
                                0.00     38.89      0.00
                                0.00      0.00     38.89

     nonloc. stress (kbar)   1625.73      0.00      0.00
                               -0.00   1625.73     -0.00
                               -0.00     -0.00   1625.73

     hartree stress (kbar)    197.88      0.00     -0.00
                                0.00    197.88     -0.00
                               -0.00     -0.00    197.88

     exc-cor stress (kbar)   2909.74      0.00     -0.00
                                0.00   2909.74     -0.00
                               -0.00     -0.00   2909.74

     corecor stress (kbar)  -3932.72     -0.00      0.00
                               -0.00  -3932.72     -0.00
                                0.00     -0.00  -3932.72

     ewald   stress (kbar)  -3049.67     -0.00     -0.00
                               -0.00  -3049.67     -0.00
                               -0.00     -0.00  -3049.67

     hubbard stress (kbar)      0.00      0.00      0.00
                                0.00      0.00      0.00
                                0.00      0.00      0.00

     DFT-D   stress (kbar)      0.00      0.00      0.00
                                0.00      0.00      0.00
                                0.00      0.00      0.00

     XDM     stress (kbar)      0.00      0.00      0.00
                                0.00      0.00      0.00
                                0.00      0.00      0.00

     dft-nl  stress (kbar)      0.00      0.00      0.00
                                0.00      0.00      0.00
                                0.00      0.00      0.00

     TS-vdW  stress (kbar)      0.00      0.00      0.00
                                0.00      0.00      0.00
                                0.00      0.00      0.00

     MDB     stress (kbar)      0.00      0.00      0.00
                                0.00      0.00      0.00
                                0.00      0.00      0.00

     3D-RISM stress (kbar)      0.00      0.00      0.00
                                0.00      0.00      0.00
                                0.00      0.00      0.00


     Writing all to output data dir ./out/aiida.save/ :
     XML data file, charge density, pseudopotentials, collected wavefunctions

--- TIMINGS REMOVED ---

     PWSCF        :      2.62s CPU      2.72s WALL


   This run was terminated on:  14:32:57  17Jan2025            

=------------------------------------------------------------------------------=
   JOB DONE.
=------------------------------------------------------------------------------=
