
     Program PHONON v.7.0 starts on 19Oct2022 at  1:22:58 

     This program is part of the open-source Quantum ESPRESSO suite
     for quantum simulation of materials; please cite
         "P. Giannozzi et al., J. Phys.:Condens. Matter 21 395502 (2009);
         "P. Giannozzi et al., J. Phys.:Condens. Matter 29 465901 (2017);
         "P. Giannozzi et al., J. Chem. Phys. 152 154105 (2020);
          URL http://www.quantum-espresso.org", 
     in publications or presentations arising from this work. More details at
     http://www.quantum-espresso.org/quote

     Parallel version (MPI), running on     1 processors

     MPI processes distributed on     1 nodes
     13239 MiB available memory on the printing compute node when the environment starts

     Reading input from aiida.in
      Title line not specified: using 'default'.
     Run is not recoverable starting from scratch

     Reading xml data from directory:

     ./out/aiida.save/
     file Pb.pbe-dn-kjpaw_psl.0.2.2.UPF: wavefunction(s)  6S renormalized

     IMPORTANT: XC functional enforced from input :
     Exchange-correlation= PBE
                           (   1   4   3   4   0   0   0)
     Any further DFT definition will be discarded
     Please, verify this is what you really want


     G-vector sticks info
     --------------------
     sticks:   dense  smooth     PW     G-vecs:    dense   smooth      PW
     Sum        1003     499    151                20875     7391    1243

     Using Slab Decomposition

     Reading collected, re-writing distributed wavefunctions
  autoval = -.4291E+01
     Irreps are as follows:

                     mode #   1
                     (  -0.00000  -0.00000   ) 
                     (  -0.00000  -0.00000   ) 
                     (  -1.00000  -0.00000   ) 
  autoval = 0.4156E+01
     Irreps are as follows:

                     mode #   2
                     (  -1.00000  -0.00000   ) 
                     (   0.00001  -0.00000   ) 
                     (   0.00000  -0.00000   ) 
  autoval = 0.4156E+01
     Irreps are as follows:

                     mode #   3
                     (  -0.00001  -0.00000   ) 
                     (  -1.00000  -0.00000   ) 
                     (   0.00000  -0.00000   ) 

     Calculation of q =    0.0000000   0.0000000   0.0000000

     default                                                                    

     bravais-lattice index     =            0
     lattice parameter (alat)  =       6.7487  a.u.
     unit-cell volume          =     217.3444 (a.u.)^3
     number of atoms/cell      =            1
     number of atomic types    =            1
     kinetic-energy cut-off    =      40.0000  Ry
     charge density cut-off    =     320.0000  Ry
     convergence threshold     =      1.0E-16
     beta                      =       0.7000
     number of iterations used =            4
     Exchange-correlation= PBE
                           (   1   4   3   4   0   0   0)


     celldm(1)=    6.74872  celldm(2)=    0.00000  celldm(3)=    0.00000
     celldm(4)=    0.00000  celldm(5)=    0.00000  celldm(6)=    0.00000

     crystal axes: (cart. coord. in units of alat)
               a(1) = (  1.0000  0.0000  0.0000 )  
               a(2) = (  0.5000  0.8660  0.0000 )  
               a(3) = (  0.5000  0.2887  0.8165 )  

     reciprocal axes: (cart. coord. in units 2 pi/alat)
               b(1) = (  1.0000 -0.5774 -0.4082 )  
               b(2) = (  0.0000  1.1547 -0.4082 )  
               b(3) = (  0.0000  0.0000  1.2247 )  


     Atoms inside the unit cell: 

     Cartesian axes

     site n.  atom      mass           positions (alat units)
        1     Pb 207.2000   tau(    1) = (    0.00000    0.00000    0.00000  )

     Computing dynamical matrix for 
                    q = (   0.0000000   0.0000000   0.0000000 )

--- SYMMETRIES REMOVED ---

--- K-POINTS REMOVED ---

     PseudoPot. # 1 for Pb read from file:
     ./pseudo/Pb.pbe-dn-kjpaw_psl.0.2.2.UPF
     MD5 check sum: 9d431e6316058b74ade52399a6cf67da
     Pseudo is Projector augmented-wave + core cor, Zval = 14.0
     Generated using "atomic" code by A. Dal Corso  v.5.0.99 svn rev. 10869
     Shape of augmentation charge: PSQ
     Using radial grid of 1281 points,  6 beta functions with: 
                l(1) =   0
                l(2) =   0
                l(3) =   1
                l(4) =   1
                l(5) =   2
                l(6) =   2
     Q(r) pseudized with 0 coefficients 


     point group D_3d (-3m) 
     there are  6 classes
     the character table:

       E     2C3   3C2'  i     2S6   3s_d 
A_1g   1.00  1.00  1.00  1.00  1.00  1.00
A_2g   1.00  1.00 -1.00  1.00  1.00 -1.00
E_g    2.00 -1.00  0.00  2.00 -1.00  0.00
A_1u   1.00  1.00  1.00 -1.00 -1.00 -1.00
A_2u   1.00  1.00 -1.00 -1.00 -1.00  1.00
E_u    2.00 -1.00  0.00 -2.00  1.00  0.00

     the symmetry operations in each class and the name of the first element:

     E        1
                                                                 
     2C3      3    4
                                                                 
     3C2'     2    5    6
                                                                 
     i        7
                                                                 
     2S6      9   10
                                                                 
     3s_d     8   11   12
                                                                 


     Atomic displacements:
     There are    2 irreducible representations

     Representation     1      1 modes -  To be done
     Irreps are as follows:

                     mode #   1
                     (  -0.00000  -0.00000   ) 
                     (  -0.00000  -0.00000   ) 
                     (  -1.00000  -0.00000   ) 

     Representation     2      2 modes -  To be done
     Irreps are as follows:

           mode #   2                           mode #   3
           (  -1.00000  -0.00000   )            (  -0.00001  -0.00000   ) 
           (   0.00001  -0.00000   )            (  -1.00000  -0.00000   ) 
           (   0.00000  -0.00000   )            (   0.00000  -0.00000   ) 



     Alpha used in Ewald sum =   2.8000
     PHONON       :      2.29s CPU      2.37s WALL



     Representation #   1 mode #   1

     Self-consistent Calculation

     Pert. #  1: Fermi energy shift (Ry) =     0.0000E+00     0.0000E+00

      iter #   1 total cpu time :     3.4 secs   av.it.:   6.0
      thresh= 1.000E-02 alpha_mix =  0.700 |ddv_scf|^2 =  1.456E-05

     Pert. #  1: Fermi energy shift (Ry) =     0.0000E+00     0.0000E+00

      iter #   2 total cpu time :     4.4 secs   av.it.:   9.0
      thresh= 3.815E-04 alpha_mix =  0.700 |ddv_scf|^2 =  6.167E-07

     Pert. #  1: Fermi energy shift (Ry) =     0.0000E+00     0.0000E+00

      iter #   3 total cpu time :     5.5 secs   av.it.:   8.8
      thresh= 7.853E-05 alpha_mix =  0.700 |ddv_scf|^2 =  1.045E-09

     Pert. #  1: Fermi energy shift (Ry) =     0.0000E+00     0.0000E+00

      iter #   4 total cpu time :     6.5 secs   av.it.:   8.8
      thresh= 3.233E-06 alpha_mix =  0.700 |ddv_scf|^2 =  1.239E-11

     Pert. #  1: Fermi energy shift (Ry) =     0.0000E+00     0.0000E+00

      iter #   5 total cpu time :     7.5 secs   av.it.:   8.0
      thresh= 3.521E-07 alpha_mix =  0.700 |ddv_scf|^2 =  1.866E-13

     Pert. #  1: Fermi energy shift (Ry) =     0.0000E+00     0.0000E+00

      iter #   6 total cpu time :     8.5 secs   av.it.:   8.8
      thresh= 4.320E-08 alpha_mix =  0.700 |ddv_scf|^2 =  3.579E-15

     Pert. #  1: Fermi energy shift (Ry) =     0.0000E+00     0.0000E+00

      iter #   7 total cpu time :     9.6 secs   av.it.:   8.0
      thresh= 5.982E-09 alpha_mix =  0.700 |ddv_scf|^2 =  4.512E-18

     End of self-consistent calculation

     Convergence has been achieved 


     Representation #   2 modes #   2   3

     Self-consistent Calculation

     Pert. #  1: Fermi energy shift (Ry) =     2.2058E-24     0.0000E+00
     Pert. #  2: Fermi energy shift (Ry) =     1.1029E-24     0.0000E+00

      iter #   1 total cpu time :    11.6 secs   av.it.:   5.9
      thresh= 1.000E-02 alpha_mix =  0.700 |ddv_scf|^2 =  3.638E-06

     Pert. #  1: Fermi energy shift (Ry) =     8.8233E-24     0.0000E+00
     Pert. #  2: Fermi energy shift (Ry) =    -8.8233E-24     0.0000E+00

      iter #   2 total cpu time :    13.6 secs   av.it.:   9.5
      thresh= 1.907E-04 alpha_mix =  0.700 |ddv_scf|^2 =  1.540E-07

     Pert. #  1: Fermi energy shift (Ry) =    -3.3087E-24     0.0000E+00
     Pert. #  2: Fermi energy shift (Ry) =     1.1029E-24     0.0000E+00

      iter #   3 total cpu time :    15.5 secs   av.it.:   8.9
      thresh= 3.924E-05 alpha_mix =  0.700 |ddv_scf|^2 =  2.614E-10

     Pert. #  1: Fermi energy shift (Ry) =     0.0000E+00     0.0000E+00
     Pert. #  2: Fermi energy shift (Ry) =    -1.3786E-25     0.0000E+00

      iter #   4 total cpu time :    17.5 secs   av.it.:   9.8
      thresh= 1.617E-06 alpha_mix =  0.700 |ddv_scf|^2 =  3.117E-12

     Pert. #  1: Fermi energy shift (Ry) =    -6.8932E-26     0.0000E+00
     Pert. #  2: Fermi energy shift (Ry) =     1.3786E-25     0.0000E+00

      iter #   5 total cpu time :    19.4 secs   av.it.:   8.9
      thresh= 1.766E-07 alpha_mix =  0.700 |ddv_scf|^2 =  4.821E-14

     Pert. #  1: Fermi energy shift (Ry) =     1.3786E-25     0.0000E+00
     Pert. #  2: Fermi energy shift (Ry) =     1.7233E-25     0.0000E+00

      iter #   6 total cpu time :    21.4 secs   av.it.:   9.4
      thresh= 2.196E-08 alpha_mix =  0.700 |ddv_scf|^2 =  8.951E-16

     Pert. #  1: Fermi energy shift (Ry) =     0.0000E+00     0.0000E+00
     Pert. #  2: Fermi energy shift (Ry) =     1.3786E-25     0.0000E+00

      iter #   7 total cpu time :    23.3 secs   av.it.:   9.0
      thresh= 2.992E-09 alpha_mix =  0.700 |ddv_scf|^2 =  1.079E-18

     End of self-consistent calculation

     Convergence has been achieved 

     Number of q in the star =    1
     List of q in the star:
          1   0.000000000   0.000000000   0.000000000

     Diagonalizing the dynamical matrix

     q = (    0.000000000   0.000000000   0.000000000 ) 

 **************************************************************************
     freq (    1) =      -0.096115 [THz] =      -3.206051 [cm-1]
     freq (    2) =      -0.095756 [THz] =      -3.194082 [cm-1]
     freq (    3) =      -0.095756 [THz] =      -3.194082 [cm-1]
 **************************************************************************

     Mode symmetry, D_3d (-3m)  point group:

     freq (   1-   1) =         -3.2  [cm-1]   --> A_2u L_2'       I  
     freq (   2-   3) =         -3.2  [cm-1]   --> E_u  L_3'       I  

--- TIMINGS REMOVED ---

     PHONON       :     23.04s CPU     23.37s WALL


   This run was terminated on:   1:23:21  19Oct2022            

=------------------------------------------------------------------------------=
   JOB DONE.
=------------------------------------------------------------------------------=
