
     coordinates at iteration   0
     iteration #  1     ecut=    20.00 Ry     beta= 0.30
     iteration #  2     ecut=    20.00 Ry     beta= 0.30
     iteration #  3     ecut=    20.00 Ry     beta= 0.30
     iteration #  4     ecut=    20.00 Ry     beta= 0.30
     iteration #  5     ecut=    20.00 Ry     beta= 0.30
     iteration #  6     ecut=    20.00 Ry     beta= 0.30
     iteration #  7     ecut=    20.00 Ry     beta= 0.30
     iteration #  8     ecut=    20.00 Ry     beta= 0.30
     iteration #  9     ecut=    20.00 Ry     beta= 0.30
