
     Program PWSCF v.5.1 starts on 29Oct2014 at 12: 9:56 

     This program is part of the open-source Quantum ESPRESSO suite
     for quantum simulation of materials; please cite
         "P. Giannozzi et al., J. Phys.:Condens. Matter 21 395502 (2009);
          URL http://www.quantum-espresso.org", 
     in publications or presentations arising from this work. More details at
     http://www.quantum-espresso.org/quote

     Serial version
     Waiting for input...
     Reading input from standard input

     Current dimensions of program PWSCF are:
     Max number of different atomic species (ntypx) = 10
     Max number of k-points (npk) =  40000
     Max angular momentum in pseudopotentials (lmaxx) =  3
               file C.pbe-rrkjus.UPF: wavefunction(s)  2S 2P renormalized

     G-vector sticks info
     --------------------
     sticks:   dense  smooth     PW     G-vecs:    dense   smooth      PW
     Sum         265     187     73                 9583     5211    1275



     bravais-lattice index     =            0
     lattice parameter (alat)  =       4.6412  a.u.
     unit-cell volume          =     236.0492 (a.u.)^3
     number of atoms/cell      =            4
     number of atomic types    =            1
     number of electrons       =        16.00
     number of Kohn-Sham states=            8
     kinetic-energy cutoff     =      30.0000  Ry
     charge density cutoff     =     180.0000  Ry
     convergence threshold     =      1.0E-05
     mixing beta               =       0.7000
     number of iterations used =            8  plain     mixing
     Exchange-correlation      =  SLA  PW   PBE  PBE ( 1  4  3  4 0)

     celldm(1)=   4.641170  celldm(2)=   0.000000  celldm(3)=   0.000000
     celldm(4)=   0.000000  celldm(5)=   0.000000  celldm(6)=   0.000000

     crystal axes: (cart. coord. in units of alat)
               a(1) = (   1.000000   0.000000   0.000000 )  
               a(2) = (  -0.500000   0.866025   0.000000 )  
               a(3) = (   0.000000   0.000000   2.726400 )  

     reciprocal axes: (cart. coord. in units 2 pi/alat)
               b(1) = (  1.000000  0.577351 -0.000000 )  
               b(2) = (  0.000000  1.154701  0.000000 )  
               b(3) = (  0.000000 -0.000000  0.366784 )  


     PseudoPot. # 1 for C  read from file:
     /Users/ehontz/bin/espresso/pseudo/C.pbe-rrkjus.UPF
     MD5 check sum: 00fb224312de0c5b6853bd333518df6f
     Pseudo is Ultrasoft, Zval =  4.0
     Generated by new atomic code, or converted to UPF format
     Using radial grid of  627 points,  4 beta functions with: 
                l(1) =   0
                l(2) =   0
                l(3) =   1
                l(4) =   1
     Q(r) pseudized with 0 coefficients 


     atomic species   valence    mass     pseudopotential
        C              4.00    12.00000     C ( 1.00)

     24 Sym. Ops., with inversion, found (12 have fractional translation)



   Cartesian axes

     site n.     atom                  positions (alat units)
         1           C   tau(   1) = (   0.0000000   0.0000000   0.0000000  )
         2           C   tau(   2) = (   0.0000000   0.5773503   0.0000000  )
         3           C   tau(   3) = (   0.0000000   0.0000000   1.3632000  )
         4           C   tau(   4) = (   0.4999999   0.2886751   1.3632000  )

     number of k points=    36
                       cart. coord. in units 2pi/alat
        k(    1) = (   0.1000000   0.1732052   0.0000000), wk =   0.0266667
        k(    2) = (   0.1000000   0.1732052   0.0611307), wk =   0.0533333
        k(    3) = (   0.1000000   0.1732052   0.1222613), wk =   0.0533333
        k(    4) = (   0.1000000   0.1732052  -0.1833920), wk =   0.0266667
        k(    5) = (   0.1000000   0.4041454   0.0000000), wk =   0.0533333
        k(    6) = (   0.1000000   0.4041454   0.0611307), wk =   0.1066667
        k(    7) = (   0.1000000   0.4041454   0.1222613), wk =   0.1066667
        k(    8) = (   0.1000000   0.4041454  -0.1833920), wk =   0.0533333
        k(    9) = (   0.1000000  -0.5196155   0.0000000), wk =   0.0533333
        k(   10) = (   0.1000000  -0.5196155   0.0611307), wk =   0.1066667
        k(   11) = (   0.1000000  -0.5196155   0.1222613), wk =   0.1066667
        k(   12) = (   0.1000000  -0.5196155  -0.1833920), wk =   0.0533333
        k(   13) = (   0.1000000  -0.2886753   0.0000000), wk =   0.0533333
        k(   14) = (   0.1000000  -0.2886753   0.0611307), wk =   0.1066667
        k(   15) = (   0.1000000  -0.2886753   0.1222613), wk =   0.1066667
        k(   16) = (   0.1000000  -0.2886753  -0.1833920), wk =   0.0533333
        k(   17) = (   0.1000000  -0.0577351   0.0000000), wk =   0.0266667
        k(   18) = (   0.1000000  -0.0577351   0.0611307), wk =   0.0533333
        k(   19) = (   0.1000000  -0.0577351   0.1222613), wk =   0.0533333
        k(   20) = (   0.1000000  -0.0577351  -0.1833920), wk =   0.0266667
        k(   21) = (   0.3000000   0.5196155   0.0000000), wk =   0.0266667
        k(   22) = (   0.3000000   0.5196155   0.0611307), wk =   0.0533333
        k(   23) = (   0.3000000   0.5196155   0.1222613), wk =   0.0533333
        k(   24) = (   0.3000000   0.5196155  -0.1833920), wk =   0.0266667
        k(   25) = (   0.3000000  -0.4041454   0.0000000), wk =   0.0533333
        k(   26) = (   0.3000000  -0.4041454   0.0611307), wk =   0.1066667
        k(   27) = (   0.3000000  -0.4041454   0.1222613), wk =   0.1066667
        k(   28) = (   0.3000000  -0.4041454  -0.1833920), wk =   0.0533333
        k(   29) = (   0.3000000  -0.1732052   0.0000000), wk =   0.0266667
        k(   30) = (   0.3000000  -0.1732052   0.0611307), wk =   0.0533333
        k(   31) = (   0.3000000  -0.1732052   0.1222613), wk =   0.0533333
        k(   32) = (   0.3000000  -0.1732052  -0.1833920), wk =   0.0266667
        k(   33) = (  -0.5000000  -0.8660258   0.0000000), wk =   0.0133333
        k(   34) = (  -0.5000000  -0.8660258   0.0611307), wk =   0.0266667
        k(   35) = (  -0.5000000  -0.8660258   0.1222613), wk =   0.0266667
        k(   36) = (  -0.5000000  -0.8660258  -0.1833920), wk =   0.0133333

     Dense  grid:     9583 G-vectors     FFT dimensions: (  20,  20,  60)

     Smooth grid:     5211 G-vectors     FFT dimensions: (  18,  18,  45)

     Largest allocated arrays     est. size (Mb)     dimensions
        Kohn-Sham Wavefunctions         0.08 Mb     (     665,    8)
        NL pseudopotentials             0.32 Mb     (     665,   32)
        Each V/rho on FFT grid          0.37 Mb     (   24000)
        Each G-vector array             0.07 Mb     (    9583)
        G-vector shells                 0.01 Mb     (    1383)
     Largest temporary arrays     est. size (Mb)     dimensions
        Auxiliary wavefunctions         0.32 Mb     (     665,   32)
        Each subspace H/S matrix        0.02 Mb     (      32,   32)
        Each <psi_i|beta_j> matrix      0.00 Mb     (      32,    8)
        Arrays for rho mixing           2.93 Mb     (   24000,    8)

     Initial potential from superposition of free atoms

     starting charge   15.99979, renormalised to   16.00000
     Starting wfc are   16 randomized atomic wfcs

     total cpu time spent up to now is        0.6 secs

     Self-consistent Calculation

     iteration #  1     ecut=    30.00 Ry     beta=0.70
     Davidson diagonalization with overlap
     ethr =  1.00E-02,  avg # of iterations =  2.0

     total cpu time spent up to now is        1.4 secs

     total energy              =     -45.52023331 Ry
     Harris-Foulkes estimate   =     -45.75193327 Ry
     estimated scf accuracy    <       0.39829567 Ry

     iteration #  2     ecut=    30.00 Ry     beta=0.70
     Davidson diagonalization with overlap
     ethr =  2.49E-03,  avg # of iterations =  2.0

     total cpu time spent up to now is        2.1 secs

     total energy              =     -45.57735251 Ry
     Harris-Foulkes estimate   =     -45.57735006 Ry
     estimated scf accuracy    <       0.00444647 Ry

     iteration #  3     ecut=    30.00 Ry     beta=0.70
     Davidson diagonalization with overlap
     ethr =  2.78E-05,  avg # of iterations =  2.2

     total cpu time spent up to now is        2.7 secs

     total energy              =     -45.57796026 Ry
     Harris-Foulkes estimate   =     -45.57790404 Ry
     estimated scf accuracy    <       0.00027347 Ry

     iteration #  4     ecut=    30.00 Ry     beta=0.70
     Davidson diagonalization with overlap
     ethr =  1.71E-06,  avg # of iterations =  2.1

     total cpu time spent up to now is        3.3 secs

     End of self-consistent calculation

          k = 0.1000 0.1732 0.0000 (   644 PWs)   bands (ev):

   -11.8939 -11.6033  -0.6135   1.3048   1.7824   1.8190   2.6205   2.6467

          k = 0.1000 0.1732 0.0611 (   640 PWs)   bands (ev):

   -11.8755 -11.6240  -0.5045   1.1483   1.7850   1.8167   2.6220   2.6448

          k = 0.1000 0.1732 0.1223 (   652 PWs)   bands (ev):

   -11.8246 -11.6795  -0.1962   0.7486   1.7920   1.8103   2.6265   2.6396

          k = 0.1000 0.1732-0.1834 (   648 PWs)   bands (ev):

   -11.7532 -11.7532   0.2541   0.2541   1.8013   1.8013   2.6328   2.6328

          k = 0.1000 0.4041 0.0000 (   665 PWs)   bands (ev):

    -9.5542  -9.3064  -2.9489  -2.8145   0.4255   0.4938   2.1565   3.7956

          k = 0.1000 0.4041 0.0611 (   662 PWs)   bands (ev):

    -9.5384  -9.3238  -2.9402  -2.8238   0.4300   0.4892   2.2523   3.6672

          k = 0.1000 0.4041 0.1223 (   661 PWs)   bands (ev):

    -9.4947  -9.3709  -2.9160  -2.8489   0.4423   0.4765   2.5222   3.3338

          k = 0.1000 0.4041-0.1834 (   660 PWs)   bands (ev):

    -9.4336  -9.4336  -2.8827  -2.8827   0.4593   0.4593   2.9125   2.9125

          k = 0.1000-0.5196 0.0000 (   659 PWs)   bands (ev):

    -7.7848  -7.5781  -5.3581  -5.1942  -0.0561   0.0173   4.0159   5.1073

          k = 0.1000-0.5196 0.0611 (   663 PWs)   bands (ev):

    -7.7714  -7.5925  -5.3477  -5.2057  -0.0513   0.0123   4.0902   5.0398

          k = 0.1000-0.5196 0.1223 (   658 PWs)   bands (ev):

    -7.7346  -7.6313  -5.3188  -5.2368  -0.0380  -0.0013   4.2943   4.8474

          k = 0.1000-0.5196-0.1834 (   664 PWs)   bands (ev):

    -7.6834  -7.6834  -5.2784  -5.2784  -0.0198  -0.0198   4.5732   4.5732

          k = 0.1000-0.2887 0.0000 (   653 PWs)   bands (ev):

   -10.9478 -10.6745  -0.4054  -0.3202   0.5245   1.3550   1.4083   2.3510

          k = 0.1000-0.2887 0.0611 (   651 PWs)   bands (ev):

   -10.9305 -10.6939  -0.3998  -0.3260   0.6291   1.3584   1.4046   2.2036

          k = 0.1000-0.2887 0.1223 (   655 PWs)   bands (ev):

   -10.8825 -10.7460  -0.3844  -0.3418   0.9245   1.3679   1.3946   1.8254

          k = 0.1000-0.2887-0.1834 (   652 PWs)   bands (ev):

   -10.8153 -10.8153  -0.3632  -0.3631   1.3545   1.3545   1.3815   1.3815

          k = 0.1000-0.0577 0.0000 (   627 PWs)   bands (ev):

   -12.3711 -12.0718  -1.1928   0.7659   3.1295   3.1685   3.5718   3.6027

          k = 0.1000-0.0577 0.0611 (   631 PWs)   bands (ev):

   -12.3522 -12.0931  -1.0818   0.6055   3.1321   3.1659   3.5739   3.6006

          k = 0.1000-0.0577 0.1223 (   630 PWs)   bands (ev):

   -12.2999 -12.1504  -0.7677   0.1965   3.1392   3.1587   3.5795   3.5950

          k = 0.1000-0.0577-0.1834 (   634 PWs)   bands (ev):

   -12.2264 -12.2264  -0.3085  -0.3085   3.1489   3.1489   3.5873   3.5873

          k = 0.3000 0.5196 0.0000 (   650 PWs)   bands (ev):

    -6.5434  -6.3655  -4.8007  -4.7123  -3.1500  -3.0969   5.5385   6.5762

          k = 0.3000 0.5196 0.0611 (   658 PWs)   bands (ev):

    -6.5318  -6.3777  -4.7945  -4.7180  -3.1476  -3.1015   5.6088   6.5111

          k = 0.3000 0.5196 0.1223 (   660 PWs)   bands (ev):

    -6.4999  -6.4109  -4.7779  -4.7337  -3.1400  -3.1134   5.8020   6.3271

          k = 0.3000 0.5196-0.1834 (   658 PWs)   bands (ev):

    -6.4557  -6.4557  -4.7556  -4.7556  -3.1277  -3.1277   6.0665   6.0665

          k = 0.3000-0.4041 0.0000 (   663 PWs)   bands (ev):

    -8.2078  -7.9862  -3.9002  -3.7710  -1.5124  -1.4215   3.6988   5.1119

          k = 0.3000-0.4041 0.0611 (   661 PWs)   bands (ev):

    -8.1936  -8.0017  -3.8918  -3.7799  -1.5067  -1.4279   3.7844   5.0063

          k = 0.3000-0.4041 0.1223 (   662 PWs)   bands (ev):

    -8.1543  -8.0436  -3.8685  -3.8039  -1.4907  -1.4452   4.0238   4.7272

          k = 0.3000-0.4041-0.1834 (   660 PWs)   bands (ev):

    -8.0996  -8.0996  -3.8363  -3.8363  -1.4683  -1.4683   4.3656   4.3656

          k = 0.3000-0.1732 0.0000 (   655 PWs)   bands (ev):

   -10.4790 -10.2142  -1.7138  -1.5932   1.0769   1.5422   1.5929   2.8451

          k = 0.3000-0.1732 0.0611 (   655 PWs)   bands (ev):

   -10.4622 -10.2329  -1.7059  -1.6015   1.1787   1.5456   1.5895   2.7035

          k = 0.3000-0.1732 0.1223 (   657 PWs)   bands (ev):

   -10.4156 -10.2833  -1.6842  -1.6240   1.4661   1.5548   1.5802   2.3393

          k = 0.3000-0.1732-0.1834 (   654 PWs)   bands (ev):

   -10.3504 -10.3504  -1.6543  -1.6543   1.5675   1.5675   1.8840   1.8840

          k =-0.5000-0.8660 0.0000 (   652 PWs)   bands (ev):

    -7.2325  -7.1196  -6.2105  -6.1257   0.6318   0.6868   4.3136   5.0029

          k =-0.5000-0.8660 0.0611 (   656 PWs)   bands (ev):

    -7.2237  -7.1256  -6.2076  -6.1337   0.6355   0.6831   4.3725   4.9765

          k =-0.5000-0.8660 0.1223 (   660 PWs)   bands (ev):

    -7.2003  -7.1433  -6.1972  -6.1541   0.6455   0.6730   4.5282   4.8854

          k =-0.5000-0.8660-0.1834 (   656 PWs)   bands (ev):

    -7.1704  -7.1704  -6.1782  -6.1782   0.6593   0.6593   4.7226   4.7227

     highest occupied level (ev):     6.5762

!    total energy              =     -45.57799079 Ry
     Harris-Foulkes estimate   =     -45.57798966 Ry
     estimated scf accuracy    <       0.00000160 Ry

     The total energy is the sum of the following terms:

     one-electron contribution =     -11.08974640 Ry
     hartree contribution      =      13.49968132 Ry
     xc contribution           =     -14.07879763 Ry
     ewald contribution        =     -33.90912807 Ry

     convergence has been achieved in   4 iterations

     Writing output data file False_False_automatic_angstrom_crystal.save

     init_run     :      0.53s CPU      0.54s WALL (       1 calls)
     electrons    :      2.74s CPU      2.77s WALL (       1 calls)

     Called by init_run:
     wfcinit      :      0.41s CPU      0.42s WALL (       1 calls)
     potinit      :      0.03s CPU      0.03s WALL (       1 calls)

     Called by electrons:
     c_bands      :      2.19s CPU      2.22s WALL (       4 calls)
     sum_band     :      0.43s CPU      0.43s WALL (       4 calls)
     v_of_rho     :      0.07s CPU      0.07s WALL (       5 calls)
     newd         :      0.07s CPU      0.07s WALL (       5 calls)
     mix_rho      :      0.00s CPU      0.01s WALL (       4 calls)

     Called by c_bands:
     init_us_2    :      0.06s CPU      0.06s WALL (     324 calls)
     cegterg      :      2.09s CPU      2.12s WALL (     144 calls)

     Called by *egterg:
     h_psi        :      2.03s CPU      2.06s WALL (     479 calls)
     s_psi        :      0.13s CPU      0.13s WALL (     479 calls)
     g_psi        :      0.01s CPU      0.01s WALL (     299 calls)
     cdiaghg      :      0.06s CPU      0.06s WALL (     443 calls)

     Called by h_psi:
     add_vuspsi   :      0.13s CPU      0.13s WALL (     479 calls)

     General routines
     calbec       :      0.18s CPU      0.18s WALL (     623 calls)
     fft          :      0.03s CPU      0.03s WALL (      75 calls)
     ffts         :      0.00s CPU      0.00s WALL (       9 calls)
     fftw         :      1.86s CPU      1.88s WALL (    8298 calls)
     interpolate  :      0.01s CPU      0.01s WALL (       9 calls)
     davcio       :      0.00s CPU      0.00s WALL (      36 calls)


     PWSCF        :     3.36s CPU         3.43s WALL


   This run was terminated on:  12: 9:59  29Oct2014            

=------------------------------------------------------------------------------=
   JOB DONE.
=------------------------------------------------------------------------------=
