
     Program PWSCF v.5.1 starts on 29Oct2014 at 12: 5:52 

     This program is part of the open-source Quantum ESPRESSO suite
     for quantum simulation of materials; please cite
         "P. Giannozzi et al., J. Phys.:Condens. Matter 21 395502 (2009);
          URL http://www.quantum-espresso.org", 
     in publications or presentations arising from this work. More details at
     http://www.quantum-espresso.org/quote

     Serial version
     Waiting for input...
     Reading input from standard input
     Message from routine read_cards :
     DEPRECATED: no units specified in CELL_PARAMETERS card

     Current dimensions of program PWSCF are:
     Max number of different atomic species (ntypx) = 10
     Max number of k-points (npk) =  40000
     Max angular momentum in pseudopotentials (lmaxx) =  3
               file C.pbe-rrkjus.UPF: wavefunction(s)  2S 2P renormalized

     gamma-point specific algorithms are used

     G-vector sticks info
     --------------------
     sticks:   dense  smooth     PW     G-vecs:    dense   smooth      PW
     Sum         265     187     43                 9583     5211     641
     Tot         133      94     22



     bravais-lattice index     =            0
     lattice parameter (alat)  =       4.6412  a.u.
     unit-cell volume          =     236.0491 (a.u.)^3
     number of atoms/cell      =            4
     number of atomic types    =            1
     number of electrons       =        16.00
     number of Kohn-Sham states=            8
     kinetic-energy cutoff     =      30.0000  Ry
     charge density cutoff     =     180.0000  Ry
     convergence threshold     =      1.0E-05
     mixing beta               =       0.7000
     number of iterations used =            8  plain     mixing
     Exchange-correlation      =  SLA  PW   PBE  PBE ( 1  4  3  4 0)

     celldm(1)=   4.641170  celldm(2)=   0.000000  celldm(3)=   0.000000
     celldm(4)=   0.000000  celldm(5)=   0.000000  celldm(6)=   0.000000

     crystal axes: (cart. coord. in units of alat)
               a(1) = (   1.000000   0.000000   0.000000 )  
               a(2) = (  -0.500000   0.866025   0.000000 )  
               a(3) = (   0.000000   0.000000   2.726400 )  

     reciprocal axes: (cart. coord. in units 2 pi/alat)
               b(1) = (  1.000000  0.577351 -0.000000 )  
               b(2) = (  0.000000  1.154701  0.000000 )  
               b(3) = (  0.000000 -0.000000  0.366784 )  


     PseudoPot. # 1 for C  read from file:
     /Users/ehontz/bin/espresso/pseudo/C.pbe-rrkjus.UPF
     MD5 check sum: 00fb224312de0c5b6853bd333518df6f
     Pseudo is Ultrasoft, Zval =  4.0
     Generated by new atomic code, or converted to UPF format
     Using radial grid of  627 points,  4 beta functions with: 
                l(1) =   0
                l(2) =   0
                l(3) =   1
                l(4) =   1
     Q(r) pseudized with 0 coefficients 


     atomic species   valence    mass     pseudopotential
        C              4.00    12.00000     C ( 1.00)

     24 Sym. Ops., with inversion, found (12 have fractional translation)



   Cartesian axes

     site n.     atom                  positions (alat units)
         1           C   tau(   1) = (   0.0000000   0.0000000   0.0000000  )
         2           C   tau(   2) = (   0.0000000   0.5773503   0.0000000  )
         3           C   tau(   3) = (   0.0000000   0.0000000   1.3632000  )
         4           C   tau(   4) = (   0.5000000   0.2886751   1.3632000  )

     number of k points=     1
                       cart. coord. in units 2pi/alat
        k(    1) = (   0.0000000   0.0000000   0.0000000), wk =   2.0000000

     Dense  grid:     4792 G-vectors     FFT dimensions: (  20,  20,  60)

     Smooth grid:     2606 G-vectors     FFT dimensions: (  18,  18,  45)

     Largest allocated arrays     est. size (Mb)     dimensions
        Kohn-Sham Wavefunctions         0.04 Mb     (     321,    8)
        NL pseudopotentials             0.16 Mb     (     321,   32)
        Each V/rho on FFT grid          0.37 Mb     (   24000)
        Each G-vector array             0.04 Mb     (    4792)
        G-vector shells                 0.01 Mb     (    1383)
     Largest temporary arrays     est. size (Mb)     dimensions
        Auxiliary wavefunctions         0.08 Mb     (     321,   32)
        Each subspace H/S matrix        0.01 Mb     (      32,   32)
        Each <psi_i|beta_j> matrix      0.00 Mb     (      32,    8)
        Arrays for rho mixing           2.93 Mb     (   24000,    8)

     Initial potential from superposition of free atoms

     starting charge   15.99979, renormalised to   16.00000
     Starting wfc are   16 randomized atomic wfcs

     total cpu time spent up to now is        0.1 secs

     Self-consistent Calculation

     iteration #  1     ecut=    30.00 Ry     beta=0.70
     Davidson diagonalization with overlap
     ethr =  1.00E-02,  avg # of iterations =  2.0

     total cpu time spent up to now is        0.2 secs

     total energy              =     -44.47290141 Ry
     Harris-Foulkes estimate   =     -44.86262917 Ry
     estimated scf accuracy    <       0.75708204 Ry

     iteration #  2     ecut=    30.00 Ry     beta=0.70
     Davidson diagonalization with overlap
     ethr =  4.73E-03,  avg # of iterations =  2.0

     total cpu time spent up to now is        0.2 secs

     total energy              =     -44.55578503 Ry
     Harris-Foulkes estimate   =     -44.55469127 Ry
     estimated scf accuracy    <       0.01842814 Ry

     iteration #  3     ecut=    30.00 Ry     beta=0.70
     Davidson diagonalization with overlap
     ethr =  1.15E-04,  avg # of iterations =  1.0

     total cpu time spent up to now is        0.3 secs

     total energy              =     -44.55677681 Ry
     Harris-Foulkes estimate   =     -44.55647229 Ry
     estimated scf accuracy    <       0.00104839 Ry

     iteration #  4     ecut=    30.00 Ry     beta=0.70
     Davidson diagonalization with overlap
     ethr =  6.55E-06,  avg # of iterations =  1.0

     total cpu time spent up to now is        0.3 secs

     total energy              =     -44.55682054 Ry
     Harris-Foulkes estimate   =     -44.55682268 Ry
     estimated scf accuracy    <       0.00001054 Ry

     iteration #  5     ecut=    30.00 Ry     beta=0.70
     Davidson diagonalization with overlap
     ethr =  6.59E-08,  avg # of iterations =  3.0

     total cpu time spent up to now is        0.3 secs

     End of self-consistent calculation

          k = 0.0000 0.0000 0.0000 (   321 PWs)   bands (ev):

   -12.0781 -11.7416  -1.2624   0.8830   4.8661   4.8662   4.8865   4.8865

     highest occupied level (ev):     4.8865

!    total energy              =     -44.55682335 Ry
     Harris-Foulkes estimate   =     -44.55682326 Ry
     estimated scf accuracy    <       0.00000032 Ry

     The total energy is the sum of the following terms:

     one-electron contribution =     -10.56467614 Ry
     hartree contribution      =      14.28292677 Ry
     xc contribution           =     -14.36594272 Ry
     ewald contribution        =     -33.90913126 Ry

     convergence has been achieved in   5 iterations

     Writing output data file False_True_gamma_unspecified_alat.save

     init_run     :      0.11s CPU      0.11s WALL (       1 calls)
     electrons    :      0.20s CPU      0.20s WALL (       1 calls)

     Called by init_run:
     wfcinit      :      0.01s CPU      0.01s WALL (       1 calls)
     potinit      :      0.03s CPU      0.03s WALL (       1 calls)

     Called by electrons:
     c_bands      :      0.03s CPU      0.04s WALL (       5 calls)
     sum_band     :      0.05s CPU      0.05s WALL (       5 calls)
     v_of_rho     :      0.08s CPU      0.08s WALL (       6 calls)
     newd         :      0.04s CPU      0.04s WALL (       6 calls)
     mix_rho      :      0.01s CPU      0.01s WALL (       5 calls)

     Called by c_bands:
     init_us_2    :      0.00s CPU      0.00s WALL (      11 calls)
     regterg      :      0.03s CPU      0.03s WALL (       5 calls)

     Called by *egterg:
     h_psi        :      0.03s CPU      0.03s WALL (      15 calls)
     s_psi        :      0.00s CPU      0.00s WALL (      15 calls)
     g_psi        :      0.00s CPU      0.00s WALL (       9 calls)
     rdiaghg      :      0.00s CPU      0.00s WALL (      14 calls)

     Called by h_psi:
     add_vuspsi   :      0.00s CPU      0.00s WALL (      15 calls)

     General routines
     calbec       :      0.00s CPU      0.00s WALL (      20 calls)
     fft          :      0.04s CPU      0.04s WALL (      91 calls)
     ffts         :      0.00s CPU      0.00s WALL (      11 calls)
     fftw         :      0.03s CPU      0.03s WALL (     138 calls)
     interpolate  :      0.01s CPU      0.01s WALL (      11 calls)
     davcio       :      0.00s CPU      0.00s WALL (       1 calls)


     PWSCF        :     0.35s CPU         0.36s WALL


   This run was terminated on:  12: 5:52  29Oct2014            

=------------------------------------------------------------------------------=
   JOB DONE.
=------------------------------------------------------------------------------=
