
     Program PWSCF v.5.1 starts on 29Oct2014 at 12: 9:28 

     This program is part of the open-source Quantum ESPRESSO suite
     for quantum simulation of materials; please cite
         "P. Giannozzi et al., J. Phys.:Condens. Matter 21 395502 (2009);
          URL http://www.quantum-espresso.org", 
     in publications or presentations arising from this work. More details at
     http://www.quantum-espresso.org/quote

     Serial version
     Waiting for input...
     Reading input from standard input

     Current dimensions of program PWSCF are:
     Max number of different atomic species (ntypx) = 10
     Max number of k-points (npk) =  40000
     Max angular momentum in pseudopotentials (lmaxx) =  3
               file C.pbe-rrkjus.UPF: wavefunction(s)  2S 2P renormalized

     G-vector sticks info
     --------------------
     sticks:   dense  smooth     PW     G-vecs:    dense   smooth      PW
     Sum         265     187     61                 9583     5211    1045



     bravais-lattice index     =            0
     lattice parameter (alat)  =       4.6412  a.u.
     unit-cell volume          =     236.0492 (a.u.)^3
     number of atoms/cell      =            4
     number of atomic types    =            1
     number of electrons       =        16.00
     number of Kohn-Sham states=            8
     kinetic-energy cutoff     =      30.0000  Ry
     charge density cutoff     =     180.0000  Ry
     convergence threshold     =      1.0E-05
     mixing beta               =       0.7000
     number of iterations used =            8  plain     mixing
     Exchange-correlation      =  SLA  PW   PBE  PBE ( 1  4  3  4 0)

     celldm(1)=   4.641170  celldm(2)=   0.000000  celldm(3)=   0.000000
     celldm(4)=   0.000000  celldm(5)=   0.000000  celldm(6)=   0.000000

     crystal axes: (cart. coord. in units of alat)
               a(1) = (   1.000000   0.000000   0.000000 )  
               a(2) = (  -0.500000   0.866025   0.000000 )  
               a(3) = (   0.000000   0.000000   2.726400 )  

     reciprocal axes: (cart. coord. in units 2 pi/alat)
               b(1) = (  1.000000  0.577351 -0.000000 )  
               b(2) = (  0.000000  1.154701  0.000000 )  
               b(3) = (  0.000000 -0.000000  0.366784 )  


     PseudoPot. # 1 for C  read from file:
     /Users/ehontz/bin/espresso/pseudo/C.pbe-rrkjus.UPF
     MD5 check sum: 00fb224312de0c5b6853bd333518df6f
     Pseudo is Ultrasoft, Zval =  4.0
     Generated by new atomic code, or converted to UPF format
     Using radial grid of  627 points,  4 beta functions with: 
                l(1) =   0
                l(2) =   0
                l(3) =   1
                l(4) =   1
     Q(r) pseudized with 0 coefficients 


     atomic species   valence    mass     pseudopotential
        C              4.00    12.00000     C ( 1.00)

     24 Sym. Ops., with inversion, found (12 have fractional translation)



   Cartesian axes

     site n.     atom                  positions (alat units)
         1           C   tau(   1) = (   0.0000000   0.0000000   0.0000000  )
         2           C   tau(   2) = (   0.0000000   0.5773503   0.0000000  )
         3           C   tau(   3) = (   0.0000000   0.0000000   1.3632000  )
         4           C   tau(   4) = (   0.5000000   0.2886751   1.3632000  )

     number of k points=    15
                       cart. coord. in units 2pi/alat
        k(    1) = (   0.0000000   0.0000000   0.0000000), wk =   0.0454545
        k(    2) = (   0.2500000   0.1443376   0.0000000), wk =   0.0454545
        k(    3) = (   0.5000000   0.2886753   0.0000000), wk =   0.2272727
        k(    4) = (   0.3333333   0.5773505   0.0000000), wk =   0.0909091
        k(    5) = (   0.1666667   0.2886753   0.0000000), wk =   0.0909091
        k(    6) = (   0.0000000   0.0000000   0.0000000), wk =   0.1818182
        k(    7) = (   0.0000000   0.0000000   0.0916960), wk =   0.1818182
        k(    8) = (   0.0000000   0.0000000   0.1833920), wk =   0.0454545
        k(    9) = (   0.5000000   0.2886753   0.1833920), wk =   0.2272727
        k(   10) = (   0.3333333   0.5773505   0.1833920), wk =   0.0909091
        k(   11) = (   0.0000000   0.0000000   0.1833920), wk =   0.1818182
        k(   12) = (   0.5000000   0.2886753   0.1833920), wk =   0.2272727
        k(   13) = (   0.5000000   0.2886753   0.0000000), wk =   0.0909091
        k(   14) = (   0.3333333   0.5773505   0.0000000), wk =   0.1818182
        k(   15) = (   0.3333333   0.5773505   0.1833920), wk =   0.0909091

     Dense  grid:     9583 G-vectors     FFT dimensions: (  20,  20,  60)

     Smooth grid:     5211 G-vectors     FFT dimensions: (  18,  18,  45)

     Largest allocated arrays     est. size (Mb)     dimensions
        Kohn-Sham Wavefunctions         0.08 Mb     (     661,    8)
        NL pseudopotentials             0.32 Mb     (     661,   32)
        Each V/rho on FFT grid          0.37 Mb     (   24000)
        Each G-vector array             0.07 Mb     (    9583)
        G-vector shells                 0.01 Mb     (    1383)
     Largest temporary arrays     est. size (Mb)     dimensions
        Auxiliary wavefunctions         0.32 Mb     (     661,   32)
        Each subspace H/S matrix        0.02 Mb     (      32,   32)
        Each <psi_i|beta_j> matrix      0.00 Mb     (      32,    8)
        Arrays for rho mixing           2.93 Mb     (   24000,    8)

     Initial potential from superposition of free atoms

     starting charge   15.99979, renormalised to   16.00000
     Starting wfc are   16 randomized atomic wfcs

     total cpu time spent up to now is        0.3 secs

     Self-consistent Calculation

     iteration #  1     ecut=    30.00 Ry     beta=0.70
     Davidson diagonalization with overlap
     ethr =  1.00E-02,  avg # of iterations =  2.0

     total cpu time spent up to now is        0.6 secs

     total energy              =     -45.12872701 Ry
     Harris-Foulkes estimate   =     -45.40132118 Ry
     estimated scf accuracy    <       0.47418842 Ry

     iteration #  2     ecut=    30.00 Ry     beta=0.70
     Davidson diagonalization with overlap
     ethr =  2.96E-03,  avg # of iterations =  2.0

     total cpu time spent up to now is        1.0 secs

     total energy              =     -45.19381676 Ry
     Harris-Foulkes estimate   =     -45.19375584 Ry
     estimated scf accuracy    <       0.00603959 Ry

     iteration #  3     ecut=    30.00 Ry     beta=0.70
     Davidson diagonalization with overlap
     ethr =  3.77E-05,  avg # of iterations =  2.2

     total cpu time spent up to now is        1.2 secs

     total energy              =     -45.19442366 Ry
     Harris-Foulkes estimate   =     -45.19435486 Ry
     estimated scf accuracy    <       0.00041443 Ry

     iteration #  4     ecut=    30.00 Ry     beta=0.70
     Davidson diagonalization with overlap
     ethr =  2.59E-06,  avg # of iterations =  1.3

     total cpu time spent up to now is        1.5 secs

     End of self-consistent calculation

          k = 0.0000 0.0000 0.0000 (   641 PWs)   bands (ev):

   -12.4585 -12.1475  -1.3959   0.6242   4.2896   4.2896   4.3085   4.3085

          k = 0.2500 0.1443 0.0000 (   661 PWs)   bands (ev):

   -10.9667 -10.6834  -0.1730  -0.0706   0.4066   2.2310   2.2803   2.2917

          k = 0.5000 0.2887 0.0000 (   652 PWs)   bands (ev):

    -7.0490  -6.9338  -6.0460  -5.9605   0.8419   0.8985   4.4338   5.1372

          k = 0.3333 0.5774 0.0000 (   642 PWs)   bands (ev):

    -5.3941  -5.3013  -5.3013  -5.1969  -3.3598  -3.3598   6.5893   7.2063

          k = 0.1667 0.2887 0.0000 (   658 PWs)   bands (ev):

   -10.4763 -10.2021  -0.4785  -0.4223   0.8436   0.8843   0.9944   2.8292

          k = 0.0000 0.0000 0.0000 (   641 PWs)   bands (ev):

   -12.4585 -12.1475  -1.3959   0.6242   4.2896   4.2896   4.3085   4.3085

          k = 0.0000 0.0000 0.0917 (   622 PWs)   bands (ev):

   -12.4155 -12.1959  -1.1439   0.2686   4.2924   4.2924   4.3059   4.3059

          k = 0.0000 0.0000 0.1834 (   646 PWs)   bands (ev):

   -12.3084 -12.3084  -0.4869  -0.4869   4.2991   4.2991   4.2991   4.2991

          k = 0.5000 0.2887 0.1834 (   656 PWs)   bands (ev):

    -6.9852  -6.9852  -6.0141  -6.0140   0.8702   0.8702   4.8537   4.8537

          k = 0.3333 0.5774 0.1834 (   642 PWs)   bands (ev):

    -5.2988  -5.2988  -5.2976  -5.2976  -3.3651  -3.3651   7.2388   7.2394

          k = 0.0000 0.0000 0.1834 (   646 PWs)   bands (ev):

   -12.3084 -12.3084  -0.4869  -0.4869   4.2991   4.2991   4.2991   4.2991

          k = 0.5000 0.2887 0.1834 (   656 PWs)   bands (ev):

    -6.9852  -6.9852  -6.0141  -6.0140   0.8702   0.8702   4.8537   4.8537

          k = 0.5000 0.2887 0.0000 (   652 PWs)   bands (ev):

    -7.0490  -6.9338  -6.0460  -5.9605   0.8419   0.8985   4.4338   5.1372

          k = 0.3333 0.5774 0.0000 (   642 PWs)   bands (ev):

    -5.3941  -5.3013  -5.3013  -5.1969  -3.3598  -3.3598   6.5893   7.2062

          k = 0.3333 0.5774 0.1834 (   642 PWs)   bands (ev):

    -5.2988  -5.2988  -5.2976  -5.2976  -3.3651  -3.3651   7.2379   7.2403

     highest occupied level (ev):     7.2403

!    total energy              =     -45.19444298 Ry
     Harris-Foulkes estimate   =     -45.19444453 Ry
     estimated scf accuracy    <       0.00000493 Ry

     The total energy is the sum of the following terms:

     one-electron contribution =     -10.85983837 Ry
     hartree contribution      =      13.72406725 Ry
     xc contribution           =     -14.14954378 Ry
     ewald contribution        =     -33.90912807 Ry

     convergence has been achieved in   4 iterations

     Writing output data file False_False_tpiba_angstrom_alat.save

     init_run     :      0.28s CPU      0.28s WALL (       1 calls)
     electrons    :      1.16s CPU      1.17s WALL (       1 calls)

     Called by init_run:
     wfcinit      :      0.16s CPU      0.17s WALL (       1 calls)
     potinit      :      0.03s CPU      0.03s WALL (       1 calls)

     Called by electrons:
     c_bands      :      0.84s CPU      0.84s WALL (       4 calls)
     sum_band     :      0.21s CPU      0.21s WALL (       4 calls)
     v_of_rho     :      0.06s CPU      0.07s WALL (       5 calls)
     newd         :      0.07s CPU      0.07s WALL (       5 calls)
     mix_rho      :      0.00s CPU      0.01s WALL (       4 calls)

     Called by c_bands:
     init_us_2    :      0.02s CPU      0.02s WALL (     135 calls)
     cegterg      :      0.79s CPU      0.80s WALL (      60 calls)

     Called by *egterg:
     h_psi        :      0.78s CPU      0.78s WALL (     187 calls)
     s_psi        :      0.05s CPU      0.05s WALL (     187 calls)
     g_psi        :      0.00s CPU      0.00s WALL (     112 calls)
     cdiaghg      :      0.02s CPU      0.02s WALL (     172 calls)

     Called by h_psi:
     add_vuspsi   :      0.05s CPU      0.05s WALL (     187 calls)

     General routines
     calbec       :      0.07s CPU      0.07s WALL (     247 calls)
     fft          :      0.03s CPU      0.03s WALL (      75 calls)
     ffts         :      0.00s CPU      0.00s WALL (       9 calls)
     fftw         :      0.71s CPU      0.71s WALL (    3396 calls)
     interpolate  :      0.01s CPU      0.01s WALL (       9 calls)
     davcio       :      0.00s CPU      0.00s WALL (      15 calls)


     PWSCF        :     1.50s CPU         1.53s WALL


   This run was terminated on:  12: 9:30  29Oct2014            

=------------------------------------------------------------------------------=
   JOB DONE.
=------------------------------------------------------------------------------=
