
     Program PHONON v.7.0 starts on 11Aug2022 at  1: 5:24 

     This program is part of the open-source Quantum ESPRESSO suite
     for quantum simulation of materials; please cite
         "P. Giannozzi et al., J. Phys.:Condens. Matter 21 395502 (2009);
         "P. Giannozzi et al., J. Phys.:Condens. Matter 29 465901 (2017);
         "P. Giannozzi et al., J. Chem. Phys. 152 154105 (2020);
          URL http://www.quantum-espresso.org", 
     in publications or presentations arising from this work. More details at
     http://www.quantum-espresso.org/quote

     Parallel version (MPI), running on     1 processors

     MPI processes distributed on     1 nodes
     10899 MiB available memory on the printing compute node when the environment starts

     Reading input from aiida.in
      Title line not specified: using 'default'.
     Run is not recoverable starting from scratch

     Reading xml data from directory:

     ./out/aiida.save/
     file Pb.pbe-dn-kjpaw_psl.0.2.2.UPF: wavefunction(s)  6S renormalized

     IMPORTANT: XC functional enforced from input :
     Exchange-correlation= PBE
                           (   1   4   3   4   0   0   0)
     Any further DFT definition will be discarded
     Please, verify this is what you really want


     G-vector sticks info
     --------------------
     sticks:   dense  smooth     PW     G-vecs:    dense   smooth      PW
     Sum        1003     499    151                20875     7391    1243

     Using Slab Decomposition

     Reading collected, re-writing distributed wavefunctions


     Dynamical matrices for ( 2, 2, 2)  uniform grid of q-points
     (   4 q-points):
       N         xq(1)         xq(2)         xq(3) 
       1   0.000000000   0.000000000   0.000000000
       2   0.000000000   0.000000000  -0.612372436
       3   0.000000000  -0.577350269   0.204124145
       4   0.000000000  -0.577350269  -0.408248290
  autoval = -.4291E+01
     Irreps are as follows:

                     mode #   1
                     (  -0.00000  -0.00000   ) 
                     (  -0.00000  -0.00000   ) 
                     (  -1.00000  -0.00000   ) 
  autoval = 0.4156E+01
     Irreps are as follows:

                     mode #   2
                     (  -1.00000  -0.00000   ) 
                     (   0.00001  -0.00000   ) 
                     (   0.00000  -0.00000   ) 
  autoval = 0.4156E+01
     Irreps are as follows:

                     mode #   3
                     (  -0.00001  -0.00000   ) 
                     (  -1.00000  -0.00000   ) 
                     (   0.00000  -0.00000   ) 
  autoval = -.4291E+01
     Irreps are as follows:

                     mode #   1
                     (  -0.00000  -0.00000   ) 
                     (  -0.00000  -0.00000   ) 
                     (  -1.00000  -0.00000   ) 
  autoval = 0.4156E+01
     Irreps are as follows:

                     mode #   2
                     (  -1.00000  -0.00000   ) 
                     (   0.00001  -0.00000   ) 
                     (   0.00000  -0.00000   ) 
  autoval = 0.4156E+01
     Irreps are as follows:

                     mode #   3
                     (  -0.00001  -0.00000   ) 
                     (  -1.00000  -0.00000   ) 
                     (   0.00000  -0.00000   ) 
  autoval = -.4537E+01
     Irreps are as follows:

                     mode #   1
                     (  -0.00000  -0.00000   ) 
                     (  -0.15796  -0.00000   ) 
                     (  -0.98745  -0.00000   ) 
  autoval = 0.3260E+01
     Irreps are as follows:

                     mode #   2
                     (  -1.00000  -0.00000   ) 
                     (  -0.00000  -0.00000   ) 
                     (  -0.00000  -0.00000   ) 
  autoval = 0.5299E+01
     Irreps are as follows:

                     mode #   3
                     (  -0.00000   0.00000   ) 
                     (  -0.98745  -0.00000   ) 
                     (   0.15796   0.00000   ) 
  autoval = -.4537E+01
     Irreps are as follows:

                     mode #   1
                     (  -0.00000  -0.00000   ) 
                     (  -0.15796  -0.00000   ) 
                     (  -0.98745  -0.00000   ) 
  autoval = 0.3260E+01
     Irreps are as follows:

                     mode #   2
                     (  -1.00000  -0.00000   ) 
                     (  -0.00000  -0.00000   ) 
                     (  -0.00000  -0.00000   ) 
  autoval = 0.5299E+01
     Irreps are as follows:

                     mode #   3
                     (  -0.00000   0.00000   ) 
                     (  -0.98745  -0.00000   ) 
                     (   0.15796   0.00000   ) 

     Calculation of q =    0.0000000   0.0000000   0.0000000

     default                                                                    

     bravais-lattice index     =            0
     lattice parameter (alat)  =       6.7487  a.u.
     unit-cell volume          =     217.3444 (a.u.)^3
     number of atoms/cell      =            1
     number of atomic types    =            1
     kinetic-energy cut-off    =      40.0000  Ry
     charge density cut-off    =     320.0000  Ry
     convergence threshold     =      1.0E-16
     beta                      =       0.7000
     number of iterations used =            4
     Exchange-correlation= PBE
                           (   1   4   3   4   0   0   0)


     celldm(1)=    6.74872  celldm(2)=    0.00000  celldm(3)=    0.00000
     celldm(4)=    0.00000  celldm(5)=    0.00000  celldm(6)=    0.00000

     crystal axes: (cart. coord. in units of alat)
               a(1) = (  1.0000  0.0000  0.0000 )  
               a(2) = (  0.5000  0.8660  0.0000 )  
               a(3) = (  0.5000  0.2887  0.8165 )  

     reciprocal axes: (cart. coord. in units 2 pi/alat)
               b(1) = (  1.0000 -0.5774 -0.4082 )  
               b(2) = (  0.0000  1.1547 -0.4082 )  
               b(3) = (  0.0000  0.0000  1.2247 )  


     Atoms inside the unit cell: 

     Cartesian axes

     site n.  atom      mass           positions (alat units)
        1     Pb 207.2000   tau(    1) = (    0.00000    0.00000    0.00000  )

     Computing dynamical matrix for 
                    q = (   0.0000000   0.0000000   0.0000000 )

--- SYMMETRIES REMOVED ---

--- K-POINTS REMOVED ---

     PseudoPot. # 1 for Pb read from file:
     ./pseudo/Pb.pbe-dn-kjpaw_psl.0.2.2.UPF
     MD5 check sum: 9d431e6316058b74ade52399a6cf67da
     Pseudo is Projector augmented-wave + core cor, Zval = 14.0
     Generated using "atomic" code by A. Dal Corso  v.5.0.99 svn rev. 10869
     Shape of augmentation charge: PSQ
     Using radial grid of 1281 points,  6 beta functions with: 
                l(1) =   0
                l(2) =   0
                l(3) =   1
                l(4) =   1
                l(5) =   2
                l(6) =   2
     Q(r) pseudized with 0 coefficients 


     point group D_3d (-3m) 
     there are  6 classes
     the character table:

       E     2C3   3C2'  i     2S6   3s_d 
A_1g   1.00  1.00  1.00  1.00  1.00  1.00
A_2g   1.00  1.00 -1.00  1.00  1.00 -1.00
E_g    2.00 -1.00  0.00  2.00 -1.00  0.00
A_1u   1.00  1.00  1.00 -1.00 -1.00 -1.00
A_2u   1.00  1.00 -1.00 -1.00 -1.00  1.00
E_u    2.00 -1.00  0.00 -2.00  1.00  0.00

     the symmetry operations in each class and the name of the first element:

     E        1
                                                                 
     2C3      7    8
                                                                 
     3C2'     2    6    5
                                                                 
     i        3
                                                                 
     2S6      9   10
                                                                 
     3s_d     4   12   11
                                                                 


     Atomic displacements:
     There are    2 irreducible representations

     Representation     1      1 modes -  To be done
     Irreps are as follows:

                     mode #   1
                     (  -0.00000  -0.00000   ) 
                     (  -0.00000  -0.00000   ) 
                     (  -1.00000  -0.00000   ) 

     Representation     2      2 modes -  To be done
     Irreps are as follows:

           mode #   2                           mode #   3
           (  -1.00000  -0.00000   )            (  -0.00001  -0.00000   ) 
           (   0.00001  -0.00000   )            (  -1.00000  -0.00000   ) 
           (   0.00000  -0.00000   )            (   0.00000  -0.00000   ) 



     Alpha used in Ewald sum =   2.8000
     PHONON       :      2.20s CPU      2.28s WALL



     Representation #   1 mode #   1

     Self-consistent Calculation

     Pert. #  1: Fermi energy shift (Ry) =     0.0000E+00     0.0000E+00

      iter #   1 total cpu time :     3.3 secs   av.it.:   6.0
      thresh= 1.000E-02 alpha_mix =  0.700 |ddv_scf|^2 =  1.456E-05

     Pert. #  1: Fermi energy shift (Ry) =     0.0000E+00     0.0000E+00

      iter #   2 total cpu time :     4.3 secs   av.it.:   9.2
      thresh= 3.815E-04 alpha_mix =  0.700 |ddv_scf|^2 =  6.167E-07

     Pert. #  1: Fermi energy shift (Ry) =     0.0000E+00     0.0000E+00

      iter #   3 total cpu time :     5.3 secs   av.it.:   8.8
      thresh= 7.853E-05 alpha_mix =  0.700 |ddv_scf|^2 =  1.046E-09

     Pert. #  1: Fermi energy shift (Ry) =     0.0000E+00     0.0000E+00

      iter #   4 total cpu time :     6.3 secs   av.it.:   8.8
      thresh= 3.234E-06 alpha_mix =  0.700 |ddv_scf|^2 =  1.239E-11

     Pert. #  1: Fermi energy shift (Ry) =     0.0000E+00     0.0000E+00

      iter #   5 total cpu time :     7.3 secs   av.it.:   8.0
      thresh= 3.521E-07 alpha_mix =  0.700 |ddv_scf|^2 =  1.870E-13

     Pert. #  1: Fermi energy shift (Ry) =     0.0000E+00     0.0000E+00

      iter #   6 total cpu time :     8.3 secs   av.it.:   8.8
      thresh= 4.324E-08 alpha_mix =  0.700 |ddv_scf|^2 =  3.579E-15

     Pert. #  1: Fermi energy shift (Ry) =     0.0000E+00     0.0000E+00

      iter #   7 total cpu time :     9.4 secs   av.it.:   8.0
      thresh= 5.983E-09 alpha_mix =  0.700 |ddv_scf|^2 =  4.510E-18

     End of self-consistent calculation

     Convergence has been achieved 


     Representation #   2 modes #   2   3

     Self-consistent Calculation

     Pert. #  1: Fermi energy shift (Ry) =     2.2058E-24     0.0000E+00
     Pert. #  2: Fermi energy shift (Ry) =     1.1029E-24     0.0000E+00

      iter #   1 total cpu time :    11.3 secs   av.it.:   5.9
      thresh= 1.000E-02 alpha_mix =  0.700 |ddv_scf|^2 =  3.638E-06

     Pert. #  1: Fermi energy shift (Ry) =    -8.8233E-24     0.0000E+00
     Pert. #  2: Fermi energy shift (Ry) =    -4.4116E-24     0.0000E+00

      iter #   2 total cpu time :    13.3 secs   av.it.:   9.5
      thresh= 1.907E-04 alpha_mix =  0.700 |ddv_scf|^2 =  1.540E-07

     Pert. #  1: Fermi energy shift (Ry) =    -5.5145E-25     0.0000E+00
     Pert. #  2: Fermi energy shift (Ry) =     1.1029E-24     0.0000E+00

      iter #   3 total cpu time :    15.2 secs   av.it.:   8.9
      thresh= 3.924E-05 alpha_mix =  0.700 |ddv_scf|^2 =  2.614E-10

     Pert. #  1: Fermi energy shift (Ry) =    -2.7573E-25     0.0000E+00
     Pert. #  2: Fermi energy shift (Ry) =     2.0680E-25     0.0000E+00

      iter #   4 total cpu time :    17.2 secs   av.it.:   9.8
      thresh= 1.617E-06 alpha_mix =  0.700 |ddv_scf|^2 =  3.117E-12

     Pert. #  1: Fermi energy shift (Ry) =     1.3786E-25     0.0000E+00
     Pert. #  2: Fermi energy shift (Ry) =    -6.8932E-26     0.0000E+00

      iter #   5 total cpu time :    19.1 secs   av.it.:   8.9
      thresh= 1.766E-07 alpha_mix =  0.700 |ddv_scf|^2 =  4.821E-14

     Pert. #  1: Fermi energy shift (Ry) =    -6.8932E-26     0.0000E+00
     Pert. #  2: Fermi energy shift (Ry) =     6.8932E-26     0.0000E+00

      iter #   6 total cpu time :    21.0 secs   av.it.:   9.4
      thresh= 2.196E-08 alpha_mix =  0.700 |ddv_scf|^2 =  8.951E-16

     Pert. #  1: Fermi energy shift (Ry) =    -6.8932E-26     0.0000E+00
     Pert. #  2: Fermi energy shift (Ry) =    -2.4126E-25     0.0000E+00

      iter #   7 total cpu time :    23.0 secs   av.it.:   9.0
      thresh= 2.992E-09 alpha_mix =  0.700 |ddv_scf|^2 =  1.079E-18

     End of self-consistent calculation

     Convergence has been achieved 

     Number of q in the star =    1
     List of q in the star:
          1   0.000000000   0.000000000   0.000000000

     Diagonalizing the dynamical matrix

     q = (    0.000000000   0.000000000   0.000000000 ) 

 **************************************************************************
     freq (    1) =      -0.096110 [THz] =      -3.205876 [cm-1]
     freq (    2) =      -0.095756 [THz] =      -3.194079 [cm-1]
     freq (    3) =      -0.095756 [THz] =      -3.194079 [cm-1]
 **************************************************************************

     Mode symmetry, D_3d (-3m)  point group:

     freq (   1-   1) =         -3.2  [cm-1]   --> A_2u L_2'       I  
     freq (   2-   3) =         -3.2  [cm-1]   --> E_u  L_3'       I  

     Calculation of q =    0.0000000   0.0000000  -0.6123724

     Subspace diagonalization in iterative solution of the eigenvalue problem:
     a serial algorithm will be used


     G-vector sticks info
     --------------------
     sticks:   dense  smooth     PW     G-vecs:    dense   smooth      PW
     Sum        1003     499    169                20875     7391    1471

     Using Slab Decomposition


     Title: 
     default                                                                    


     bravais-lattice index     =            0
     lattice parameter (alat)  =       6.7487  a.u.
     unit-cell volume          =     217.3444 (a.u.)^3
     number of atoms/cell      =            1
     number of atomic types    =            1
     number of electrons       =        14.00
     number of Kohn-Sham states=           11
     kinetic-energy cutoff     =      40.0000  Ry
     charge density cutoff     =     320.0000  Ry
     Exchange-correlation= PBE
                           (   1   4   3   4   0   0   0)

     celldm(1)=   6.748716  celldm(2)=   0.000000  celldm(3)=   0.000000
     celldm(4)=   0.000000  celldm(5)=   0.000000  celldm(6)=   0.000000

     crystal axes: (cart. coord. in units of alat)
               a(1) = (   1.000000   0.000000   0.000000 )  
               a(2) = (   0.500000   0.866025   0.000000 )  
               a(3) = (   0.500000   0.288675   0.816497 )  

     reciprocal axes: (cart. coord. in units 2 pi/alat)
               b(1) = (  1.000000 -0.577350 -0.408248 )  
               b(2) = (  0.000000  1.154701 -0.408248 )  
               b(3) = (  0.000000  0.000000  1.224745 )  


     PseudoPot. # 1 for Pb read from file:
     ./pseudo/Pb.pbe-dn-kjpaw_psl.0.2.2.UPF
     MD5 check sum: 9d431e6316058b74ade52399a6cf67da
     Pseudo is Projector augmented-wave + core cor, Zval = 14.0
     Generated using "atomic" code by A. Dal Corso  v.5.0.99 svn rev. 10869
     Shape of augmentation charge: PSQ
     Using radial grid of 1281 points,  6 beta functions with: 
                l(1) =   0
                l(2) =   0
                l(3) =   1
                l(4) =   1
                l(5) =   2
                l(6) =   2
     Q(r) pseudized with 0 coefficients 


     atomic species   valence    mass     pseudopotential
        Pb            14.00   207.20000     Pb( 1.00)

--- SYMMETRIES REMOVED ---

--- K-POINTS REMOVED ---

--- MEMORY INFO REMOVED ---

     The potential is recalculated from file :
     ./out/_ph0/aiida.save/charge-density

     Starting wfcs are    9 atomic +    2 random wfcs
     Checking if some PAW data can be deallocated... 

     Band Structure Calculation
     Davidson diagonalization with overlap

     Computing kpt #:     1
     total cpu time spent up to now is        0.6 secs

     Computing kpt #:     2
     total cpu time spent up to now is        0.7 secs

     Computing kpt #:     3
     total cpu time spent up to now is        0.7 secs

     Computing kpt #:     4
     total cpu time spent up to now is        0.8 secs

     Computing kpt #:     5
     total cpu time spent up to now is        0.8 secs

     Computing kpt #:     6
     total cpu time spent up to now is        0.9 secs

     Computing kpt #:     7
     total cpu time spent up to now is        0.9 secs

     Computing kpt #:     8
     total cpu time spent up to now is        0.9 secs

     ethr =  7.14E-11,  avg # of iterations = 28.2

     total cpu time spent up to now is        0.9 secs

     End of band structure calculation

--- OCCUPATIONS REMOVED ---

     the Fermi energy is    12.3132 ev

     Writing config to output data dir ./out/_ph0/aiida.save/

     default                                                                    

     bravais-lattice index     =            0
     lattice parameter (alat)  =       6.7487  a.u.
     unit-cell volume          =     217.3444 (a.u.)^3
     number of atoms/cell      =            1
     number of atomic types    =            1
     kinetic-energy cut-off    =      40.0000  Ry
     charge density cut-off    =     320.0000  Ry
     convergence threshold     =      1.0E-16
     beta                      =       0.7000
     number of iterations used =            4
     Exchange-correlation= PBE
                           (   1   4   3   4   0   0   0)


     celldm(1)=    6.74872  celldm(2)=    0.00000  celldm(3)=    0.00000
     celldm(4)=    0.00000  celldm(5)=    0.00000  celldm(6)=    0.00000

     crystal axes: (cart. coord. in units of alat)
               a(1) = (  1.0000  0.0000  0.0000 )  
               a(2) = (  0.5000  0.8660  0.0000 )  
               a(3) = (  0.5000  0.2887  0.8165 )  

     reciprocal axes: (cart. coord. in units 2 pi/alat)
               b(1) = (  1.0000 -0.5774 -0.4082 )  
               b(2) = (  0.0000  1.1547 -0.4082 )  
               b(3) = (  0.0000  0.0000  1.2247 )  


     Atoms inside the unit cell: 

     Cartesian axes

     site n.  atom      mass           positions (alat units)
        1     Pb 207.2000   tau(    1) = (    0.00000    0.00000    0.00000  )

     Computing dynamical matrix for 
                    q = (   0.0000000   0.0000000  -0.6123724 )

--- SYMMETRIES REMOVED ---

--- K-POINTS REMOVED ---

     PseudoPot. # 1 for Pb read from file:
     ./pseudo/Pb.pbe-dn-kjpaw_psl.0.2.2.UPF
     MD5 check sum: 9d431e6316058b74ade52399a6cf67da
     Pseudo is Projector augmented-wave + core cor, Zval = 14.0
     Generated using "atomic" code by A. Dal Corso  v.5.0.99 svn rev. 10869
     Shape of augmentation charge: PSQ
     Using radial grid of 1281 points,  6 beta functions with: 
                l(1) =   0
                l(2) =   0
                l(3) =   1
                l(4) =   1
                l(5) =   2
                l(6) =   2
     Q(r) pseudized with 0 coefficients 


     point group D_3d (-3m) 
     there are  6 classes
     the character table:

       E     2C3   3C2'  i     2S6   3s_d 
A_1g   1.00  1.00  1.00  1.00  1.00  1.00
A_2g   1.00  1.00 -1.00  1.00  1.00 -1.00
E_g    2.00 -1.00  0.00  2.00 -1.00  0.00
A_1u   1.00  1.00  1.00 -1.00 -1.00 -1.00
A_2u   1.00  1.00 -1.00 -1.00 -1.00  1.00
E_u    2.00 -1.00  0.00 -2.00  1.00  0.00

     the symmetry operations in each class and the name of the first element:

     E        1
                                                                 
     2C3      7    8
                                                                 
     3C2'     2    6    5
                                                                 
     i        3
                                                                 
     2S6      9   10
                                                                 
     3s_d     4   12   11
                                                                 


     Atomic displacements:
     There are    2 irreducible representations

     Representation     1      1 modes -  To be done
     Irreps are as follows:

                     mode #   1
                     (  -0.00000  -0.00000   ) 
                     (  -0.00000  -0.00000   ) 
                     (  -1.00000  -0.00000   ) 

     Representation     2      2 modes -  To be done
     Irreps are as follows:

           mode #   2                           mode #   3
           (  -1.00000  -0.00000   )            (  -0.00001  -0.00000   ) 
           (   0.00001  -0.00000   )            (  -1.00000  -0.00000   ) 
           (   0.00000  -0.00000   )            (   0.00000  -0.00000   ) 



     Alpha used in Ewald sum =   2.8000
     PHONON       :     25.25s CPU     25.66s WALL



     Representation #   1 mode #   1

     Self-consistent Calculation

      iter #   1 total cpu time :    26.7 secs   av.it.:   7.0
      thresh= 1.000E-02 alpha_mix =  0.700 |ddv_scf|^2 =  3.735E-04

      iter #   2 total cpu time :    27.8 secs   av.it.:   8.5
      thresh= 1.933E-03 alpha_mix =  0.700 |ddv_scf|^2 =  5.010E-04

      iter #   3 total cpu time :    28.9 secs   av.it.:   7.8
      thresh= 2.238E-03 alpha_mix =  0.700 |ddv_scf|^2 =  1.402E-07

      iter #   4 total cpu time :    29.9 secs   av.it.:   7.8
      thresh= 3.745E-05 alpha_mix =  0.700 |ddv_scf|^2 =  1.382E-09

      iter #   5 total cpu time :    31.0 secs   av.it.:   8.2
      thresh= 3.718E-06 alpha_mix =  0.700 |ddv_scf|^2 =  8.105E-12

      iter #   6 total cpu time :    32.1 secs   av.it.:   8.8
      thresh= 2.847E-07 alpha_mix =  0.700 |ddv_scf|^2 =  8.733E-14

      iter #   7 total cpu time :    33.2 secs   av.it.:  10.0
      thresh= 2.955E-08 alpha_mix =  0.700 |ddv_scf|^2 =  7.488E-16

      iter #   8 total cpu time :    34.2 secs   av.it.:  10.2
      thresh= 2.736E-09 alpha_mix =  0.700 |ddv_scf|^2 =  1.285E-16

      iter #   9 total cpu time :    35.3 secs   av.it.:   8.0
      thresh= 1.133E-09 alpha_mix =  0.700 |ddv_scf|^2 =  2.485E-18

     End of self-consistent calculation

     Convergence has been achieved 


     Representation #   2 modes #   2   3

     Self-consistent Calculation

      iter #   1 total cpu time :    37.4 secs   av.it.:   6.2
      thresh= 1.000E-02 alpha_mix =  0.700 |ddv_scf|^2 =  4.286E-06

      iter #   2 total cpu time :    39.4 secs   av.it.:   9.4
      thresh= 2.070E-04 alpha_mix =  0.700 |ddv_scf|^2 =  2.266E-07

      iter #   3 total cpu time :    41.5 secs   av.it.:   9.2
      thresh= 4.761E-05 alpha_mix =  0.700 |ddv_scf|^2 =  3.918E-10

      iter #   4 total cpu time :    43.5 secs   av.it.:   9.6
      thresh= 1.979E-06 alpha_mix =  0.700 |ddv_scf|^2 =  3.164E-12

      iter #   5 total cpu time :    45.6 secs   av.it.:   9.4
      thresh= 1.779E-07 alpha_mix =  0.700 |ddv_scf|^2 =  7.134E-14

      iter #   6 total cpu time :    47.7 secs   av.it.:  10.6
      thresh= 2.671E-08 alpha_mix =  0.700 |ddv_scf|^2 =  1.039E-15

      iter #   7 total cpu time :    49.7 secs   av.it.:  10.0
      thresh= 3.224E-09 alpha_mix =  0.700 |ddv_scf|^2 =  1.423E-18

     End of self-consistent calculation

     Convergence has been achieved 

     Number of q in the star =    1
     List of q in the star:
          1   0.000000000   0.000000000  -0.612372436

     Diagonalizing the dynamical matrix

     q = (    0.000000000   0.000000000  -0.612372436 ) 

 **************************************************************************
     freq (    1) =       1.974516 [THz] =      65.862765 [cm-1]
     freq (    2) =       1.974516 [THz] =      65.862765 [cm-1]
     freq (    3) =       3.362053 [THz] =     112.146012 [cm-1]
 **************************************************************************

     Mode symmetry, D_3d (-3m)  point group:

     freq (   1-   2) =         65.9  [cm-1]   --> E_u  L_3'          
     freq (   3-   3) =        112.1  [cm-1]   --> A_2u L_2'          

     Calculation of q =    0.0000000  -0.5773503   0.2041241

     G-vector sticks info
     --------------------
     sticks:   dense  smooth     PW     G-vecs:    dense   smooth      PW
     Sum        1003     499    169                20875     7391    1471

     Using Slab Decomposition


     Title: 
     default                                                                    


     bravais-lattice index     =            0
     lattice parameter (alat)  =       6.7487  a.u.
     unit-cell volume          =     217.3444 (a.u.)^3
     number of atoms/cell      =            1
     number of atomic types    =            1
     number of electrons       =        14.00
     number of Kohn-Sham states=           11
     kinetic-energy cutoff     =      40.0000  Ry
     charge density cutoff     =     320.0000  Ry
     Exchange-correlation= PBE
                           (   1   4   3   4   0   0   0)

     celldm(1)=   6.748716  celldm(2)=   0.000000  celldm(3)=   0.000000
     celldm(4)=   0.000000  celldm(5)=   0.000000  celldm(6)=   0.000000

     crystal axes: (cart. coord. in units of alat)
               a(1) = (   1.000000   0.000000   0.000000 )  
               a(2) = (   0.500000   0.866025   0.000000 )  
               a(3) = (   0.500000   0.288675   0.816497 )  

     reciprocal axes: (cart. coord. in units 2 pi/alat)
               b(1) = (  1.000000 -0.577350 -0.408248 )  
               b(2) = (  0.000000  1.154701 -0.408248 )  
               b(3) = (  0.000000  0.000000  1.224745 )  


     PseudoPot. # 1 for Pb read from file:
     ./pseudo/Pb.pbe-dn-kjpaw_psl.0.2.2.UPF
     MD5 check sum: 9d431e6316058b74ade52399a6cf67da
     Pseudo is Projector augmented-wave + core cor, Zval = 14.0
     Generated using "atomic" code by A. Dal Corso  v.5.0.99 svn rev. 10869
     Shape of augmentation charge: PSQ
     Using radial grid of 1281 points,  6 beta functions with: 
                l(1) =   0
                l(2) =   0
                l(3) =   1
                l(4) =   1
                l(5) =   2
                l(6) =   2
     Q(r) pseudized with 0 coefficients 


     atomic species   valence    mass     pseudopotential
        Pb            14.00   207.20000     Pb( 1.00)

--- SYMMETRIES REMOVED ---

--- K-POINTS REMOVED ---

--- MEMORY INFO REMOVED ---

     The potential is recalculated from file :
     ./out/_ph0/aiida.save/charge-density

     Starting wfcs are    9 atomic +    2 random wfcs
     Checking if some PAW data can be deallocated... 

     Band Structure Calculation
     Davidson diagonalization with overlap

     Computing kpt #:     1
     total cpu time spent up to now is        1.6 secs

     Computing kpt #:     2
     total cpu time spent up to now is        1.6 secs

     Computing kpt #:     3
     total cpu time spent up to now is        1.7 secs

     Computing kpt #:     4
     total cpu time spent up to now is        1.7 secs

     Computing kpt #:     5
     total cpu time spent up to now is        1.8 secs

     Computing kpt #:     6
     total cpu time spent up to now is        1.8 secs

     Computing kpt #:     7
     total cpu time spent up to now is        1.8 secs

     Computing kpt #:     8
     total cpu time spent up to now is        1.9 secs

     Computing kpt #:     9
     total cpu time spent up to now is        1.9 secs

     Computing kpt #:    10
     total cpu time spent up to now is        2.0 secs

     Computing kpt #:    11
     total cpu time spent up to now is        2.0 secs

     Computing kpt #:    12
     total cpu time spent up to now is        2.1 secs

     ethr =  7.14E-11,  avg # of iterations = 27.2

     total cpu time spent up to now is        2.1 secs

     End of band structure calculation

--- OCCUPATIONS REMOVED ---

     the Fermi energy is    12.3132 ev

     Writing config to output data dir ./out/_ph0/aiida.save/

     default                                                                    

     bravais-lattice index     =            0
     lattice parameter (alat)  =       6.7487  a.u.
     unit-cell volume          =     217.3444 (a.u.)^3
     number of atoms/cell      =            1
     number of atomic types    =            1
     kinetic-energy cut-off    =      40.0000  Ry
     charge density cut-off    =     320.0000  Ry
     convergence threshold     =      1.0E-16
     beta                      =       0.7000
     number of iterations used =            4
     Exchange-correlation= PBE
                           (   1   4   3   4   0   0   0)


     celldm(1)=    6.74872  celldm(2)=    0.00000  celldm(3)=    0.00000
     celldm(4)=    0.00000  celldm(5)=    0.00000  celldm(6)=    0.00000

     crystal axes: (cart. coord. in units of alat)
               a(1) = (  1.0000  0.0000  0.0000 )  
               a(2) = (  0.5000  0.8660  0.0000 )  
               a(3) = (  0.5000  0.2887  0.8165 )  

     reciprocal axes: (cart. coord. in units 2 pi/alat)
               b(1) = (  1.0000 -0.5774 -0.4082 )  
               b(2) = (  0.0000  1.1547 -0.4082 )  
               b(3) = (  0.0000  0.0000  1.2247 )  


     Atoms inside the unit cell: 

     Cartesian axes

     site n.  atom      mass           positions (alat units)
        1     Pb 207.2000   tau(    1) = (    0.00000    0.00000    0.00000  )

     Computing dynamical matrix for 
                    q = (   0.0000000  -0.5773503   0.2041241 )

--- SYMMETRIES REMOVED ---

--- K-POINTS REMOVED ---

     PseudoPot. # 1 for Pb read from file:
     ./pseudo/Pb.pbe-dn-kjpaw_psl.0.2.2.UPF
     MD5 check sum: 9d431e6316058b74ade52399a6cf67da
     Pseudo is Projector augmented-wave + core cor, Zval = 14.0
     Generated using "atomic" code by A. Dal Corso  v.5.0.99 svn rev. 10869
     Shape of augmentation charge: PSQ
     Using radial grid of 1281 points,  6 beta functions with: 
                l(1) =   0
                l(2) =   0
                l(3) =   1
                l(4) =   1
                l(5) =   2
                l(6) =   2
     Q(r) pseudized with 0 coefficients 


     point group C_2h (2/m) 
     there are  4 classes
     the character table:

       E     C2    i     s_h  
A_g    1.00  1.00  1.00  1.00
B_g    1.00 -1.00  1.00 -1.00
A_u    1.00  1.00 -1.00 -1.00
B_u    1.00 -1.00 -1.00  1.00

     the symmetry operations in each class and the name of the first element:

     E        1
                                                                 
     C2       2
                                                                 
     i        3
                                                                 
     s_h      4
                                                                 


     Atomic displacements:
     There are    3 irreducible representations

     Representation     1      1 modes -  To be done
     Irreps are as follows:

                     mode #   1
                     (  -1.00000  -0.00000   ) 
                     (  -0.00000  -0.00000   ) 
                     (  -0.00000  -0.00000   ) 

     Representation     2      1 modes -  To be done
     Irreps are as follows:

                     mode #   2
                     (  -0.00000  -0.00000   ) 
                     (  -0.15796  -0.00000   ) 
                     (  -0.98745  -0.00000   ) 

     Representation     3      1 modes -  To be done
     Irreps are as follows:

                     mode #   3
                     (  -0.00000   0.00000   ) 
                     (  -0.98745  -0.00000   ) 
                     (   0.15796   0.00000   ) 



     Alpha used in Ewald sum =   2.8000
     PHONON       :     51.99s CPU     52.63s WALL



     Representation #   1 mode #   1

     Self-consistent Calculation

      iter #   1 total cpu time :    53.7 secs   av.it.:   6.3
      thresh= 1.000E-02 alpha_mix =  0.700 |ddv_scf|^2 =  1.714E-05

      iter #   2 total cpu time :    54.8 secs   av.it.:   9.3
      thresh= 4.140E-04 alpha_mix =  0.700 |ddv_scf|^2 =  9.066E-07

      iter #   3 total cpu time :    55.9 secs   av.it.:   8.7
      thresh= 9.522E-05 alpha_mix =  0.700 |ddv_scf|^2 =  1.563E-09

      iter #   4 total cpu time :    57.0 secs   av.it.:   9.3
      thresh= 3.954E-06 alpha_mix =  0.700 |ddv_scf|^2 =  1.267E-11

      iter #   5 total cpu time :    58.1 secs   av.it.:   9.0
      thresh= 3.560E-07 alpha_mix =  0.700 |ddv_scf|^2 =  2.742E-13

     Maximum CPU time exceeded

     max_seconds     =      57.00
     elapsed seconds =      57.46

--- TIMINGS REMOVED ---

     PHONON       :     57.43s CPU     58.14s WALL


   This run was terminated on:   1: 6:23  11Aug2022            

=------------------------------------------------------------------------------=
   JOB DONE.
=------------------------------------------------------------------------------=
