
     Program PWSCF v.6.7MaX starts on 24Feb2023 at 23:11: 7 

# NOTE: lines of output removed
