
     Program PWSCF v.7.5 starts on 12Oct2025 at  6:10:24 

     This program is part of the open-source Quantum ESPRESSO suite
     for quantum simulation of materials; please cite
         "P. Giannozzi et al., J. Phys.:Condens. Matter 21 395502 (2009);
         "P. Giannozzi et al., J. Phys.:Condens. Matter 29 465901 (2017);
         "P. Giannozzi et al., J. Chem. Phys. 152 154105 (2020);
          URL http://www.quantum-espresso.org", 
     in publications or presentations arising from this work. More details at
     http://www.quantum-espresso.org/quote

     Parallel version (MPI), running on     1 processors

     MPI processes distributed on     1 nodes
     0 MiB available memory on the printing compute node when the environment starts

     Reading input from aiida.in

     Current dimensions of program PWSCF are:
     Max number of different atomic species (ntypx) = 10
     Max number of k-points (npk) =  40000
     Max angular momentum in pseudopotentials (lmaxx) =  4

     Subspace diagonalization in iterative solution of the eigenvalue problem:
     a serial algorithm will be used


     G-vector sticks info
     --------------------
     sticks:   dense  smooth     PW     G-vecs:    dense   smooth      PW
     Sum        1649     829    241                50733    17941    2721

     Using Slab Decomposition



     bravais-lattice index     =            0
     lattice parameter (alat)  =       7.6156  a.u.
     unit-cell volume          =     441.6841 (a.u.)^3
     number of atoms/cell      =            8
     number of atomic types    =            2
     number of electrons       =        40.00
     number of Kohn-Sham states=           24
     kinetic-energy cutoff     =      45.0000  Ry
     charge density cutoff     =     360.0000  Ry
     scf convergence threshold =      3.2E-09
     mixing beta               =       0.4000
     number of iterations used =            8  plain     mixing
     Exchange-correlation= SLA  PW   PSX  PSC
                           (   1   4  10   8   0   0   0)

     celldm(1)=   7.615596  celldm(2)=   0.000000  celldm(3)=   0.000000
     celldm(4)=   0.000000  celldm(5)=   0.000000  celldm(6)=   0.000000

     crystal axes: (cart. coord. in units of alat)
               a(1) = (   1.000000   0.000000   0.000000 )  
               a(2) = (   0.000000   1.000000   0.000000 )  
               a(3) = (   0.000000   0.000000   1.000000 )  

     reciprocal axes: (cart. coord. in units 2 pi/alat)
               b(1) = (  1.000000  0.000000  0.000000 )  
               b(2) = (  0.000000  1.000000  0.000000 )  
               b(3) = (  0.000000  0.000000  1.000000 )  


     PseudoPot. # 1 for F  read from file:
     ./pseudo/f_pbesol_v1.4.uspp.F.UPF
     MD5 check sum: d2815ecb49b17b99c5724ffd2f9bbd8d
     Pseudo is Ultrasoft, Zval =  7.0
     Generated by new atomic code, or converted to UPF format
     Using radial grid of  799 points,  4 beta functions with: 
                l(1) =   0
                l(2) =   0
                l(3) =   1
                l(4) =   1
     Q(r) pseudized with  8 coefficients,  rinner =    0.950   0.950   0.950


     PseudoPot. # 2 for Li read from file:
     ./pseudo/li_pbesol_v1.4.uspp.F.UPF
     MD5 check sum: aa28d9aeea6a965f2dc95ee9517b3536
     Pseudo is Ultrasoft, Zval =  3.0
     Generated by new atomic code, or converted to UPF format
     Using radial grid of  751 points,  5 beta functions with: 
                l(1) =   0
                l(2) =   0
                l(3) =   0
                l(4) =   1
                l(5) =   1
     Q(r) pseudized with 10 coefficients,  rinner =    1.150   1.150   1.150


     atomic species   valence    mass     pseudopotential
     F                 7.00    18.99840     F ( 1.00)
     Li                3.00     6.94100     Li( 1.00)

     Dense  grid:    50733 G-vectors     FFT dimensions: (  45,  45,  45)

     Smooth grid:    17941 G-vectors     FFT dimensions: (  36,  36,  36)

     Estimated static dynamical RAM per process >      22.38 MB

     Estimated max dynamical RAM per process >      83.15 MB

     Initial potential from superposition of free atoms

     starting charge      38.1968, renormalised to      40.0000
     Starting wfcs are   36 randomized atomic wfcs

     total cpu time spent up to now is        0.3 secs

     Self-consistent Calculation

     iteration #  1     ecut=    45.00 Ry     beta= 0.40
     Davidson diagonalization with overlap

---- Real-time Memory Report at c_bands before calling an iterative solver
             0 MiB given to the printing process from OS
             0 MiB allocation reported by mallinfo(arena+hblkhd)
             0 MiB available memory on the node where the printing process lives
------------------
     ethr =  1.00E-02,  avg # of iterations =  2.0

     Threshold (ethr) on eigenvalues was too large:
     Diagonalizing with lowered threshold

     Davidson diagonalization with overlap

---- Real-time Memory Report at c_bands before calling an iterative solver
             0 MiB given to the printing process from OS
             0 MiB allocation reported by mallinfo(arena+hblkhd)
             0 MiB available memory on the node where the printing process lives
------------------
     ethr =  3.58E-04,  avg # of iterations =  4.5

     total cpu time spent up to now is        0.5 secs

     total energy              =    -252.68390504 Ry
     estimated scf accuracy    <       0.14911372 Ry

     iteration #  2     ecut=    45.00 Ry     beta= 0.40
     Davidson diagonalization with overlap

---- Real-time Memory Report at c_bands before calling an iterative solver
             0 MiB given to the printing process from OS
             0 MiB allocation reported by mallinfo(arena+hblkhd)
             0 MiB available memory on the node where the printing process lives
------------------
     ethr =  3.73E-04,  avg # of iterations =  2.0

     total cpu time spent up to now is        0.7 secs

     total energy              =    -252.68775082 Ry
     estimated scf accuracy    <       0.02466882 Ry

     iteration #  3     ecut=    45.00 Ry     beta= 0.40
     Davidson diagonalization with overlap

---- Real-time Memory Report at c_bands before calling an iterative solver
             0 MiB given to the printing process from OS
             0 MiB allocation reported by mallinfo(arena+hblkhd)
             0 MiB available memory on the node where the printing process lives
------------------
     ethr =  6.17E-05,  avg # of iterations =  2.0

     total cpu time spent up to now is        0.9 secs

     total energy              =    -252.68629336 Ry
     estimated scf accuracy    <       0.00508918 Ry

     iteration #  4     ecut=    45.00 Ry     beta= 0.40
     Davidson diagonalization with overlap

---- Real-time Memory Report at c_bands before calling an iterative solver
             0 MiB given to the printing process from OS
             0 MiB allocation reported by mallinfo(arena+hblkhd)
             0 MiB available memory on the node where the printing process lives
------------------
     ethr =  1.27E-05,  avg # of iterations =  4.0

     total cpu time spent up to now is        1.1 secs

     total energy              =    -252.68712129 Ry
     estimated scf accuracy    <       0.00006537 Ry

     iteration #  5     ecut=    45.00 Ry     beta= 0.40
     Davidson diagonalization with overlap

---- Real-time Memory Report at c_bands before calling an iterative solver
             0 MiB given to the printing process from OS
             0 MiB allocation reported by mallinfo(arena+hblkhd)
             0 MiB available memory on the node where the printing process lives
------------------
     ethr =  1.63E-07,  avg # of iterations =  5.5

     total cpu time spent up to now is        1.2 secs

     total energy              =    -252.68717804 Ry
     estimated scf accuracy    <       0.00002150 Ry

     iteration #  6     ecut=    45.00 Ry     beta= 0.40
     Davidson diagonalization with overlap

---- Real-time Memory Report at c_bands before calling an iterative solver
             0 MiB given to the printing process from OS
             0 MiB allocation reported by mallinfo(arena+hblkhd)
             0 MiB available memory on the node where the printing process lives
------------------
     ethr =  5.38E-08,  avg # of iterations =  2.0

     total cpu time spent up to now is        1.4 secs

     total energy              =    -252.68718101 Ry
     estimated scf accuracy    <       0.00000375 Ry

     iteration #  7     ecut=    45.00 Ry     beta= 0.40
     Davidson diagonalization with overlap

---- Real-time Memory Report at c_bands before calling an iterative solver
             0 MiB given to the printing process from OS
             0 MiB allocation reported by mallinfo(arena+hblkhd)
             0 MiB available memory on the node where the printing process lives
------------------
     ethr =  9.38E-09,  avg # of iterations =  2.0

     total cpu time spent up to now is        1.5 secs

     total energy              =    -252.68718154 Ry
     estimated scf accuracy    <       0.00000031 Ry

     iteration #  8     ecut=    45.00 Ry     beta= 0.40
     Davidson diagonalization with overlap

---- Real-time Memory Report at c_bands before calling an iterative solver
             0 MiB given to the printing process from OS
             0 MiB allocation reported by mallinfo(arena+hblkhd)
             0 MiB available memory on the node where the printing process lives
------------------
     ethr =  7.76E-10,  avg # of iterations =  2.5

     total cpu time spent up to now is        1.7 secs

     total energy              =    -252.68718163 Ry
     estimated scf accuracy    <       0.00000011 Ry

     iteration #  9     ecut=    45.00 Ry     beta= 0.40
     Davidson diagonalization with overlap

---- Real-time Memory Report at c_bands before calling an iterative solver
             0 MiB given to the printing process from OS
             0 MiB allocation reported by mallinfo(arena+hblkhd)
             0 MiB available memory on the node where the printing process lives
------------------
     ethr =  2.75E-10,  avg # of iterations =  2.0

     total cpu time spent up to now is        1.9 secs

     total energy              =    -252.68718164 Ry
     estimated scf accuracy    <          4.2E-09 Ry

     iteration # 10     ecut=    45.00 Ry     beta= 0.40
     Davidson diagonalization with overlap

---- Real-time Memory Report at c_bands before calling an iterative solver
             0 MiB given to the printing process from OS
             0 MiB allocation reported by mallinfo(arena+hblkhd)
             0 MiB available memory on the node where the printing process lives
------------------
     ethr =  1.05E-11,  avg # of iterations =  3.0

     total cpu time spent up to now is        2.1 secs

     End of self-consistent calculation

     the Fermi energy is     3.6126 ev

!    total energy              =    -252.68718165 Ry
     estimated scf accuracy    <          1.5E-09 Ry
     smearing contrib. (-TS)   =       0.00000000 Ry
     internal energy E=F+TS    =    -252.68718165 Ry

     The total energy is F=E-TS. E is the sum of the following terms:
     one-electron contribution =    -110.36736008 Ry
     hartree contribution      =      70.67073042 Ry
     xc contribution           =     -50.62838503 Ry
     ewald contribution        =    -162.36216695 Ry

     convergence has been achieved in  10 iterations

     Forces acting on atoms (cartesian axes, Ry/au):

     atom    1 type  2   force =    -0.06858972    0.01765138    0.01964435
     atom    2 type  1   force =     0.03880410    0.03512021    0.02191125
     atom    3 type  2   force =     0.03004469    0.01294412   -0.01093989
     atom    4 type  1   force =    -0.00017394   -0.04589712   -0.02011802
     atom    5 type  2   force =    -0.02178025   -0.02664816   -0.01644639
     atom    6 type  1   force =     0.01784844    0.02551909    0.00949881
     atom    7 type  2   force =    -0.00075029    0.00122727   -0.00636038
     atom    8 type  1   force =     0.00459697   -0.01991679    0.00281027
     The non-local contrib.  to forces
     atom    1 type  2   force =    -0.09059405    0.04296801    0.00638773
     atom    2 type  1   force =    -0.21409324    0.00697892   -0.11695421
     atom    3 type  2   force =     0.03391001   -0.03785702   -0.01788866
     atom    4 type  1   force =     0.12676770   -0.24041885   -0.05422649
     atom    5 type  2   force =    -0.04345565    0.04754705   -0.03925027
     atom    6 type  1   force =    -0.06554652    0.14392539    0.18137948
     atom    7 type  2   force =    -0.00506999   -0.04295123    0.02614331
     atom    8 type  1   force =     0.01178555    0.10542747   -0.04112172
     The ionic contribution  to forces
     atom    1 type  2   force =    -1.14025495    1.06831993    0.45615090
     atom    2 type  1   force =     1.46554982    1.87795630    1.65013886
     atom    3 type  2   force =     0.53650386   -0.87700419   -0.53590268
     atom    4 type  1   force =    -0.87349327   -1.42593839   -1.21420498
     atom    5 type  2   force =    -0.45885577    1.00515522   -0.94646306
     atom    6 type  1   force =     0.58779212    1.39825581   -1.15642709
     atom    7 type  2   force =     0.06044735   -1.10419759    0.76231270
     atom    8 type  1   force =    -0.17768917   -1.94254711    0.98439536
     The local contribution  to forces
     atom    1 type  2   force =     1.16225824   -1.09365549   -0.44290981
     atom    2 type  1   force =    -1.21268775   -1.84988021   -1.51133821
     atom    3 type  2   force =    -0.54037403    0.92782105    0.54286571
     atom    4 type  1   force =     0.74655889    1.62051710    1.24837543
     atom    5 type  2   force =     0.48052444   -1.07937214    0.96927946
     atom    6 type  1   force =    -0.50440637   -1.51672349    0.98460048
     atom    7 type  2   force =    -0.05613597    1.14838860   -0.79483592
     atom    8 type  1   force =     0.17050918    1.81726607   -0.94052141
     The core correction contribution to forces
     atom    1 type  2   force =     0.00000000    0.00000000    0.00000000
     atom    2 type  1   force =     0.00000000    0.00000000    0.00000000
     atom    3 type  2   force =     0.00000000    0.00000000    0.00000000
     atom    4 type  1   force =     0.00000000    0.00000000    0.00000000
     atom    5 type  2   force =     0.00000000    0.00000000    0.00000000
     atom    6 type  1   force =     0.00000000    0.00000000    0.00000000
     atom    7 type  2   force =     0.00000000    0.00000000    0.00000000
     atom    8 type  1   force =     0.00000000    0.00000000    0.00000000
     The Hubbard contrib.    to forces
     atom    1 type  2   force =     0.00000000    0.00000000    0.00000000
     atom    2 type  1   force =     0.00000000    0.00000000    0.00000000
     atom    3 type  2   force =     0.00000000    0.00000000    0.00000000
     atom    4 type  1   force =     0.00000000    0.00000000    0.00000000
     atom    5 type  2   force =     0.00000000    0.00000000    0.00000000
     atom    6 type  1   force =     0.00000000    0.00000000    0.00000000
     atom    7 type  2   force =     0.00000000    0.00000000    0.00000000
     atom    8 type  1   force =     0.00000000    0.00000000    0.00000000
     The SCF correction term to forces
     atom    1 type  2   force =    -0.00000332    0.00001584    0.00001381
     atom    2 type  1   force =     0.00003093    0.00006211    0.00006309
     atom    3 type  2   force =     0.00000050   -0.00001880   -0.00001598
     atom    4 type  1   force =    -0.00001161   -0.00006006   -0.00006371
     atom    5 type  2   force =     0.00000238    0.00001862   -0.00001425
     atom    6 type  1   force =     0.00000487    0.00005829   -0.00005578
     atom    7 type  2   force =     0.00000397   -0.00001559    0.00001781
     atom    8 type  1   force =    -0.00001294   -0.00006631    0.00005631

     Total force =     0.123717     Total SCF correction =     0.000182


     Computing stress (Cartesian axis) and pressure

          total   stress  (Ry/bohr**3)                   (kbar)     P=      -47.90
   0.00022743   0.00004201   0.00001929           33.46        6.18        2.84
   0.00004201  -0.00061801   0.00000781            6.18      -90.91        1.15
   0.00001929   0.00000781  -0.00058636            2.84        1.15      -86.26

     Writing all to output data dir ./out/aiida.save/ :
     XML data file, charge density, pseudopotentials, collected wavefunctions

     Parallel routines

     PWSCF        :      4.09s CPU      2.33s WALL


   This run was terminated on:   6:10:27  12Oct2025            

=------------------------------------------------------------------------------=
   JOB DONE.
=------------------------------------------------------------------------------=
