
     Program PWSCF v.6.1 (svn rev. 13369) starts on 31May2019 at  9:26:28

     This program is part of the open-source Quantum ESPRESSO suite
     for quantum simulation of materials; please cite
         "P. Giannozzi et al., J. Phys.:Condens. Matter 21 395502 (2009);
          URL http://www.quantum-espresso.org",
     in publications or presentations arising from this work. More details at
     http://www.quantum-espresso.org/quote

     Parallel version (MPI), running on     1 processors
     Reading input from aiida.in

     Current dimensions of program PWSCF are:
     Max number of different atomic species (ntypx) = 10
     Max number of k-points (npk) =  40000
     Max angular momentum in pseudopotentials (lmaxx) =  3

     Subspace diagonalization in iterative solution of the eigenvalue problem:
     a serial algorithm will be used


     G-vector sticks info
     --------------------
     sticks:   dense  smooth     PW     G-vecs:    dense   smooth      PW
     Sum         859     433    127                16889     5985     965



     bravais-lattice index     =            0
     lattice parameter (alat)  =       7.2558  a.u.
     unit-cell volume          =     270.1072 (a.u.)^3
     number of atoms/cell      =            2
     number of atomic types    =            1
     number of electrons       =         8.00
     number of Kohn-Sham states=            4
     kinetic-energy cutoff     =      30.0000  Ry
     charge density cutoff     =     240.0000  Ry
     convergence threshold     =      1.0E-06
     mixing beta               =       0.7000
     number of iterations used =            8  plain     mixing
     Exchange-correlation      = PBE ( 1  4  3  4 0 0)
     nstep                     =           50


     celldm(1)=   7.255773  celldm(2)=   0.000000  celldm(3)=   0.000000
     celldm(4)=   0.000000  celldm(5)=   0.000000  celldm(6)=   0.000000

     crystal axes: (cart. coord. in units of alat)
               a(1) = (   0.707107   0.707107   0.000000 )
               a(2) = (   0.707107   0.000000   0.707107 )
               a(3) = (   0.000000   0.707107   0.707107 )

     reciprocal axes: (cart. coord. in units 2 pi/alat)
               b(1) = (  0.707107  0.707107 -0.707107 )
               b(2) = (  0.707107 -0.707107  0.707107 )
               b(3) = ( -0.707107  0.707107  0.707107 )


     PseudoPot. # 1 for Si read from file:
     ./pseudo/Si.pbe-n-rrkjus_psl.1.0.0.UPF
     MD5 check sum: 0b0bb1205258b0d07b9f9672cf965d36
     Pseudo is Ultrasoft + core correction, Zval =  4.0
     Generated using "atomic" code by A. Dal Corso  v.5.1
     Using radial grid of 1141 points,  6 beta functions with:
                l(1) =   0
                l(2) =   0
                l(3) =   1
                l(4) =   1
                l(5) =   2
                l(6) =   2
     Q(r) pseudized with 0 coefficients


     atomic species   valence    mass     pseudopotential
        Si             4.00    28.08550     Si( 1.00)

   Cartesian axes

     site n.     atom                  positions (alat units)
         1           Si  tau(   1) = (   0.0000000   0.0000000   0.0000000  )
         2           Si  tau(   2) = (   0.3535534   0.3535534   0.3535534  )

   Crystallographic axes

     site n.     atom                  positions (cryst. coord.)
         1           Si  tau(   1) = (  0.0000000  0.0000000  0.0000000  )
         2           Si  tau(   2) = (  0.2500000  0.2500000  0.2500000  )

     number of k points=     3
                       cart. coord. in units 2pi/alat
        k(    1) = (   0.0000000   0.0000000   0.0000000), wk =   0.2500000
        k(    2) = (   0.3535534  -0.3535534  -0.3535534), wk =   1.0000000
        k(    3) = (   0.0000000   0.0000000  -0.7071068), wk =   0.7500000

                       cryst. coord.
        k(    1) = (   0.0000000   0.0000000   0.0000000), wk =   0.2500000
        k(    2) = (   0.0000000   0.0000000  -0.5000000), wk =   1.0000000
        k(    3) = (   0.0000000  -0.5000000  -0.5000000), wk =   0.7500000

     Dense  grid:    16889 G-vectors     FFT dimensions: (  36,  36,  36)

     Smooth grid:     5985 G-vectors     FFT dimensions: (  25,  25,  25)

 %%%%%%%%%%%%%%%%%%%%%%%%%%%%%%%%%%%%%%%%%%%%%%%%%%%%%%%%%%%%%%%%%%%%%%%%%%%%%%
     Error in routine checkallsym (2):
     not orthogonal operation
 %%%%%%%%%%%%%%%%%%%%%%%%%%%%%%%%%%%%%%%%%%%%%%%%%%%%%%%%%%%%%%%%%%%%%%%%%%%%%%

     stopping ...
