
     Program PWSCF v.6.7MaX starts on  4Mar2023 at 16: 3:11 

# NOTE: lines of output removed
