# NOTE: many lines of output removed
  probably because G_par is NOT a reciprocal lattice vector 
# NOTE: many lines of output removed
