
     Program PWSCF v.6.6 starts on 28Sep2020 at 15:41: 7 

     This program is part of the open-source Quantum ESPRESSO suite
     for quantum simulation of materials; please cite
         "P. Giannozzi et al., J. Phys.:Condens. Matter 21 395502 (2009);
         "P. Giannozzi et al., J. Phys.:Condens. Matter 29 465901 (2017);
          URL http://www.quantum-espresso.org", 
     in publications or presentations arising from this work. More details at
     http://www.quantum-espresso.org/quote

     Parallel version (MPI), running on     1 processors

--- OUTPUT REMOVED ---

---------------------------------------------------------------------------------
Carrying out rVV10 run using the following parameters:
Nqs =      20    Nr_points =    1024   r_max =   100.000
b_value =  6.30000    beta =  0.00901
     q_mesh =  0.00010000  0.00030000  0.00058939  0.00100810
               0.00161396  0.00249058  0.00375900  0.00559430
               0.00824984  0.01209221  0.01765183  0.02569619
               0.03733578  0.05417739  0.07854596  0.11380545
               0.16482331  0.23864234  0.34545298  0.50000000

Gradients computed in Reciprocal space

---------------------------------------------------------------------------------




     ----------------------------------------------------------------

     Non-local correlation energy =              0.043707370328371

     ----------------------------------------------------------------

     Starting wfcs are    8 randomized atomic wfcs

     total cpu time spent up to now is        1.8 secs

     Self-consistent Calculation

     iteration #  1     ecut=    35.00 Ry     beta= 0.70
     Davidson diagonalization with overlap
     ethr =  1.00E-02,  avg # of iterations =  3.6

     Threshold (ethr) on eigenvalues was too large:
     Diagonalizing with lowered threshold

     Davidson diagonalization with overlap
     ethr =  7.48E-04,  avg # of iterations =  1.2


     ----------------------------------------------------------------

     Non-local correlation energy =              0.048201138779587

     ----------------------------------------------------------------


     total cpu time spent up to now is        2.3 secs

     total energy              =     -22.94763824 Ry
     estimated scf accuracy    <       0.06417234 Ry

     iteration #  2     ecut=    35.00 Ry     beta= 0.70
     Davidson diagonalization with overlap
     ethr =  8.02E-04,  avg # of iterations =  1.0


     ----------------------------------------------------------------

     Non-local correlation energy =              0.049265681051259

     ----------------------------------------------------------------


     total cpu time spent up to now is        2.6 secs

     total energy              =     -22.95088038 Ry
     estimated scf accuracy    <       0.00264582 Ry

     iteration #  3     ecut=    35.00 Ry     beta= 0.70
     Davidson diagonalization with overlap
     ethr =  3.31E-05,  avg # of iterations =  4.0


     ----------------------------------------------------------------

     Non-local correlation energy =              0.049280927418975

     ----------------------------------------------------------------


     total cpu time spent up to now is        3.0 secs

     total energy              =     -22.95111918 Ry
     estimated scf accuracy    <       0.00007765 Ry

     iteration #  4     ecut=    35.00 Ry     beta= 0.70
     Davidson diagonalization with overlap
     ethr =  9.71E-07,  avg # of iterations =  3.8


     ----------------------------------------------------------------

     Non-local correlation energy =              0.049295808958870

     ----------------------------------------------------------------


     total cpu time spent up to now is        3.3 secs

     total energy              =     -22.95113377 Ry
     estimated scf accuracy    <       0.00000036 Ry

     iteration #  5     ecut=    35.00 Ry     beta= 0.70
     Davidson diagonalization with overlap
     ethr =  4.53E-09,  avg # of iterations =  3.1


     ----------------------------------------------------------------

     Non-local correlation energy =              0.049292885778802

     ----------------------------------------------------------------


     total cpu time spent up to now is        3.7 secs

     total energy              =     -22.95113416 Ry
     estimated scf accuracy    <       0.00000001 Ry

     iteration #  6     ecut=    35.00 Ry     beta= 0.70
     Davidson diagonalization with overlap
     ethr =  1.42E-10,  avg # of iterations =  2.5


     ----------------------------------------------------------------

     Non-local correlation energy =              0.049293208518957

     ----------------------------------------------------------------


     total cpu time spent up to now is        4.0 secs

     total energy              =     -22.95113416 Ry
     estimated scf accuracy    <          1.6E-10 Ry

     iteration #  7     ecut=    35.00 Ry     beta= 0.70
     Davidson diagonalization with overlap
     ethr =  2.02E-12,  avg # of iterations =  3.4


     ----------------------------------------------------------------

     Non-local correlation energy =              0.049293235869603

     ----------------------------------------------------------------


     total cpu time spent up to now is        4.4 secs

     total energy              =     -22.95113416 Ry
     estimated scf accuracy    <          4.2E-12 Ry

     iteration #  8     ecut=    35.00 Ry     beta= 0.70
     Davidson diagonalization with overlap
     ethr =  1.00E-13,  avg # of iterations =  1.8


     ----------------------------------------------------------------

     Non-local correlation energy =              0.049293218775801

     ----------------------------------------------------------------


     total cpu time spent up to now is        4.7 secs

     End of self-consistent calculation

--- OUTPUT REMOVED ---

     the Fermi energy is     6.1375 ev

!    total energy              =     -22.95113416 Ry
     estimated scf accuracy    <          3.1E-13 Ry
     smearing contrib. (-TS)   =       0.00015206 Ry
     internal energy E=F+TS    =     -22.95128622 Ry

     The total energy is F=E-TS. E is the sum of the following terms:
     one-electron contribution =       4.87894177 Ry
     hartree contribution      =       1.17636618 Ry
     xc contribution           =     -12.41239170 Ry
     ewald contribution        =     -16.59420247 Ry

     convergence has been achieved in   8 iterations


     ----------------------------------------------------------------

     Non-local correlation energy =              0.049293218775801

     ----------------------------------------------------------------


     Forces acting on atoms (cartesian axes, Ry/au):

     atom    1 type  1   force =     0.00000000    0.00000000   -0.00000001
     atom    2 type  1   force =     0.00000000    0.00000000    0.00000001
     The non-local contrib.  to forces
     atom    1 type  1   force =     0.00000000   -0.00000000    0.00000002
     atom    2 type  1   force =     0.00000000   -0.00000000   -0.00000002
     The ionic contribution  to forces
     atom    1 type  1   force =    -0.00000000   -0.00000000   -0.00000001
     atom    2 type  1   force =     0.00000000    0.00000000    0.00000001
     The local contribution  to forces
     atom    1 type  1   force =     0.00000000    0.00000000   -0.00000010
     atom    2 type  1   force =     0.00000000    0.00000000    0.00000010
     The core correction contribution to forces
     atom    1 type  1   force =    -0.00000000   -0.00000000   -0.00000000
     atom    2 type  1   force =    -0.00000000   -0.00000000    0.00000000
     The Hubbard contrib.    to forces
     atom    1 type  1   force =     0.00000000    0.00000000    0.00000000
     atom    2 type  1   force =     0.00000000    0.00000000    0.00000000
     The SCF correction term to forces
     atom    1 type  1   force =    -0.00000000    0.00000000    0.00000008
     atom    2 type  1   force =     0.00000000    0.00000000   -0.00000008

     Total force =     0.000000     Total SCF correction =     0.000000
     SCF correction compared to forces is large: reduce conv_thr to get better values


     Computing stress (Cartesian axis) and pressure



     ----------------------------------------------------------------

     Non-local correlation energy =              0.049293218775801

     ----------------------------------------------------------------

          total   stress  (Ry/bohr**3)                   (kbar)     P=        0.35
   0.00000239  -0.00000000  -0.00000000            0.35       -0.00       -0.00
  -0.00000000   0.00000239  -0.00000000           -0.00        0.35       -0.00
  -0.00000000  -0.00000000   0.00000239           -0.00       -0.00        0.35

     kinetic stress (kbar)   2125.00     -0.00     -0.00
                               -0.00   2125.00     -0.00
                               -0.00     -0.00   2125.00

     local   stress (kbar)      4.78      0.00      0.00
                                0.00      4.78     -0.00
                                0.00     -0.00      4.78

     nonloc. stress (kbar)   1543.16     -0.00     -0.00
                               -0.00   1543.16     -0.00
                               -0.00     -0.00   1543.16

     hartree stress (kbar)    205.84     -0.00     -0.00
                               -0.00    205.84      0.00
                               -0.00      0.00    205.84

     exc-cor stress (kbar)   2855.91     -0.00     -0.00
                               -0.00   2855.91      0.00
                               -0.00      0.00   2855.91

     corecor stress (kbar)  -3837.44      0.00      0.00
                                0.00  -3837.44      0.00
                                0.00      0.00  -3837.44

     ewald   stress (kbar)  -2903.69     -0.00     -0.00
                               -0.00  -2903.69     -0.00
                               -0.00     -0.00  -2903.69

     hubbard stress (kbar)      0.00      0.00      0.00
                                0.00      0.00      0.00
                                0.00      0.00      0.00

     DFT-D   stress (kbar)      0.00      0.00      0.00
                                0.00      0.00      0.00
                                0.00      0.00      0.00

     XDM     stress (kbar)      0.00      0.00      0.00
                                0.00      0.00      0.00
                                0.00      0.00      0.00

     dft-nl  stress (kbar)      6.78     -0.00     -0.00
                               -0.00      6.78     -0.00
                               -0.00     -0.00      6.78

     TS-vdW  stress (kbar)      0.00      0.00      0.00
                                0.00      0.00      0.00
                                0.00      0.00      0.00

--- OUTPUT REMOVED ---


     ----------------------------------------------------------------

     Non-local correlation energy =              0.043707370328371

     ----------------------------------------------------------------

     Starting wfcs are    8 randomized atomic wfcs

     total cpu time spent up to now is        6.9 secs

     Self-consistent Calculation

     iteration #  1     ecut=    35.00 Ry     beta= 0.70
     Davidson diagonalization with overlap
     ethr =  1.00E-06,  avg # of iterations = 14.2


     ----------------------------------------------------------------

     Non-local correlation energy =              0.048216262876071

     ----------------------------------------------------------------


     total cpu time spent up to now is        7.5 secs

     total energy              =     -22.94778759 Ry
     estimated scf accuracy    <       0.06567436 Ry

     iteration #  2     ecut=    35.00 Ry     beta= 0.70
     Davidson diagonalization with overlap
     ethr =  8.21E-04,  avg # of iterations =  1.0


     ----------------------------------------------------------------

     Non-local correlation energy =              0.049235752383134

     ----------------------------------------------------------------


     total cpu time spent up to now is        7.8 secs

     total energy              =     -22.95096304 Ry
     estimated scf accuracy    <       0.00255238 Ry

     iteration #  3     ecut=    35.00 Ry     beta= 0.70
     Davidson diagonalization with overlap
     ethr =  3.19E-05,  avg # of iterations =  1.4


     ----------------------------------------------------------------

     Non-local correlation energy =              0.049304307269726

     ----------------------------------------------------------------


     total cpu time spent up to now is        8.1 secs

     total energy              =     -22.95111691 Ry
     estimated scf accuracy    <       0.00005747 Ry

     iteration #  4     ecut=    35.00 Ry     beta= 0.70
     Davidson diagonalization with overlap
     ethr =  7.18E-07,  avg # of iterations =  3.5


     ----------------------------------------------------------------

     Non-local correlation energy =              0.049287891683153

     ----------------------------------------------------------------


     total cpu time spent up to now is        8.5 secs

     total energy              =     -22.95113371 Ry
     estimated scf accuracy    <       0.00000080 Ry

     iteration #  5     ecut=    35.00 Ry     beta= 0.70
     Davidson diagonalization with overlap
     ethr =  9.99E-09,  avg # of iterations =  2.5


     ----------------------------------------------------------------

     Non-local correlation energy =              0.049293654742291

     ----------------------------------------------------------------


     total cpu time spent up to now is        8.8 secs

     total energy              =     -22.95113415 Ry
     estimated scf accuracy    <       0.00000002 Ry

     iteration #  6     ecut=    35.00 Ry     beta= 0.70
     Davidson diagonalization with overlap
     ethr =  2.25E-10,  avg # of iterations =  3.1


     ----------------------------------------------------------------

     Non-local correlation energy =              0.049293113721793

     ----------------------------------------------------------------


     total cpu time spent up to now is        9.1 secs

     total energy              =     -22.95113416 Ry
     estimated scf accuracy    <          1.7E-10 Ry

     iteration #  7     ecut=    35.00 Ry     beta= 0.70
     Davidson diagonalization with overlap
     ethr =  2.13E-12,  avg # of iterations =  3.6


     ----------------------------------------------------------------

     Non-local correlation energy =              0.049293144469365

     ----------------------------------------------------------------


     total cpu time spent up to now is        9.5 secs

     total energy              =     -22.95113416 Ry
     estimated scf accuracy    <          8.0E-12 Ry

     iteration #  8     ecut=    35.00 Ry     beta= 0.70
     Davidson diagonalization with overlap
     ethr =  1.00E-13,  avg # of iterations =  2.3


     ----------------------------------------------------------------

     Non-local correlation energy =              0.049293221230341

     ----------------------------------------------------------------


     total cpu time spent up to now is        9.8 secs

     total energy              =     -22.95113416 Ry
     estimated scf accuracy    <          5.3E-12 Ry

     iteration #  9     ecut=    35.00 Ry     beta= 0.70
     Davidson diagonalization with overlap
     ethr =  1.00E-13,  avg # of iterations =  1.1


     ----------------------------------------------------------------

     Non-local correlation energy =              0.049293215966519

     ----------------------------------------------------------------


     total cpu time spent up to now is       10.1 secs

     End of self-consistent calculation

--- OUTPUT REMOVED ---

     the Fermi energy is     6.1375 ev

!    total energy              =     -22.95113416 Ry
     estimated scf accuracy    <          7.3E-14 Ry
     smearing contrib. (-TS)   =       0.00015206 Ry
     internal energy E=F+TS    =     -22.95128622 Ry

     The total energy is F=E-TS. E is the sum of the following terms:
     one-electron contribution =       4.87894181 Ry
     hartree contribution      =       1.17636610 Ry
     xc contribution           =     -12.41239165 Ry
     ewald contribution        =     -16.59420247 Ry

     convergence has been achieved in   9 iterations


     ----------------------------------------------------------------

     Non-local correlation energy =              0.049293215966519

     ----------------------------------------------------------------


     Forces acting on atoms (cartesian axes, Ry/au):

     atom    1 type  1   force =     0.00000000    0.00000000   -0.00000001
     atom    2 type  1   force =     0.00000000    0.00000000    0.00000001
     The non-local contrib.  to forces
     atom    1 type  1   force =    -0.00000000    0.00000000   -0.00000001
     atom    2 type  1   force =    -0.00000000    0.00000000    0.00000001
     The ionic contribution  to forces
     atom    1 type  1   force =    -0.00000000   -0.00000000   -0.00000001
     atom    2 type  1   force =     0.00000000    0.00000000    0.00000001
     The local contribution  to forces
     atom    1 type  1   force =     0.00000000    0.00000000    0.00000001
     atom    2 type  1   force =     0.00000000    0.00000000   -0.00000001
     The core correction contribution to forces
     atom    1 type  1   force =    -0.00000000   -0.00000000    0.00000000
     atom    2 type  1   force =    -0.00000000   -0.00000000   -0.00000000
     The Hubbard contrib.    to forces
     atom    1 type  1   force =     0.00000000    0.00000000    0.00000000
     atom    2 type  1   force =     0.00000000    0.00000000    0.00000000
     The SCF correction term to forces
     atom    1 type  1   force =     0.00000000   -0.00000000    0.00000000
     atom    2 type  1   force =    -0.00000000    0.00000000   -0.00000000

     Total force =     0.000000     Total SCF correction =     0.000000
     SCF correction compared to forces is large: reduce conv_thr to get better values


     Computing stress (Cartesian axis) and pressure



     ----------------------------------------------------------------

     Non-local correlation energy =              0.049293215966519

     ----------------------------------------------------------------

          total   stress  (Ry/bohr**3)                   (kbar)     P=        0.35
   0.00000239  -0.00000000  -0.00000000            0.35       -0.00       -0.00
  -0.00000000   0.00000239  -0.00000000           -0.00        0.35       -0.00
  -0.00000000  -0.00000000   0.00000239           -0.00       -0.00        0.35

 --- OUTPUT REMOVED ---
 
   This run was terminated on:  15:41:18  28Sep2020            

=------------------------------------------------------------------------------=
   JOB DONE.
=------------------------------------------------------------------------------=
