
     Program PHONON v.6.8 starts on  7Nov2022 at 22:14:20 

     This program is part of the open-source Quantum ESPRESSO suite
     for quantum simulation of materials; please cite
         "P. Giannozzi et al., J. Phys.:Condens. Matter 21 395502 (2009);
         "P. Giannozzi et al., J. Phys.:Condens. Matter 29 465901 (2017);
         "P. Giannozzi et al., J. Chem. Phys. 152 154105 (2020);
          URL http://www.quantum-espresso.org", 
     in publications or presentations arising from this work. More details at
     http://www.quantum-espresso.org/quote

     Parallel version (MPI), running on     1 processors

     MPI processes distributed on     1 nodes
     12511 MiB available memory on the printing compute node when the environment starts

     Reading input from aiida.in
      Title line not specified: using 'default'.
     Run is not recoverable starting from scratch

     Reading xml data from directory:

     ./out/aiida.save/

     IMPORTANT: XC functional enforced from input :
     Exchange-correlation= PBE
                           (   1   4   3   4   0   0   0)
     Any further DFT definition will be discarded
     Please, verify this is what you really want


     G-vector sticks info
     --------------------
     sticks:   dense  smooth     PW     G-vecs:    dense   smooth      PW
     Sum         889     439    151                17477     6183    1139

     Using Slab Decomposition

     Reading collected, re-writing distributed wavefunctions
  autoval = -.2984E+01
     Irreps are as follows:

                     mode #   1
                     (  -0.00000  -0.00000   ) 
                     (  -0.06606  -0.00000   ) 
                     (  -0.70401  -0.00000   ) 
                     (  -0.00000  -0.00000   ) 
                     (   0.06606  -0.00000   ) 
                     (   0.70401  -0.00000   ) 
  autoval = 0.1537E+00
     Irreps are as follows:

                     mode #   2
                     (   0.00000  -0.00000   ) 
                     (  -0.18811  -0.00000   ) 
                     (  -0.68163  -0.00000   ) 
                     (  -0.00000  -0.00000   ) 
                     (  -0.18811  -0.00000   ) 
                     (  -0.68163  -0.00000   ) 
  autoval = 0.5215E+00
     Irreps are as follows:

                     mode #   3
                     (  -0.70711  -0.00000   ) 
                     (  -0.00000  -0.00000   ) 
                     (   0.00000  -0.00000   ) 
                     (   0.70711  -0.00000   ) 
                     (   0.00000  -0.00000   ) 
                     (  -0.00000  -0.00000   ) 
  autoval = 0.5398E+00
     Irreps are as follows:

                     mode #   4
                     (   0.00000  -0.00000   ) 
                     (  -0.70401  -0.00000   ) 
                     (   0.06606  -0.00000   ) 
                     (  -0.00000  -0.00000   ) 
                     (   0.70401  -0.00000   ) 
                     (  -0.06606  -0.00000   ) 
  autoval = 0.1959E+01
     Irreps are as follows:

                     mode #   5
                     (  -0.70711  -0.00000   ) 
                     (  -0.00000  -0.00000   ) 
                     (   0.00000  -0.00000   ) 
                     (  -0.70711  -0.00000   ) 
                     (  -0.00000  -0.00000   ) 
                     (   0.00000  -0.00000   ) 
  autoval = 0.4109E+01
     Irreps are as follows:

                     mode #   6
                     (   0.00000  -0.00000   ) 
                     (  -0.68163  -0.00000   ) 
                     (   0.18811  -0.00000   ) 
                     (   0.00000  -0.00000   ) 
                     (  -0.68163  -0.00000   ) 
                     (   0.18811  -0.00000   ) 

     Calculation of q =    0.0000000  -0.5773503  -0.4082482

     Subspace diagonalization in iterative solution of the eigenvalue problem:
     a serial algorithm will be used


     G-vector sticks info
     --------------------
     sticks:   dense  smooth     PW     G-vecs:    dense   smooth      PW
     Sum         889     439    163                17477     6183    1459

     Using Slab Decomposition


     Title: 
     default                                                                    


     bravais-lattice index     =            0
     lattice parameter (alat)  =       7.3229  a.u.
     unit-cell volume          =     277.6784 (a.u.)^3
     number of atoms/cell      =            2
     number of atomic types    =            1
     number of electrons       =         8.00
     number of Kohn-Sham states=            4
     kinetic-energy cutoff     =      30.0000  Ry
     charge density cutoff     =     240.0000  Ry
     Exchange-correlation= PBE
                           (   1   4   3   4   0   0   0)

     celldm(1)=   7.322943  celldm(2)=   0.000000  celldm(3)=   0.000000
     celldm(4)=   0.000000  celldm(5)=   0.000000  celldm(6)=   0.000000

     crystal axes: (cart. coord. in units of alat)
               a(1) = (   1.000000   0.000000   0.000000 )  
               a(2) = (   0.500000   0.866025   0.000000 )  
               a(3) = (   0.500000   0.288675   0.816497 )  

     reciprocal axes: (cart. coord. in units 2 pi/alat)
               b(1) = (  1.000000 -0.577350 -0.408248 )  
               b(2) = (  0.000000  1.154701 -0.408248 )  
               b(3) = (  0.000000  0.000000  1.224745 )  


     PseudoPot. # 1 for Si read from file:
     ./pseudo/Si.pbe-n-rrkjus_psl.1.0.0.UPF
     MD5 check sum: 0b0bb1205258b0d07b9f9672cf965d36
     Pseudo is Ultrasoft + core correction, Zval =  4.0
     Generated using "atomic" code by A. Dal Corso  v.5.1
     Using radial grid of 1141 points,  6 beta functions with: 
                l(1) =   0
                l(2) =   0
                l(3) =   1
                l(4) =   1
                l(5) =   2
                l(6) =   2
     Q(r) pseudized with 0 coefficients 


     atomic species   valence    mass     pseudopotential
        Si             4.00    28.08500     Si( 1.00)

--- SYMMETRIES REMOVED ---

   Cartesian axes

     site n.     atom                  positions (alat units)
         1           Si  tau(   1) = (   1.5000000   0.8660254   0.6123725  )
         2           Si  tau(   2) = (   1.0000000   0.5773503   0.4082483  )

   Crystallographic axes

     site n.     atom                  positions (cryst. coord.)
         1           Si  tau(   1) = (  0.7500000  0.7500000  0.7500000  )
         2           Si  tau(   2) = (  0.5000000  0.5000000  0.5000000  )

--- K-POINTS REMOVED ---

     Dense  grid:    17477 G-vectors     FFT dimensions: (  40,  40,  40)

     Smooth grid:     6183 G-vectors     FFT dimensions: (  32,  32,  32)

--- MEMORY INFO REMOVED ---

     The potential is recalculated from file :
     ./out/_ph0/aiida.save/charge-density

     Starting wfcs are    8 atomic wfcs

     Band Structure Calculation
     Davidson diagonalization with overlap

     Computing kpt #:     1
     total cpu time spent up to now is        0.4 secs

     Computing kpt #:     2
     total cpu time spent up to now is        0.4 secs

     Computing kpt #:     3
     total cpu time spent up to now is        0.4 secs

     Computing kpt #:     4
     total cpu time spent up to now is        0.4 secs

     Computing kpt #:     5
     total cpu time spent up to now is        0.4 secs

     Computing kpt #:     6
     total cpu time spent up to now is        0.4 secs

     Computing kpt #:     7
     total cpu time spent up to now is        0.4 secs

     Computing kpt #:     8
     total cpu time spent up to now is        0.5 secs

     Computing kpt #:     9
     total cpu time spent up to now is        0.5 secs

     Computing kpt #:    10
     total cpu time spent up to now is        0.5 secs

     Computing kpt #:    11
     total cpu time spent up to now is        0.5 secs

     Computing kpt #:    12
     total cpu time spent up to now is        0.5 secs

     Computing kpt #:    13
     total cpu time spent up to now is        0.5 secs

     Computing kpt #:    14
     total cpu time spent up to now is        0.5 secs

     Computing kpt #:    15
     total cpu time spent up to now is        0.6 secs

     Computing kpt #:    16
     total cpu time spent up to now is        0.6 secs

     Computing kpt #:    17
     total cpu time spent up to now is        0.6 secs

     Computing kpt #:    18
     total cpu time spent up to now is        0.6 secs

     Computing kpt #:    19
     total cpu time spent up to now is        0.6 secs

     Computing kpt #:    20
     total cpu time spent up to now is        0.6 secs

     Computing kpt #:    21
     total cpu time spent up to now is        0.6 secs

     Computing kpt #:    22
     total cpu time spent up to now is        0.7 secs

     Computing kpt #:    23
     total cpu time spent up to now is        0.7 secs

     Computing kpt #:    24
     total cpu time spent up to now is        0.7 secs

     Computing kpt #:    25
     total cpu time spent up to now is        0.7 secs

     Computing kpt #:    26
     total cpu time spent up to now is        0.7 secs

     Computing kpt #:    27
     total cpu time spent up to now is        0.7 secs

     Computing kpt #:    28
     total cpu time spent up to now is        0.7 secs

     Computing kpt #:    29
     total cpu time spent up to now is        0.8 secs

     Computing kpt #:    30
     total cpu time spent up to now is        0.8 secs

     Computing kpt #:    31
     total cpu time spent up to now is        0.8 secs

     Computing kpt #:    32
     total cpu time spent up to now is        0.8 secs

     Computing kpt #:    33
     total cpu time spent up to now is        0.8 secs

     Computing kpt #:    34
     total cpu time spent up to now is        0.9 secs

     Computing kpt #:    35
     total cpu time spent up to now is        0.9 secs

     Computing kpt #:    36
     total cpu time spent up to now is        0.9 secs

     Computing kpt #:    37
     total cpu time spent up to now is        0.9 secs

     Computing kpt #:    38
     total cpu time spent up to now is        0.9 secs

     Computing kpt #:    39
     total cpu time spent up to now is        0.9 secs

     Computing kpt #:    40
     total cpu time spent up to now is        0.9 secs

     Computing kpt #:    41
     total cpu time spent up to now is        1.0 secs

     Computing kpt #:    42
     total cpu time spent up to now is        1.0 secs

     Computing kpt #:    43
     total cpu time spent up to now is        1.0 secs

     Computing kpt #:    44
     total cpu time spent up to now is        1.0 secs

     Computing kpt #:    45
     total cpu time spent up to now is        1.0 secs

     Computing kpt #:    46
     total cpu time spent up to now is        1.0 secs

     Computing kpt #:    47
     total cpu time spent up to now is        1.0 secs

     Computing kpt #:    48
     total cpu time spent up to now is        1.1 secs

     ethr =  1.25E-10,  avg # of iterations = 12.2

     total cpu time spent up to now is        1.1 secs

     End of band structure calculation

--- OCCUPATIONS REMOVED ---

     highest occupied level (ev):     5.9637

     Writing output data file ./out/_ph0/aiida.save/

     default                                                                    

     bravais-lattice index     =            0
     lattice parameter (alat)  =       7.3229  a.u.
     unit-cell volume          =     277.6784 (a.u.)^3
     number of atoms/cell      =            2
     number of atomic types    =            1
     kinetic-energy cut-off    =      30.0000  Ry
     charge density cut-off    =     240.0000  Ry
     convergence threshold     =      1.0E-16
     beta                      =       0.7000
     number of iterations used =            4
     Exchange-correlation= PBE
                           (   1   4   3   4   0   0   0)


     celldm(1)=    7.32294  celldm(2)=    0.00000  celldm(3)=    0.00000
     celldm(4)=    0.00000  celldm(5)=    0.00000  celldm(6)=    0.00000

     crystal axes: (cart. coord. in units of alat)
               a(1) = (  1.0000  0.0000  0.0000 )  
               a(2) = (  0.5000  0.8660  0.0000 )  
               a(3) = (  0.5000  0.2887  0.8165 )  

     reciprocal axes: (cart. coord. in units 2 pi/alat)
               b(1) = (  1.0000 -0.5774 -0.4082 )  
               b(2) = (  0.0000  1.1547 -0.4082 )  
               b(3) = (  0.0000  0.0000  1.2247 )  


     Atoms inside the unit cell: 

     Cartesian axes

     site n.  atom      mass           positions (alat units)
        1     Si  28.0850   tau(    1) = (    1.50000    0.86603    0.61237  )
        2     Si  28.0850   tau(    2) = (    1.00000    0.57735    0.40825  )

     Computing dynamical matrix for 
                    q = (   0.0000000  -0.5773503  -0.4082482 )

--- SYMMETRIES REMOVED ---

--- K-POINTS REMOVED ---

     PseudoPot. # 1 for Si read from file:
     ./pseudo/Si.pbe-n-rrkjus_psl.1.0.0.UPF
     MD5 check sum: 0b0bb1205258b0d07b9f9672cf965d36
     Pseudo is Ultrasoft + core correction, Zval =  4.0
     Generated using "atomic" code by A. Dal Corso  v.5.1
     Using radial grid of 1141 points,  6 beta functions with: 
                l(1) =   0
                l(2) =   0
                l(3) =   1
                l(4) =   1
                l(5) =   2
                l(6) =   2
     Q(r) pseudized with 0 coefficients 



     Atomic displacements:
     There are    6 irreducible representations

     Representation     1      1 modes -  To be done
     Irreps are as follows:

                     mode #   1
                     (  -0.00000  -0.00000   ) 
                     (  -0.06606  -0.00000   ) 
                     (  -0.70401  -0.00000   ) 
                     (  -0.00000  -0.00000   ) 
                     (   0.06606  -0.00000   ) 
                     (   0.70401  -0.00000   ) 

     Representation     2      1 modes -  To be done
     Irreps are as follows:

                     mode #   2
                     (   0.00000  -0.00000   ) 
                     (  -0.18811  -0.00000   ) 
                     (  -0.68163  -0.00000   ) 
                     (  -0.00000  -0.00000   ) 
                     (  -0.18811  -0.00000   ) 
                     (  -0.68163  -0.00000   ) 

     Representation     3      1 modes -  To be done
     Irreps are as follows:

                     mode #   3
                     (  -0.70711  -0.00000   ) 
                     (  -0.00000  -0.00000   ) 
                     (   0.00000  -0.00000   ) 
                     (   0.70711  -0.00000   ) 
                     (   0.00000  -0.00000   ) 
                     (  -0.00000  -0.00000   ) 

     Representation     4      1 modes -  To be done
     Irreps are as follows:

                     mode #   4
                     (   0.00000  -0.00000   ) 
                     (  -0.70401  -0.00000   ) 
                     (   0.06606  -0.00000   ) 
                     (  -0.00000  -0.00000   ) 
                     (   0.70401  -0.00000   ) 
                     (  -0.06606  -0.00000   ) 

     Representation     5      1 modes -  To be done
     Irreps are as follows:

                     mode #   5
                     (  -0.70711  -0.00000   ) 
                     (  -0.00000  -0.00000   ) 
                     (   0.00000  -0.00000   ) 
                     (  -0.70711  -0.00000   ) 
                     (  -0.00000  -0.00000   ) 
                     (   0.00000  -0.00000   ) 

     Representation     6      1 modes -  To be done
     Irreps are as follows:

                     mode #   6
                     (   0.00000  -0.00000   ) 
                     (  -0.68163  -0.00000   ) 
                     (   0.18811  -0.00000   ) 
                     (   0.00000  -0.00000   ) 
                     (  -0.68163  -0.00000   ) 
                     (   0.18811  -0.00000   ) 



     Alpha used in Ewald sum =   2.5000
     PHONON       :      3.74s CPU      3.83s WALL



     Representation #   1 mode #   1

     Self-consistent Calculation

      iter #   1 total cpu time :     4.2 secs   av.it.:   5.5
      thresh= 1.000E-02 alpha_mix =  0.700 |ddv_scf|^2 =  3.685E-06

      iter #   2 total cpu time :     4.7 secs   av.it.:   9.1
      thresh= 1.920E-04 alpha_mix =  0.700 |ddv_scf|^2 =  5.003E-06

      iter #   3 total cpu time :     5.2 secs   av.it.:   8.5
      thresh= 2.237E-04 alpha_mix =  0.700 |ddv_scf|^2 =  6.542E-09

      iter #   4 total cpu time :     5.7 secs   av.it.:   9.0
      thresh= 8.088E-06 alpha_mix =  0.700 |ddv_scf|^2 =  2.064E-10

      iter #   5 total cpu time :     6.1 secs   av.it.:   9.3
      thresh= 1.436E-06 alpha_mix =  0.700 |ddv_scf|^2 =  1.902E-12

      iter #   6 total cpu time :     6.6 secs   av.it.:   9.3
      thresh= 1.379E-07 alpha_mix =  0.700 |ddv_scf|^2 =  4.607E-14

      iter #   7 total cpu time :     7.1 secs   av.it.:   9.2
      thresh= 2.146E-08 alpha_mix =  0.700 |ddv_scf|^2 =  6.744E-16

      iter #   8 total cpu time :     7.6 secs   av.it.:   9.4
      thresh= 2.597E-09 alpha_mix =  0.700 |ddv_scf|^2 =  7.091E-17

     End of self-consistent calculation

     Convergence has been achieved 


     Representation #   2 mode #   2

     Self-consistent Calculation

      iter #   1 total cpu time :     8.0 secs   av.it.:   5.7
      thresh= 1.000E-02 alpha_mix =  0.700 |ddv_scf|^2 =  5.702E-06

      iter #   2 total cpu time :     8.5 secs   av.it.:   9.2
      thresh= 2.388E-04 alpha_mix =  0.700 |ddv_scf|^2 =  7.225E-06

      iter #   3 total cpu time :     9.0 secs   av.it.:   8.5
      thresh= 2.688E-04 alpha_mix =  0.700 |ddv_scf|^2 =  2.695E-08

      iter #   4 total cpu time :     9.4 secs   av.it.:   9.3
      thresh= 1.642E-05 alpha_mix =  0.700 |ddv_scf|^2 =  1.958E-09

      iter #   5 total cpu time :     9.9 secs   av.it.:   9.2
      thresh= 4.425E-06 alpha_mix =  0.700 |ddv_scf|^2 =  6.153E-12

      iter #   6 total cpu time :    10.4 secs   av.it.:   9.7
      thresh= 2.480E-07 alpha_mix =  0.700 |ddv_scf|^2 =  4.258E-13

      iter #   7 total cpu time :    10.9 secs   av.it.:   9.2
      thresh= 6.525E-08 alpha_mix =  0.700 |ddv_scf|^2 =  2.576E-14

      iter #   8 total cpu time :    11.4 secs   av.it.:   9.1
      thresh= 1.605E-08 alpha_mix =  0.700 |ddv_scf|^2 =  6.419E-16

      iter #   9 total cpu time :    11.8 secs   av.it.:   9.3
      thresh= 2.534E-09 alpha_mix =  0.700 |ddv_scf|^2 =  4.998E-16

      iter #  10 total cpu time :    12.3 secs   av.it.:   8.6
      thresh= 2.236E-09 alpha_mix =  0.700 |ddv_scf|^2 =  5.409E-18

     End of self-consistent calculation

     Convergence has been achieved 


     Representation #   3 mode #   3

     Self-consistent Calculation

      iter #   1 total cpu time :    12.7 secs   av.it.:   5.2
      thresh= 1.000E-02 alpha_mix =  0.700 |ddv_scf|^2 =  1.540E-06

      iter #   2 total cpu time :    13.2 secs   av.it.:   8.5
      thresh= 1.241E-04 alpha_mix =  0.700 |ddv_scf|^2 =  4.028E-07

      iter #   3 total cpu time :    13.7 secs   av.it.:   8.5
      thresh= 6.346E-05 alpha_mix =  0.700 |ddv_scf|^2 =  3.810E-09

      iter #   4 total cpu time :    14.1 secs   av.it.:   8.3
      thresh= 6.172E-06 alpha_mix =  0.700 |ddv_scf|^2 =  1.935E-12

      iter #   5 total cpu time :    14.6 secs   av.it.:   8.7
      thresh= 1.391E-07 alpha_mix =  0.700 |ddv_scf|^2 =  8.377E-14

      iter #   6 total cpu time :    15.1 secs   av.it.:   8.4
      thresh= 2.894E-08 alpha_mix =  0.700 |ddv_scf|^2 =  5.597E-16

      iter #   7 total cpu time :    15.5 secs   av.it.:   8.8
      thresh= 2.366E-09 alpha_mix =  0.700 |ddv_scf|^2 =  1.159E-17

     End of self-consistent calculation

     Convergence has been achieved 


     Representation #   4 mode #   4

     Self-consistent Calculation

      iter #   1 total cpu time :    16.0 secs   av.it.:   5.6
      thresh= 1.000E-02 alpha_mix =  0.700 |ddv_scf|^2 =  4.955E-06

      iter #   2 total cpu time :    16.4 secs   av.it.:   9.1
      thresh= 2.226E-04 alpha_mix =  0.700 |ddv_scf|^2 =  6.801E-06

      iter #   3 total cpu time :    16.9 secs   av.it.:   8.5
      thresh= 2.608E-04 alpha_mix =  0.700 |ddv_scf|^2 =  6.632E-09

      iter #   4 total cpu time :    17.4 secs   av.it.:   9.0
      thresh= 8.144E-06 alpha_mix =  0.700 |ddv_scf|^2 =  2.619E-10

      iter #   5 total cpu time :    17.9 secs   av.it.:   9.3
      thresh= 1.618E-06 alpha_mix =  0.700 |ddv_scf|^2 =  2.080E-12

      iter #   6 total cpu time :    18.4 secs   av.it.:   9.4
      thresh= 1.442E-07 alpha_mix =  0.700 |ddv_scf|^2 =  5.220E-14

      iter #   7 total cpu time :    18.8 secs   av.it.:   9.2
      thresh= 2.285E-08 alpha_mix =  0.700 |ddv_scf|^2 =  7.559E-16

      iter #   8 total cpu time :    19.3 secs   av.it.:   9.4
      thresh= 2.749E-09 alpha_mix =  0.700 |ddv_scf|^2 =  8.163E-17

     End of self-consistent calculation

     Convergence has been achieved 


     Representation #   5 mode #   5

     Self-consistent Calculation

      iter #   1 total cpu time :    19.7 secs   av.it.:   4.1
      thresh= 1.000E-02 alpha_mix =  0.700 |ddv_scf|^2 =  1.524E-07

      iter #   2 total cpu time :    20.2 secs   av.it.:   7.9
      thresh= 3.904E-05 alpha_mix =  0.700 |ddv_scf|^2 =  1.105E-08

      iter #   3 total cpu time :    20.6 secs   av.it.:   8.2
      thresh= 1.051E-05 alpha_mix =  0.700 |ddv_scf|^2 =  2.081E-11

      iter #   4 total cpu time :    21.1 secs   av.it.:   8.8
      thresh= 4.562E-07 alpha_mix =  0.700 |ddv_scf|^2 =  3.900E-13

      iter #   5 total cpu time :    21.5 secs   av.it.:   8.8
      thresh= 6.245E-08 alpha_mix =  0.700 |ddv_scf|^2 =  1.375E-15

      iter #   6 total cpu time :    22.0 secs   av.it.:   8.4
      thresh= 3.709E-09 alpha_mix =  0.700 |ddv_scf|^2 =  3.093E-17

     End of self-consistent calculation

     Convergence has been achieved 


     Representation #   6 mode #   6

     Self-consistent Calculation

      iter #   1 total cpu time :    22.4 secs   av.it.:   5.8
      thresh= 1.000E-02 alpha_mix =  0.700 |ddv_scf|^2 =  4.329E-06

      iter #   2 total cpu time :    22.9 secs   av.it.:   9.4
      thresh= 2.081E-04 alpha_mix =  0.700 |ddv_scf|^2 =  4.971E-06

      iter #   3 total cpu time :    23.4 secs   av.it.:   8.6
      thresh= 2.230E-04 alpha_mix =  0.700 |ddv_scf|^2 =  4.021E-08

      iter #   4 total cpu time :    23.8 secs   av.it.:   9.2
      thresh= 2.005E-05 alpha_mix =  0.700 |ddv_scf|^2 =  1.983E-09

      iter #   5 total cpu time :    24.3 secs   av.it.:   9.2
      thresh= 4.453E-06 alpha_mix =  0.700 |ddv_scf|^2 =  4.217E-12

      iter #   6 total cpu time :    24.8 secs   av.it.:   9.6
      thresh= 2.054E-07 alpha_mix =  0.700 |ddv_scf|^2 =  3.476E-13

      iter #   7 total cpu time :    25.3 secs   av.it.:   9.3
      thresh= 5.896E-08 alpha_mix =  0.700 |ddv_scf|^2 =  2.389E-14

      iter #   8 total cpu time :    25.7 secs   av.it.:   9.1
      thresh= 1.546E-08 alpha_mix =  0.700 |ddv_scf|^2 =  6.364E-16

      iter #   9 total cpu time :    26.2 secs   av.it.:   9.3
      thresh= 2.523E-09 alpha_mix =  0.700 |ddv_scf|^2 =  5.247E-16

      iter #  10 total cpu time :    26.7 secs   av.it.:   8.6
      thresh= 2.291E-09 alpha_mix =  0.700 |ddv_scf|^2 =  6.559E-18

     End of self-consistent calculation

     Convergence has been achieved 

     Number of q in the star =    3
     List of q in the star:
          1   0.000000000  -0.577350269  -0.408248239
          2   0.500000000  -0.288675135   0.408248239
          3  -0.500000000  -0.288675135   0.408248239

     Diagonalizing the dynamical matrix

     q = (    0.000000000  -0.577350269  -0.408248239 ) 

 **************************************************************************
     freq (    1) =       4.419935 [THz] =     147.433165 [cm-1]
     freq (    2) =       4.420014 [THz] =     147.435786 [cm-1]
     freq (    3) =      11.928535 [THz] =     397.893089 [cm-1]
     freq (    4) =      11.928777 [THz] =     397.901179 [cm-1]
     freq (    5) =      13.195991 [THz] =     440.170896 [cm-1]
     freq (    6) =      13.196017 [THz] =     440.171741 [cm-1]
 **************************************************************************

--- TIMINGS REMOVED ---

     PHONON       :     26.12s CPU     26.71s WALL


   This run was terminated on:  22:14:47   7Nov2022            

=------------------------------------------------------------------------------=
   JOB DONE.
=------------------------------------------------------------------------------=
