
     Program PWSCF v.6.4 starts on 16Oct2019 at 11:49:13

     This program is part of the open-source Quantum ESPRESSO suite
     for quantum simulation of materials; please cite
         "P. Giannozzi et al., J. Phys.:Condens. Matter 21 395502 (2009);
         "P. Giannozzi et al., J. Phys.:Condens. Matter 29 465901 (2017);
          URL http://www.quantum-espresso.org",
     in publications or presentations arising from this work. More details at
     http://www.quantum-espresso.org/quote

     Parallel version (MPI), running on     1 processors

     MPI processes distributed on     1 nodes
     Reading input from aiida.in

     Current dimensions of program PWSCF are:
     Max number of different atomic species (ntypx) = 10
     Max number of k-points (npk) =  40000
     Max angular momentum in pseudopotentials (lmaxx) =  3

     Subspace diagonalization in iterative solution of the eigenvalue problem:
     a serial algorithm will be used


     Program stopped by user request

     G-vector sticks info
     --------------------
     sticks:   dense  smooth     PW     G-vecs:    dense   smooth      PW
     Sum         859     433    127                16889     5985     965



     bravais-lattice index     =            0
     lattice parameter (alat)  =       7.2558  a.u.
     unit-cell volume          =     270.1072 (a.u.)^3
     number of atoms/cell      =            2
     number of atomic types    =            1
     number of electrons       =         8.00
     number of Kohn-Sham states=            4
     kinetic-energy cutoff     =      30.0000  Ry
     charge density cutoff     =     240.0000  Ry
     convergence threshold     =      1.0E-06
     mixing beta               =       0.7000
     number of iterations used =            8  plain     mixing
     Exchange-correlation      = PBE ( 1  4  3  4 0 0)

     celldm(1)=   7.255773  celldm(2)=   0.000000  celldm(3)=   0.000000
     celldm(4)=   0.000000  celldm(5)=   0.000000  celldm(6)=   0.000000

     crystal axes: (cart. coord. in units of alat)
               a(1) = (   0.000000   0.707107   0.707107 )
               a(2) = (   0.707107   0.000000   0.707107 )
               a(3) = (   0.707107   0.707107   0.000000 )

     reciprocal axes: (cart. coord. in units 2 pi/alat)
               b(1) = ( -0.707107  0.707107  0.707107 )
               b(2) = (  0.707107 -0.707107  0.707107 )
               b(3) = (  0.707107  0.707107 -0.707107 )


     PseudoPot. # 1 for Si read from file:
     ./pseudo/Si.pbe-n-rrkjus_psl.1.0.0.UPF
     MD5 check sum: 0b0bb1205258b0d07b9f9672cf965d36
     Pseudo is Ultrasoft + core correction, Zval =  4.0
     Generated using "atomic" code by A. Dal Corso v.5.1
     Using radial grid of 1141 points,  6 beta functions with:
                l(1) =   0
                l(2) =   0
                l(3) =   1
                l(4) =   1
                l(5) =   2
                l(6) =   2
     Q(r) pseudized with 0 coefficients


     atomic species   valence    mass     pseudopotential
        Si             4.00    28.08550     Si( 1.00)

     48 Sym. Ops., with inversion, found (24 have fractional translation)


                                    s                        frac. trans.

      isym =  1     identity

 cryst.   s( 1) = (     1          0          0      )
                  (     0          1          0      )
                  (     0          0          1      )

 cart.    s( 1) = (  1.0000000  0.0000000  0.0000000 )
                  (  0.0000000  1.0000000  0.0000000 )
                  (  0.0000000  0.0000000  1.0000000 )


      isym =  2     180 deg rotation - cart. axis [0,0,1]

 cryst.   s( 2) = (     0          1         -1      )
                  (     1          0         -1      )
                  (     0          0         -1      )

 cart.    s( 2) = ( -1.0000000  0.0000000  0.0000000 )
                  (  0.0000000 -1.0000000  0.0000000 )
                  (  0.0000000  0.0000000  1.0000000 )


      isym =  3     180 deg rotation - cart. axis [0,1,0]

 cryst.   s( 3) = (     0         -1          1      )
                  (     0         -1          0      )
                  (     1         -1          0      )

 cart.    s( 3) = ( -1.0000000  0.0000000  0.0000000 )
                  (  0.0000000  1.0000000  0.0000000 )
                  (  0.0000000  0.0000000 -1.0000000 )


      isym =  4     180 deg rotation - cart. axis [1,0,0]

 cryst.   s( 4) = (    -1          0          0      )
                  (    -1          0          1      )
                  (    -1          1          0      )

 cart.    s( 4) = (  1.0000000  0.0000000  0.0000000 )
                  (  0.0000000 -1.0000000  0.0000000 )
                  (  0.0000000  0.0000000 -1.0000000 )


      isym =  5     180 deg rotation - cart. axis [1,1,0]

 cryst.   s( 5) = (    -1          0          1      )    f =( -0.2500000 )
                  (     0         -1          1      )       ( -0.2500000 )
                  (     0          0          1      )       ( -0.2500000 )

 cart.    s( 5) = (  0.0000000  1.0000000  0.0000000 )    f =( -0.3535534 )
                  (  1.0000000  0.0000000  0.0000000 )       ( -0.3535534 )
                  (  0.0000000  0.0000000 -1.0000000 )       ( -0.3535534 )


      isym =  6     180 deg rotation - cart. axis [1,-1,0]

 cryst.   s( 6) = (     0         -1          0      )    f =( -0.2500000 )
                  (    -1          0          0      )       ( -0.2500000 )
                  (     0          0         -1      )       ( -0.2500000 )

 cart.    s( 6) = (  0.0000000 -1.0000000  0.0000000 )    f =( -0.3535534 )
                  ( -1.0000000  0.0000000  0.0000000 )       ( -0.3535534 )
                  (  0.0000000  0.0000000 -1.0000000 )       ( -0.3535534 )


      isym =  7      90 deg rotation - cart. axis [0,0,-1]

 cryst.   s( 7) = (     0          1          0      )    f =( -0.2500000 )
                  (     0          1         -1      )       ( -0.2500000 )
                  (    -1          1          0      )       ( -0.2500000 )

 cart.    s( 7) = (  0.0000000  1.0000000  0.0000000 )    f =( -0.3535534 )
                  ( -1.0000000  0.0000000  0.0000000 )       ( -0.3535534 )
                  (  0.0000000  0.0000000  1.0000000 )       ( -0.3535534 )


      isym =  8      90 deg rotation - cart. axis [0,0,1]

 cryst.   s( 8) = (     1          0         -1      )    f =( -0.2500000 )
                  (     1          0          0      )       ( -0.2500000 )
                  (     1         -1          0      )       ( -0.2500000 )

 cart.    s( 8) = (  0.0000000 -1.0000000  0.0000000 )    f =( -0.3535534 )
                  (  1.0000000  0.0000000  0.0000000 )       ( -0.3535534 )
                  (  0.0000000  0.0000000  1.0000000 )       ( -0.3535534 )


      isym =  9     180 deg rotation - cart. axis [1,0,1]

 cryst.   s( 9) = (    -1          1          0      )    f =( -0.2500000 )
                  (     0          1          0      )       ( -0.2500000 )
                  (     0          1         -1      )       ( -0.2500000 )

 cart.    s( 9) = (  0.0000000  0.0000000  1.0000000 )    f =( -0.3535534 )
                  (  0.0000000 -1.0000000  0.0000000 )       ( -0.3535534 )
                  (  1.0000000  0.0000000  0.0000000 )       ( -0.3535534 )


      isym = 10     180 deg rotation - cart. axis [-1,0,1]

 cryst.   s(10) = (     0          0         -1      )    f =( -0.2500000 )
                  (     0         -1          0      )       ( -0.2500000 )
                  (    -1          0          0      )       ( -0.2500000 )

 cart.    s(10) = (  0.0000000  0.0000000 -1.0000000 )    f =( -0.3535534 )
                  (  0.0000000 -1.0000000  0.0000000 )       ( -0.3535534 )
                  ( -1.0000000  0.0000000  0.0000000 )       ( -0.3535534 )


      isym = 11      90 deg rotation - cart. axis [0,1,0]

 cryst.   s(11) = (     0          0          1      )    f =( -0.2500000 )
                  (    -1          0          1      )       ( -0.2500000 )
                  (     0         -1          1      )       ( -0.2500000 )

 cart.    s(11) = (  0.0000000  0.0000000  1.0000000 )    f =( -0.3535534 )
                  (  0.0000000  1.0000000  0.0000000 )       ( -0.3535534 )
                  ( -1.0000000  0.0000000  0.0000000 )       ( -0.3535534 )


      isym = 12      90 deg rotation - cart. axis [0,-1,0]

 cryst.   s(12) = (     1         -1          0      )    f =( -0.2500000 )
                  (     1          0         -1      )       ( -0.2500000 )
                  (     1          0          0      )       ( -0.2500000 )

 cart.    s(12) = (  0.0000000  0.0000000 -1.0000000 )    f =( -0.3535534 )
                  (  0.0000000  1.0000000  0.0000000 )       ( -0.3535534 )
                  (  1.0000000  0.0000000  0.0000000 )       ( -0.3535534 )


      isym = 13     180 deg rotation - cart. axis [0,1,1]

 cryst.   s(13) = (     1          0          0      )    f =( -0.2500000 )
                  (     1         -1          0      )       ( -0.2500000 )
                  (     1          0         -1      )       ( -0.2500000 )

 cart.    s(13) = ( -1.0000000  0.0000000  0.0000000 )    f =( -0.3535534 )
                  (  0.0000000  0.0000000  1.0000000 )       ( -0.3535534 )
                  (  0.0000000  1.0000000  0.0000000 )       ( -0.3535534 )


      isym = 14     180 deg rotation - cart. axis [0,1,-1]

 cryst.   s(14) = (    -1          0          0      )    f =( -0.2500000 )
                  (     0          0         -1      )       ( -0.2500000 )
                  (     0         -1          0      )       ( -0.2500000 )

 cart.    s(14) = ( -1.0000000  0.0000000  0.0000000 )    f =( -0.3535534 )
                  (  0.0000000  0.0000000 -1.0000000 )       ( -0.3535534 )
                  (  0.0000000 -1.0000000  0.0000000 )       ( -0.3535534 )


      isym = 15      90 deg rotation - cart. axis [-1,0,0]

 cryst.   s(15) = (     0         -1          1      )    f =( -0.2500000 )
                  (     0          0          1      )       ( -0.2500000 )
                  (    -1          0          1      )       ( -0.2500000 )

 cart.    s(15) = (  1.0000000  0.0000000  0.0000000 )    f =( -0.3535534 )
                  (  0.0000000  0.0000000  1.0000000 )       ( -0.3535534 )
                  (  0.0000000 -1.0000000  0.0000000 )       ( -0.3535534 )


      isym = 16      90 deg rotation - cart. axis [1,0,0]

 cryst.   s(16) = (     0          1         -1      )    f =( -0.2500000 )
                  (    -1          1          0      )       ( -0.2500000 )
                  (     0          1          0      )       ( -0.2500000 )

 cart.    s(16) = (  1.0000000  0.0000000  0.0000000 )    f =( -0.3535534 )
                  (  0.0000000  0.0000000 -1.0000000 )       ( -0.3535534 )
                  (  0.0000000  1.0000000  0.0000000 )       ( -0.3535534 )


      isym = 17     120 deg rotation - cart. axis [-1,-1,-1]

 cryst.   s(17) = (     0          0          1      )
                  (     1          0          0      )
                  (     0          1          0      )

 cart.    s(17) = (  0.0000000  1.0000000  0.0000000 )
                  (  0.0000000  0.0000000  1.0000000 )
                  (  1.0000000  0.0000000  0.0000000 )


      isym = 18     120 deg rotation - cart. axis [-1,1,1]

 cryst.   s(18) = (     1         -1          0      )
                  (     0         -1          1      )
                  (     0         -1          0      )

 cart.    s(18) = (  0.0000000 -1.0000000  0.0000000 )
                  (  0.0000000  0.0000000  1.0000000 )
                  ( -1.0000000  0.0000000  0.0000000 )


      isym = 19     120 deg rotation - cart. axis [1,1,-1]

 cryst.   s(19) = (    -1          1          0      )
                  (    -1          0          0      )
                  (    -1          0          1      )

 cart.    s(19) = (  0.0000000  1.0000000  0.0000000 )
                  (  0.0000000  0.0000000 -1.0000000 )
                  ( -1.0000000  0.0000000  0.0000000 )


      isym = 20     120 deg rotation - cart. axis [1,-1,1]

 cryst.   s(20) = (     0          0         -1      )
                  (     0          1         -1      )
                  (     1          0         -1      )

 cart.    s(20) = (  0.0000000 -1.0000000  0.0000000 )
                  (  0.0000000  0.0000000 -1.0000000 )
                  (  1.0000000  0.0000000  0.0000000 )


      isym = 21     120 deg rotation - cart. axis [1,1,1]

 cryst.   s(21) = (     0          1          0      )
                  (     0          0          1      )
                  (     1          0          0      )

 cart.    s(21) = (  0.0000000  0.0000000  1.0000000 )
                  (  1.0000000  0.0000000  0.0000000 )
                  (  0.0000000  1.0000000  0.0000000 )


      isym = 22     120 deg rotation - cart. axis [-1,1,-1]

 cryst.   s(22) = (    -1          0          1      )
                  (    -1          1          0      )
                  (    -1          0          0      )

 cart.    s(22) = (  0.0000000  0.0000000  1.0000000 )
                  ( -1.0000000  0.0000000  0.0000000 )
                  (  0.0000000 -1.0000000  0.0000000 )


      isym = 23     120 deg rotation - cart. axis [1,-1,-1]

 cryst.   s(23) = (     1          0         -1      )
                  (     0          0         -1      )
                  (     0          1         -1      )

 cart.    s(23) = (  0.0000000  0.0000000 -1.0000000 )
                  ( -1.0000000  0.0000000  0.0000000 )
                  (  0.0000000  1.0000000  0.0000000 )


      isym = 24     120 deg rotation - cart. axis [-1,-1,1]

 cryst.   s(24) = (     0         -1          0      )
                  (     1         -1          0      )
                  (     0         -1          1      )

 cart.    s(24) = (  0.0000000  0.0000000 -1.0000000 )
                  (  1.0000000  0.0000000  0.0000000 )
                  (  0.0000000 -1.0000000  0.0000000 )


      isym = 25     inversion

 cryst.   s(25) = (    -1          0          0      )    f =( -0.2500000 )
                  (     0         -1          0      )       ( -0.2500000 )
                  (     0          0         -1      )       ( -0.2500000 )

 cart.    s(25) = ( -1.0000000  0.0000000  0.0000000 )    f =( -0.3535534 )
                  (  0.0000000 -1.0000000  0.0000000 )       ( -0.3535534 )
                  (  0.0000000  0.0000000 -1.0000000 )       ( -0.3535534 )


      isym = 26     inv. 180 deg rotation - cart. axis [0,0,1]

 cryst.   s(26) = (     0         -1          1      )    f =( -0.2500000 )
                  (    -1          0          1      )       ( -0.2500000 )
                  (     0          0          1      )       ( -0.2500000 )

 cart.    s(26) = (  1.0000000  0.0000000  0.0000000 )    f =( -0.3535534 )
                  (  0.0000000  1.0000000  0.0000000 )       ( -0.3535534 )
                  (  0.0000000  0.0000000 -1.0000000 )       ( -0.3535534 )


      isym = 27     inv. 180 deg rotation - cart. axis [0,1,0]

 cryst.   s(27) = (     0          1         -1      )    f =( -0.2500000 )
                  (     0          1          0      )       ( -0.2500000 )
                  (    -1          1          0      )       ( -0.2500000 )

 cart.    s(27) = (  1.0000000  0.0000000  0.0000000 )    f =( -0.3535534 )
                  (  0.0000000 -1.0000000  0.0000000 )       ( -0.3535534 )
                  (  0.0000000  0.0000000  1.0000000 )       ( -0.3535534 )


      isym = 28     inv. 180 deg rotation - cart. axis [1,0,0]

 cryst.   s(28) = (     1          0          0      )    f =( -0.2500000 )
                  (     1          0         -1      )       ( -0.2500000 )
                  (     1         -1          0      )       ( -0.2500000 )

 cart.    s(28) = ( -1.0000000  0.0000000  0.0000000 )    f =( -0.3535534 )
                  (  0.0000000  1.0000000  0.0000000 )       ( -0.3535534 )
                  (  0.0000000  0.0000000  1.0000000 )       ( -0.3535534 )


      isym = 29     inv. 180 deg rotation - cart. axis [1,1,0]

 cryst.   s(29) = (     1          0         -1      )
                  (     0          1         -1      )
                  (     0          0         -1      )

 cart.    s(29) = (  0.0000000 -1.0000000  0.0000000 )
                  ( -1.0000000  0.0000000  0.0000000 )
                  (  0.0000000  0.0000000  1.0000000 )


      isym = 30     inv. 180 deg rotation - cart. axis [1,-1,0]

 cryst.   s(30) = (     0          1          0      )
                  (     1          0          0      )
                  (     0          0          1      )

 cart.    s(30) = (  0.0000000  1.0000000  0.0000000 )
                  (  1.0000000  0.0000000  0.0000000 )
                  (  0.0000000  0.0000000  1.0000000 )


      isym = 31     inv.  90 deg rotation - cart. axis [0,0,-1]

 cryst.   s(31) = (     0         -1          0      )
                  (     0         -1          1      )
                  (     1         -1          0      )

 cart.    s(31) = (  0.0000000 -1.0000000  0.0000000 )
                  (  1.0000000  0.0000000  0.0000000 )
                  (  0.0000000  0.0000000 -1.0000000 )


      isym = 32     inv.  90 deg rotation - cart. axis [0,0,1]

 cryst.   s(32) = (    -1          0          1      )
                  (    -1          0          0      )
                  (    -1          1          0      )

 cart.    s(32) = (  0.0000000  1.0000000  0.0000000 )
                  ( -1.0000000  0.0000000  0.0000000 )
                  (  0.0000000  0.0000000 -1.0000000 )


      isym = 33     inv. 180 deg rotation - cart. axis [1,0,1]

 cryst.   s(33) = (     1         -1          0      )
                  (     0         -1          0      )
                  (     0         -1          1      )

 cart.    s(33) = (  0.0000000  0.0000000 -1.0000000 )
                  (  0.0000000  1.0000000  0.0000000 )
                  ( -1.0000000  0.0000000  0.0000000 )


      isym = 34     inv. 180 deg rotation - cart. axis [-1,0,1]

 cryst.   s(34) = (     0          0          1      )
                  (     0          1          0      )
                  (     1          0          0      )

 cart.    s(34) = (  0.0000000  0.0000000  1.0000000 )
                  (  0.0000000  1.0000000  0.0000000 )
                  (  1.0000000  0.0000000  0.0000000 )


      isym = 35     inv.  90 deg rotation - cart. axis [0,1,0]

 cryst.   s(35) = (     0          0         -1      )
                  (     1          0         -1      )
                  (     0          1         -1      )

 cart.    s(35) = (  0.0000000  0.0000000 -1.0000000 )
                  (  0.0000000 -1.0000000  0.0000000 )
                  (  1.0000000  0.0000000  0.0000000 )


      isym = 36     inv.  90 deg rotation - cart. axis [0,-1,0]

 cryst.   s(36) = (    -1          1          0      )
                  (    -1          0          1      )
                  (    -1          0          0      )

 cart.    s(36) = (  0.0000000  0.0000000  1.0000000 )
                  (  0.0000000 -1.0000000  0.0000000 )
                  ( -1.0000000  0.0000000  0.0000000 )


      isym = 37     inv. 180 deg rotation - cart. axis [0,1,1]

 cryst.   s(37) = (    -1          0          0      )
                  (    -1          1          0      )
                  (    -1          0          1      )

 cart.    s(37) = (  1.0000000  0.0000000  0.0000000 )
                  (  0.0000000  0.0000000 -1.0000000 )
                  (  0.0000000 -1.0000000  0.0000000 )


      isym = 38     inv. 180 deg rotation - cart. axis [0,1,-1]

 cryst.   s(38) = (     1          0          0      )
                  (     0          0          1      )
                  (     0          1          0      )

 cart.    s(38) = (  1.0000000  0.0000000  0.0000000 )
                  (  0.0000000  0.0000000  1.0000000 )
                  (  0.0000000  1.0000000  0.0000000 )


      isym = 39     inv.  90 deg rotation - cart. axis [-1,0,0]

 cryst.   s(39) = (     0          1         -1      )
                  (     0          0         -1      )
                  (     1          0         -1      )

 cart.    s(39) = ( -1.0000000  0.0000000  0.0000000 )
                  (  0.0000000  0.0000000 -1.0000000 )
                  (  0.0000000  1.0000000  0.0000000 )


      isym = 40     inv.  90 deg rotation - cart. axis [1,0,0]

 cryst.   s(40) = (     0         -1          1      )
                  (     1         -1          0      )
                  (     0         -1          0      )

 cart.    s(40) = ( -1.0000000  0.0000000  0.0000000 )
                  (  0.0000000  0.0000000  1.0000000 )
                  (  0.0000000 -1.0000000  0.0000000 )


      isym = 41     inv. 120 deg rotation - cart. axis [-1,-1,-1]

 cryst.   s(41) = (     0          0         -1      )    f =( -0.2500000 )
                  (    -1          0          0      )       ( -0.2500000 )
                  (     0         -1          0      )       ( -0.2500000 )

 cart.    s(41) = (  0.0000000 -1.0000000  0.0000000 )    f =( -0.3535534 )
                  (  0.0000000  0.0000000 -1.0000000 )       ( -0.3535534 )
                  ( -1.0000000  0.0000000  0.0000000 )       ( -0.3535534 )


      isym = 42     inv. 120 deg rotation - cart. axis [-1,1,1]

 cryst.   s(42) = (    -1          1          0      )    f =( -0.2500000 )
                  (     0          1         -1      )       ( -0.2500000 )
                  (     0          1          0      )       ( -0.2500000 )

 cart.    s(42) = (  0.0000000  1.0000000  0.0000000 )    f =( -0.3535534 )
                  (  0.0000000  0.0000000 -1.0000000 )       ( -0.3535534 )
                  (  1.0000000  0.0000000  0.0000000 )       ( -0.3535534 )


      isym = 43     inv. 120 deg rotation - cart. axis [1,1,-1]

 cryst.   s(43) = (     1         -1          0      )    f =( -0.2500000 )
                  (     1          0          0      )       ( -0.2500000 )
                  (     1          0         -1      )       ( -0.2500000 )

 cart.    s(43) = (  0.0000000 -1.0000000  0.0000000 )    f =( -0.3535534 )
                  (  0.0000000  0.0000000  1.0000000 )       ( -0.3535534 )
                  (  1.0000000  0.0000000  0.0000000 )       ( -0.3535534 )


      isym = 44     inv. 120 deg rotation - cart. axis [1,-1,1]

 cryst.   s(44) = (     0          0          1      )    f =( -0.2500000 )
                  (     0         -1          1      )       ( -0.2500000 )
                  (    -1          0          1      )       ( -0.2500000 )

 cart.    s(44) = (  0.0000000  1.0000000  0.0000000 )    f =( -0.3535534 )
                  (  0.0000000  0.0000000  1.0000000 )       ( -0.3535534 )
                  ( -1.0000000  0.0000000  0.0000000 )       ( -0.3535534 )


      isym = 45     inv. 120 deg rotation - cart. axis [1,1,1]

 cryst.   s(45) = (     0         -1          0      )    f =( -0.2500000 )
                  (     0          0         -1      )       ( -0.2500000 )
                  (    -1          0          0      )       ( -0.2500000 )

 cart.    s(45) = (  0.0000000  0.0000000 -1.0000000 )    f =( -0.3535534 )
                  ( -1.0000000  0.0000000  0.0000000 )       ( -0.3535534 )
                  (  0.0000000 -1.0000000  0.0000000 )       ( -0.3535534 )


      isym = 46     inv. 120 deg rotation - cart. axis [-1,1,-1]

 cryst.   s(46) = (     1          0         -1      )    f =( -0.2500000 )
                  (     1         -1          0      )       ( -0.2500000 )
                  (     1          0          0      )       ( -0.2500000 )

 cart.    s(46) = (  0.0000000  0.0000000 -1.0000000 )    f =( -0.3535534 )
                  (  1.0000000  0.0000000  0.0000000 )       ( -0.3535534 )
                  (  0.0000000  1.0000000  0.0000000 )       ( -0.3535534 )


      isym = 47     inv. 120 deg rotation - cart. axis [1,-1,-1]

 cryst.   s(47) = (    -1          0          1      )    f =( -0.2500000 )
                  (     0          0          1      )       ( -0.2500000 )
                  (     0         -1          1      )       ( -0.2500000 )

 cart.    s(47) = (  0.0000000  0.0000000  1.0000000 )    f =( -0.3535534 )
                  (  1.0000000  0.0000000  0.0000000 )       ( -0.3535534 )
                  (  0.0000000 -1.0000000  0.0000000 )       ( -0.3535534 )


      isym = 48     inv. 120 deg rotation - cart. axis [-1,-1,1]

 cryst.   s(48) = (     0          1          0      )    f =( -0.2500000 )
                  (    -1          1          0      )       ( -0.2500000 )
                  (     0          1         -1      )       ( -0.2500000 )

 cart.    s(48) = (  0.0000000  0.0000000  1.0000000 )    f =( -0.3535534 )
                  ( -1.0000000  0.0000000  0.0000000 )       ( -0.3535534 )
                  (  0.0000000  1.0000000  0.0000000 )       ( -0.3535534 )


   Cartesian axes

     site n.     atom                  positions (alat units)
         1           Si  tau(   1) = (   0.0000000   0.0000000   0.0000000  )
         2           Si  tau(   2) = (   0.3535534   1.0606602   1.0606602  )

   Crystallographic axes

     site n.     atom                  positions (cryst. coord.)
         1           Si  tau(   1) = (  0.0000000  0.0000000  0.0000000  )
         2           Si  tau(   2) = (  1.2500000  0.2500000  0.2500000  )

     number of k points=     3
                       cart. coord. in units 2pi/alat
        k(    1) = (   0.0000000   0.0000000   0.0000000), wk =   0.2500000
        k(    2) = (  -0.3535534  -0.3535534   0.3535534), wk =   1.0000000
        k(    3) = (  -0.7071068   0.0000000   0.0000000), wk =   0.7500000

                       cryst. coord.
        k(    1) = (   0.0000000   0.0000000   0.0000000), wk =   0.2500000
        k(    2) = (   0.0000000   0.0000000  -0.5000000), wk =   1.0000000
        k(    3) = (   0.0000000  -0.5000000  -0.5000000), wk =   0.7500000

     Dense  grid:    16889 G-vectors     FFT dimensions: (  36,  36,  36)

     Smooth grid:     5985 G-vectors     FFT dimensions: (  32,  32,  32)

     Dynamical RAM for                 wfc:       0.05 MB

     Dynamical RAM for     wfc (w. buffer):       0.18 MB

     Dynamical RAM for           str. fact:       0.26 MB

     Dynamical RAM for           local pot:       0.00 MB

     Dynamical RAM for          nlocal pot:       0.41 MB

     Dynamical RAM for                qrad:       1.44 MB

     Dynamical RAM for          rho,v,vnew:       1.84 MB

     Dynamical RAM for               rhoin:       0.61 MB

     Dynamical RAM for            rho*nmix:       4.12 MB

     Dynamical RAM for           G-vectors:       1.01 MB

     Dynamical RAM for          h,s,v(r/c):       0.01 MB

     Dynamical RAM for          <psi|beta>:       0.00 MB

     Dynamical RAM for                 psi:       0.18 MB

     Dynamical RAM for                hpsi:       0.18 MB

     Dynamical RAM for                spsi:       0.18 MB

     Dynamical RAM for      wfcinit/wfcrot:       0.18 MB

     Dynamical RAM for           addusdens:      48.45 MB

     Estimated static dynamical RAM per process >      12.17 MB

     Estimated max dynamical RAM per process >      60.62 MB

     Writing output data file aiida.save/
     Message from routine add_xml_clocks_pw: label not found :
     electrons


     Called by init_run:

     Called by electrons:

     Called by c_bands:

     Called by sum_band:

     Called by *egterg:

     Called by h_psi:

     General routines

     Parallel routines

     PWSCF        :      0.53s CPU      0.53s WALL


   This run was terminated on:  11:49:13  16Oct2019

=------------------------------------------------------------------------------=
   JOB DONE.
=------------------------------------------------------------------------------=
