
     Program PWSCF v.5.1.2 starts on 21Oct2015 at 18:53:27 

     This program is part of the open-source Quantum ESPRESSO suite
     for quantum simulation of materials; please cite
         "P. Giannozzi et al., J. Phys.:Condens. Matter 21 395502 (2009);
          URL http://www.quantum-espresso.org", 
     in publications or presentations arising from this work. More details at
     http://www.quantum-espresso.org/quote

     Parallel version (MPI & OpenMP), running on       8 processor cores
     Number of MPI processes:                 8
     Threads/MPI process:                     1
     K-points division:     npool     =       8
     Reading input from aiida.in

     Current dimensions of program PWSCF are:
     Max number of different atomic species (ntypx) = 10
     Max number of k-points (npk) =  40000
     Max angular momentum in pseudopotentials (lmaxx) =  3
     Message from routine input:
     WARNING: "startingwfc" set to atomic+random may spoil restart

     Atomic positions and unit cell read from directory:
     ./out/aiida.save/
 

     Subspace diagonalization in iterative solution of the eigenvalue problem:
     a serial algorithm will be used

     Found symmetry operation: I + ( -0.5000 -0.5000 -0.0000)
     This is a supercell, fractional translations are disabled
 
     G-vector sticks info
     --------------------
     sticks:   dense  smooth     PW     G-vecs:    dense   smooth      PW
     Sum        2083    1039    295               298661   105587   16083
 


     bravais-lattice index     =            0
     lattice parameter (alat)  =      11.9868  a.u.
     unit-cell volume          =    3088.9167 (a.u.)^3
     number of atoms/cell      =            4
     number of atomic types    =            1
     number of electrons       =        20.00
     number of Kohn-Sham states=           14
     kinetic-energy cutoff     =      40.0000  Ry
     charge density cutoff     =     320.0000  Ry
     Exchange-correlation      = PBE ( 1  4  3  4 0 0)

     celldm(1)=  11.986765  celldm(2)=   0.000000  celldm(3)=   0.000000
     celldm(4)=   0.000000  celldm(5)=   0.000000  celldm(6)=   0.000000

     crystal axes: (cart. coord. in units of alat)
               a(1) = (   1.000000   0.000000   0.000000 )  
               a(2) = (   0.000000   0.568818   0.000000 )  
               a(3) = (   0.000000   0.000000   3.153021 )  

     reciprocal axes: (cart. coord. in units 2 pi/alat)
               b(1) = (  1.000000  0.000000  0.000000 )  
               b(2) = (  0.000000  1.758032  0.000000 )  
               b(3) = (  0.000000  0.000000  0.317156 )  


     PseudoPot. # 1 for As read from file:
     ./pseudo/As.pbe-n-rrkjus_psl.0.2.UPF
     MD5 check sum: 3483af87597fc5832232eebbe66725c2
     Pseudo is Ultrasoft + core correction, Zval =  5.0
     Generated using "atomic" code by A. Dal Corso  v.5.0.99 svn rev. 10869
     Using radial grid of 1209 points,  4 beta functions with: 
                l(1) =   0
                l(2) =   0
                l(3) =   1
                l(4) =   1
     Q(r) pseudized with 0 coefficients 


     atomic species   valence    mass     pseudopotential
        As             5.00    74.92160     As( 1.00)

      2 Sym. Ops. (no inversion) found


                                    s                        frac. trans.

      isym =  1     identity                                     

 cryst.   s( 1) = (     1          0          0      )
                  (     0          1          0      )
                  (     0          0          1      )

 cart.    s( 1) = (  1.0000000  0.0000000  0.0000000 )
                  (  0.0000000  1.0000000  0.0000000 )
                  (  0.0000000  0.0000000  1.0000000 )


      isym =  2     180 deg rotation - cart. axis [0,1,0]        

 cryst.   s( 2) = (    -1          0          0      )
                  (     0          1          0      )
                  (     0          0         -1      )

 cart.    s( 2) = ( -1.0000000  0.0000000  0.0000000 )
                  (  0.0000000  1.0000000  0.0000000 )
                  (  0.0000000  0.0000000 -1.0000000 )


     point group C_2  (2)   
     there are  2 classes
     the character table:

       E     C2   
A      1.00  1.00
B      1.00 -1.00

     the symmetry operations in each class and the name of the first element:

     E        1
                                                                 
     C2       2
                                                                 

   Cartesian axes

     site n.     atom                  positions (alat units)
         1           As  tau(   1) = (   0.3337797   0.4266135   1.4673110  )
         2           As  tau(   2) = (   0.1662203   0.1422045   1.6857100  )
         3           As  tau(   3) = (   0.8337797   0.1422045   1.4673110  )
         4           As  tau(   4) = (   0.6662203   0.4266135   1.6857100  )

   Crystallographic axes

     site n.     atom                  positions (cryst. coord.)
         1           As  tau(   1) = (  0.3337797  0.7500000  0.4653667  )
         2           As  tau(   2) = (  0.1662203  0.2500000  0.5346333  )
         3           As  tau(   3) = (  0.8337797  0.2500000  0.4653667  )
         4           As  tau(   4) = (  0.6662203  0.7500000  0.5346333  )

     number of k points=    49
                       cart. coord. in units 2pi/alat
        k(    1) = (   0.3058500   0.5376940   0.1128600), wk =   0.0408163
        k(    2) = (   0.3058500   0.5376940   0.1128600), wk =   0.0408163
        k(    3) = (   0.3058500   0.5376940   0.1128600), wk =   0.0408163
        k(    4) = (   0.3058500   0.5376940   0.1128600), wk =   0.0408163
        k(    5) = (   0.3058500   0.5376940   0.1128600), wk =   0.0408163
        k(    6) = (   0.3058500   0.5376940   0.1128600), wk =   0.0408163
        k(    7) = (   0.3058500   0.5376940   0.1128600), wk =   0.0408163
        k(    8) = (   0.3225167   0.5669945   0.1128600), wk =   0.0408163
        k(    9) = (   0.3225167   0.5669945   0.1128600), wk =   0.0408163
        k(   10) = (   0.3225167   0.5669945   0.1128600), wk =   0.0408163
        k(   11) = (   0.3225167   0.5669945   0.1128600), wk =   0.0408163
        k(   12) = (   0.3225167   0.5669945   0.1128600), wk =   0.0408163
        k(   13) = (   0.3225167   0.5669945   0.1128600), wk =   0.0408163
        k(   14) = (   0.3225167   0.5669945   0.1128600), wk =   0.0408163
        k(   15) = (   0.3391833   0.5962950   0.1128600), wk =   0.0408163
        k(   16) = (   0.3391833   0.5962950   0.1128600), wk =   0.0408163
        k(   17) = (   0.3391833   0.5962950   0.1128600), wk =   0.0408163
        k(   18) = (   0.3391833   0.5962950   0.1128600), wk =   0.0408163
        k(   19) = (   0.3391833   0.5962950   0.1128600), wk =   0.0408163
        k(   20) = (   0.3391833   0.5962950   0.1128600), wk =   0.0408163
        k(   21) = (   0.3391833   0.5962950   0.1128600), wk =   0.0408163
        k(   22) = (   0.3558500   0.6255955   0.1128600), wk =   0.0408163
        k(   23) = (   0.3558500   0.6255955   0.1128600), wk =   0.0408163
        k(   24) = (   0.3558500   0.6255955   0.1128600), wk =   0.0408163
        k(   25) = (   0.3558500   0.6255955   0.1128600), wk =   0.0408163
        k(   26) = (   0.3558500   0.6255955   0.1128600), wk =   0.0408163
        k(   27) = (   0.3558500   0.6255955   0.1128600), wk =   0.0408163
        k(   28) = (   0.3558500   0.6255955   0.1128600), wk =   0.0408163
        k(   29) = (   0.3725167   0.6548961   0.1128600), wk =   0.0408163
        k(   30) = (   0.3725167   0.6548961   0.1128600), wk =   0.0408163
        k(   31) = (   0.3725167   0.6548961   0.1128600), wk =   0.0408163
        k(   32) = (   0.3725167   0.6548961   0.1128600), wk =   0.0408163
        k(   33) = (   0.3725167   0.6548961   0.1128600), wk =   0.0408163
        k(   34) = (   0.3725167   0.6548961   0.1128600), wk =   0.0408163
        k(   35) = (   0.3725167   0.6548961   0.1128600), wk =   0.0408163
        k(   36) = (   0.3891833   0.6841966   0.1128600), wk =   0.0408163
        k(   37) = (   0.3891833   0.6841966   0.1128600), wk =   0.0408163
        k(   38) = (   0.3891833   0.6841966   0.1128600), wk =   0.0408163
        k(   39) = (   0.3891833   0.6841966   0.1128600), wk =   0.0408163
        k(   40) = (   0.3891833   0.6841966   0.1128600), wk =   0.0408163
        k(   41) = (   0.3891833   0.6841966   0.1128600), wk =   0.0408163
        k(   42) = (   0.3891833   0.6841966   0.1128600), wk =   0.0408163
        k(   43) = (   0.4058500   0.7134971   0.1128600), wk =   0.0408163
        k(   44) = (   0.4058500   0.7134971   0.1128600), wk =   0.0408163
        k(   45) = (   0.4058500   0.7134971   0.1128600), wk =   0.0408163
        k(   46) = (   0.4058500   0.7134971   0.1128600), wk =   0.0408163
        k(   47) = (   0.4058500   0.7134971   0.1128600), wk =   0.0408163
        k(   48) = (   0.4058500   0.7134971   0.1128600), wk =   0.0408163
        k(   49) = (   0.4058500   0.7134971   0.1128600), wk =   0.0408163

                       cryst. coord.
        k(    1) = (   0.3058500   0.3058500   0.3558500), wk =   0.0408163
        k(    2) = (   0.3058500   0.3058500   0.3558500), wk =   0.0408163
        k(    3) = (   0.3058500   0.3058500   0.3558500), wk =   0.0408163
        k(    4) = (   0.3058500   0.3058500   0.3558500), wk =   0.0408163
        k(    5) = (   0.3058500   0.3058500   0.3558500), wk =   0.0408163
        k(    6) = (   0.3058500   0.3058500   0.3558500), wk =   0.0408163
        k(    7) = (   0.3058500   0.3058500   0.3558500), wk =   0.0408163
        k(    8) = (   0.3225167   0.3225167   0.3558500), wk =   0.0408163
        k(    9) = (   0.3225167   0.3225167   0.3558500), wk =   0.0408163
        k(   10) = (   0.3225167   0.3225167   0.3558500), wk =   0.0408163
        k(   11) = (   0.3225167   0.3225167   0.3558500), wk =   0.0408163
        k(   12) = (   0.3225167   0.3225167   0.3558500), wk =   0.0408163
        k(   13) = (   0.3225167   0.3225167   0.3558500), wk =   0.0408163
        k(   14) = (   0.3225167   0.3225167   0.3558500), wk =   0.0408163
        k(   15) = (   0.3391833   0.3391833   0.3558500), wk =   0.0408163
        k(   16) = (   0.3391833   0.3391833   0.3558500), wk =   0.0408163
        k(   17) = (   0.3391833   0.3391833   0.3558500), wk =   0.0408163
        k(   18) = (   0.3391833   0.3391833   0.3558500), wk =   0.0408163
        k(   19) = (   0.3391833   0.3391833   0.3558500), wk =   0.0408163
        k(   20) = (   0.3391833   0.3391833   0.3558500), wk =   0.0408163
        k(   21) = (   0.3391833   0.3391833   0.3558500), wk =   0.0408163
        k(   22) = (   0.3558500   0.3558500   0.3558500), wk =   0.0408163
        k(   23) = (   0.3558500   0.3558500   0.3558500), wk =   0.0408163
        k(   24) = (   0.3558500   0.3558500   0.3558500), wk =   0.0408163
        k(   25) = (   0.3558500   0.3558500   0.3558500), wk =   0.0408163
        k(   26) = (   0.3558500   0.3558500   0.3558500), wk =   0.0408163
        k(   27) = (   0.3558500   0.3558500   0.3558500), wk =   0.0408163
        k(   28) = (   0.3558500   0.3558500   0.3558500), wk =   0.0408163
        k(   29) = (   0.3725167   0.3725167   0.3558500), wk =   0.0408163
        k(   30) = (   0.3725167   0.3725167   0.3558500), wk =   0.0408163
        k(   31) = (   0.3725167   0.3725167   0.3558500), wk =   0.0408163
        k(   32) = (   0.3725167   0.3725167   0.3558500), wk =   0.0408163
        k(   33) = (   0.3725167   0.3725167   0.3558500), wk =   0.0408163
        k(   34) = (   0.3725167   0.3725167   0.3558500), wk =   0.0408163
        k(   35) = (   0.3725167   0.3725167   0.3558500), wk =   0.0408163
        k(   36) = (   0.3891833   0.3891833   0.3558500), wk =   0.0408163
        k(   37) = (   0.3891833   0.3891833   0.3558500), wk =   0.0408163
        k(   38) = (   0.3891833   0.3891833   0.3558500), wk =   0.0408163
        k(   39) = (   0.3891833   0.3891833   0.3558500), wk =   0.0408163
        k(   40) = (   0.3891833   0.3891833   0.3558500), wk =   0.0408163
        k(   41) = (   0.3891833   0.3891833   0.3558500), wk =   0.0408163
        k(   42) = (   0.3891833   0.3891833   0.3558500), wk =   0.0408163
        k(   43) = (   0.4058500   0.4058500   0.3558500), wk =   0.0408163
        k(   44) = (   0.4058500   0.4058500   0.3558500), wk =   0.0408163
        k(   45) = (   0.4058500   0.4058500   0.3558500), wk =   0.0408163
        k(   46) = (   0.4058500   0.4058500   0.3558500), wk =   0.0408163
        k(   47) = (   0.4058500   0.4058500   0.3558500), wk =   0.0408163
        k(   48) = (   0.4058500   0.4058500   0.3558500), wk =   0.0408163
        k(   49) = (   0.4058500   0.4058500   0.3558500), wk =   0.0408163

     Dense  grid:   298661 G-vectors     FFT dimensions: (  72,  40, 216)

     Smooth grid:   105587 G-vectors     FFT dimensions: (  50,  27, 160)

     Largest allocated arrays     est. size (Mb)     dimensions
        Kohn-Sham Wavefunctions         2.82 Mb     (   13214,   14)
        NL pseudopotentials             6.45 Mb     (   13214,   32)
        Each V/rho on FFT grid          9.49 Mb     (  622080)
        Each G-vector array             2.28 Mb     (  298661)
        G-vector shells                 0.30 Mb     (   39898)
     Largest temporary arrays     est. size (Mb)     dimensions
        Each subspace H/S matrix        0.00 Mb     (      14,   14)
        Each <psi_i|beta_j> matrix      0.01 Mb     (      32,   14)

     The potential is recalculated from file :
     ./out/aiida.save/charge-density.dat


     negative rho (up, down):  9.558E-05 0.000E+00
     Starting wfc are   16 randomized atomic wfcs

     Band Structure Calculation
     CG style diagonalization

     Computing kpt #:     1
     total cpu time spent up to now is       14.8 secs

     Computing kpt #:     2
     total cpu time spent up to now is       24.4 secs

     Computing kpt #:     3
     total cpu time spent up to now is       34.2 secs

     Computing kpt #:     4
     total cpu time spent up to now is       43.7 secs

     Computing kpt #:     5
     total cpu time spent up to now is       54.0 secs

     Computing kpt #:     6
     total cpu time spent up to now is       63.6 secs

     Computing kpt #:     7
     total cpu time spent up to now is       68.0 secs

     ethr =  5.00E-11,  avg # of iterations = 24.4

     total cpu time spent up to now is       68.0 secs

     End of band structure calculation

          k = 0.3059 0.5377 0.1129 ( 13203 PWs)   bands (ev):

   -15.2888 -14.2362 -11.8546 -10.8066  -6.7562  -6.5825  -5.8949  -4.6148
    -4.2141  -3.6862  -1.5328  -0.4277   0.4124   0.9075

          k = 0.3059 0.5377 0.1129 ( 13203 PWs)   bands (ev):

   -15.2888 -14.2362 -11.8546 -10.8066  -6.7562  -6.5825  -5.8949  -4.6148
    -4.2141  -3.6862  -1.5328  -0.4277   0.4124   0.9075

          k = 0.3059 0.5377 0.1129 ( 13203 PWs)   bands (ev):

   -15.2888 -14.2362 -11.8546 -10.8066  -6.7562  -6.5825  -5.8949  -4.6148
    -4.2141  -3.6862  -1.5328  -0.4277   0.4124   0.9075

          k = 0.3059 0.5377 0.1129 ( 13203 PWs)   bands (ev):

   -15.2888 -14.2362 -11.8546 -10.8066  -6.7562  -6.5825  -5.8949  -4.6148
    -4.2141  -3.6862  -1.5328  -0.4277   0.4124   0.9075

          k = 0.3059 0.5377 0.1129 ( 13203 PWs)   bands (ev):

   -15.2888 -14.2362 -11.8546 -10.8066  -6.7562  -6.5825  -5.8949  -4.6148
    -4.2141  -3.6862  -1.5328  -0.4277   0.4124   0.9075

          k = 0.3059 0.5377 0.1129 ( 13203 PWs)   bands (ev):

   -15.2888 -14.2362 -11.8546 -10.8066  -6.7562  -6.5825  -5.8949  -4.6148
    -4.2141  -3.6862  -1.5328  -0.4277   0.4124   0.9075

          k = 0.3059 0.5377 0.1129 ( 13203 PWs)   bands (ev):

   -15.2888 -14.2362 -11.8546 -10.8066  -6.7562  -6.5825  -5.8949  -4.6148
    -4.2141  -3.6862  -1.5328  -0.4277   0.4124   0.9075

          k = 0.3225 0.5670 0.1129 ( 13212 PWs)   bands (ev):

   -15.1665 -14.2224 -11.8833 -10.9348  -6.7320  -6.6287  -5.8373  -4.6854
    -4.2516  -3.7739  -1.5286  -0.4163   0.3992   0.8036

          k = 0.3225 0.5670 0.1129 ( 13212 PWs)   bands (ev):

   -15.1665 -14.2224 -11.8833 -10.9348  -6.7320  -6.6287  -5.8373  -4.6854
    -4.2516  -3.7739  -1.5286  -0.4163   0.3992   0.8036

          k = 0.3225 0.5670 0.1129 ( 13212 PWs)   bands (ev):

   -15.1665 -14.2224 -11.8833 -10.9348  -6.7320  -6.6287  -5.8373  -4.6854
    -4.2516  -3.7739  -1.5286  -0.4163   0.3992   0.8036

          k = 0.3225 0.5670 0.1129 ( 13212 PWs)   bands (ev):

   -15.1665 -14.2224 -11.8833 -10.9348  -6.7320  -6.6287  -5.8373  -4.6854
    -4.2516  -3.7739  -1.5286  -0.4163   0.3992   0.8036

          k = 0.3225 0.5670 0.1129 ( 13212 PWs)   bands (ev):

   -15.1665 -14.2224 -11.8833 -10.9348  -6.7320  -6.6287  -5.8373  -4.6854
    -4.2516  -3.7739  -1.5286  -0.4163   0.3992   0.8036

          k = 0.3225 0.5670 0.1129 ( 13212 PWs)   bands (ev):

   -15.1665 -14.2224 -11.8833 -10.9348  -6.7320  -6.6287  -5.8373  -4.6854
    -4.2516  -3.7739  -1.5286  -0.4163   0.3992   0.8036

          k = 0.3225 0.5670 0.1129 ( 13212 PWs)   bands (ev):

   -15.1665 -14.2224 -11.8833 -10.9348  -6.7320  -6.6287  -5.8373  -4.6854
    -4.2516  -3.7739  -1.5286  -0.4163   0.3992   0.8036

          k = 0.3392 0.5963 0.1129 ( 13214 PWs)   bands (ev):

   -15.0407 -14.2066 -11.9174 -11.0737  -6.7025  -6.6541  -5.7665  -4.7506
    -4.2958  -3.8708  -1.5109  -0.4099   0.3605   0.6975

          k = 0.3392 0.5963 0.1129 ( 13214 PWs)   bands (ev):

   -15.0407 -14.2066 -11.9174 -11.0737  -6.7025  -6.6541  -5.7665  -4.7506
    -4.2958  -3.8708  -1.5109  -0.4099   0.3605   0.6975

          k = 0.3392 0.5963 0.1129 ( 13214 PWs)   bands (ev):

   -15.0407 -14.2066 -11.9174 -11.0737  -6.7025  -6.6541  -5.7665  -4.7506
    -4.2958  -3.8708  -1.5109  -0.4099   0.3605   0.6975

          k = 0.3392 0.5963 0.1129 ( 13214 PWs)   bands (ev):

   -15.0407 -14.2066 -11.9174 -11.0737  -6.7025  -6.6541  -5.7665  -4.7506
    -4.2958  -3.8708  -1.5109  -0.4099   0.3605   0.6975

          k = 0.3392 0.5963 0.1129 ( 13214 PWs)   bands (ev):

   -15.0407 -14.2066 -11.9174 -11.0737  -6.7025  -6.6541  -5.7665  -4.7506
    -4.2958  -3.8708  -1.5109  -0.4099   0.3605   0.6975

          k = 0.3392 0.5963 0.1129 ( 13214 PWs)   bands (ev):

   -15.0407 -14.2066 -11.9174 -11.0737  -6.7025  -6.6541  -5.7665  -4.7506
    -4.2958  -3.8708  -1.5109  -0.4099   0.3605   0.6975

          k = 0.3392 0.5963 0.1129 ( 13214 PWs)   bands (ev):

   -15.0407 -14.2066 -11.9174 -11.0737  -6.7025  -6.6541  -5.7665  -4.7506
    -4.2958  -3.8708  -1.5109  -0.4099   0.3605   0.6975

          k = 0.3558 0.6256 0.1129 ( 13209 PWs)   bands (ev):

   -14.9121 -14.1894 -11.9554 -11.2205  -6.6695  -6.6612  -5.6841  -4.8100
    -4.3445  -3.9737  -1.4825  -0.4182   0.2894   0.5933

          k = 0.3558 0.6256 0.1129 ( 13209 PWs)   bands (ev):

   -14.9121 -14.1894 -11.9554 -11.2205  -6.6695  -6.6612  -5.6841  -4.8100
    -4.3445  -3.9737  -1.4825  -0.4182   0.2894   0.5933

          k = 0.3558 0.6256 0.1129 ( 13209 PWs)   bands (ev):

   -14.9121 -14.1894 -11.9554 -11.2205  -6.6695  -6.6612  -5.6841  -4.8100
    -4.3445  -3.9737  -1.4825  -0.4182   0.2894   0.5933

          k = 0.3558 0.6256 0.1129 ( 13209 PWs)   bands (ev):

   -14.9121 -14.1894 -11.9554 -11.2205  -6.6695  -6.6612  -5.6841  -4.8100
    -4.3445  -3.9737  -1.4825  -0.4182   0.2894   0.5933

          k = 0.3558 0.6256 0.1129 ( 13209 PWs)   bands (ev):

   -14.9121 -14.1894 -11.9554 -11.2205  -6.6695  -6.6612  -5.6841  -4.8100
    -4.3445  -3.9737  -1.4825  -0.4182   0.2894   0.5933

          k = 0.3558 0.6256 0.1129 ( 13209 PWs)   bands (ev):

   -14.9121 -14.1894 -11.9554 -11.2205  -6.6695  -6.6612  -5.6841  -4.8100
    -4.3445  -3.9737  -1.4825  -0.4182   0.2894   0.5933

          k = 0.3558 0.6256 0.1129 ( 13209 PWs)   bands (ev):

   -14.9121 -14.1894 -11.9554 -11.2205  -6.6695  -6.6612  -5.6841  -4.8100
    -4.3445  -3.9737  -1.4825  -0.4182   0.2894   0.5933

          k = 0.3725 0.6549 0.1129 ( 13210 PWs)   bands (ev):

   -14.7821 -14.1713 -11.9956 -11.3723  -6.6529  -6.6348  -5.5924  -4.8634
    -4.3953  -4.0795  -1.4465  -0.4555   0.2017   0.4941

          k = 0.3725 0.6549 0.1129 ( 13210 PWs)   bands (ev):

   -14.7821 -14.1713 -11.9956 -11.3723  -6.6529  -6.6348  -5.5924  -4.8634
    -4.3953  -4.0795  -1.4465  -0.4555   0.2017   0.4941

          k = 0.3725 0.6549 0.1129 ( 13210 PWs)   bands (ev):

   -14.7821 -14.1713 -11.9956 -11.3723  -6.6529  -6.6348  -5.5924  -4.8634
    -4.3953  -4.0795  -1.4465  -0.4555   0.2017   0.4941

          k = 0.3725 0.6549 0.1129 ( 13210 PWs)   bands (ev):

   -14.7821 -14.1713 -11.9956 -11.3723  -6.6529  -6.6348  -5.5924  -4.8634
    -4.3953  -4.0795  -1.4465  -0.4555   0.2017   0.4941

          k = 0.3725 0.6549 0.1129 ( 13210 PWs)   bands (ev):

   -14.7821 -14.1713 -11.9956 -11.3723  -6.6529  -6.6348  -5.5924  -4.8634
    -4.3953  -4.0795  -1.4465  -0.4555   0.2017   0.4941

          k = 0.3725 0.6549 0.1129 ( 13210 PWs)   bands (ev):

   -14.7821 -14.1713 -11.9956 -11.3723  -6.6529  -6.6348  -5.5924  -4.8634
    -4.3953  -4.0795  -1.4465  -0.4555   0.2017   0.4941

          k = 0.3725 0.6549 0.1129 ( 13210 PWs)   bands (ev):

   -14.7821 -14.1713 -11.9956 -11.3723  -6.6529  -6.6348  -5.5924  -4.8634
    -4.3953  -4.0795  -1.4465  -0.4555   0.2017   0.4941

          k = 0.3892 0.6842 0.1129 ( 13214 PWs)   bands (ev):

   -14.6524 -14.1529 -12.0363 -11.5254  -6.6324  -6.5999  -5.4947  -4.9107
    -4.4457  -4.1848  -1.4059  -0.5353   0.1285   0.4021

          k = 0.3892 0.6842 0.1129 ( 13214 PWs)   bands (ev):

   -14.6524 -14.1529 -12.0363 -11.5254  -6.6324  -6.5999  -5.4947  -4.9107
    -4.4457  -4.1848  -1.4059  -0.5353   0.1285   0.4021

          k = 0.3892 0.6842 0.1129 ( 13214 PWs)   bands (ev):

   -14.6524 -14.1529 -12.0363 -11.5254  -6.6324  -6.5999  -5.4947  -4.9107
    -4.4457  -4.1848  -1.4059  -0.5353   0.1285   0.4021

          k = 0.3892 0.6842 0.1129 ( 13214 PWs)   bands (ev):

   -14.6524 -14.1529 -12.0363 -11.5254  -6.6324  -6.5999  -5.4947  -4.9107
    -4.4457  -4.1848  -1.4059  -0.5353   0.1285   0.4021

          k = 0.3892 0.6842 0.1129 ( 13214 PWs)   bands (ev):

   -14.6524 -14.1529 -12.0363 -11.5254  -6.6324  -6.5999  -5.4947  -4.9107
    -4.4457  -4.1848  -1.4059  -0.5353   0.1285   0.4021

          k = 0.3892 0.6842 0.1129 ( 13214 PWs)   bands (ev):

   -14.6524 -14.1529 -12.0363 -11.5254  -6.6324  -6.5999  -5.4947  -4.9107
    -4.4457  -4.1848  -1.4059  -0.5353   0.1285   0.4021

          k = 0.3892 0.6842 0.1129 ( 13214 PWs)   bands (ev):

   -14.6524 -14.1529 -12.0363 -11.5254  -6.6324  -6.5999  -5.4947  -4.9107
    -4.4457  -4.1848  -1.4059  -0.5353   0.1285   0.4021

          k = 0.4058 0.7135 0.1129 ( 13213 PWs)   bands (ev):

   -14.5252 -14.1350 -12.0756 -11.6759  -6.6032  -6.5663  -5.3952  -4.9517
    -4.4931  -4.2863  -1.3636  -0.6562   0.0867   0.3192

          k = 0.4058 0.7135 0.1129 ( 13213 PWs)   bands (ev):

   -14.5252 -14.1350 -12.0756 -11.6759  -6.6032  -6.5663  -5.3952  -4.9517
    -4.4931  -4.2863  -1.3636  -0.6562   0.0867   0.3192

          k = 0.4058 0.7135 0.1129 ( 13213 PWs)   bands (ev):

   -14.5252 -14.1350 -12.0756 -11.6759  -6.6032  -6.5663  -5.3952  -4.9517
    -4.4931  -4.2863  -1.3636  -0.6562   0.0867   0.3192

          k = 0.4058 0.7135 0.1129 ( 13213 PWs)   bands (ev):

   -14.5252 -14.1350 -12.0756 -11.6759  -6.6032  -6.5663  -5.3952  -4.9517
    -4.4931  -4.2863  -1.3636  -0.6562   0.0867   0.3192

          k = 0.4058 0.7135 0.1129 ( 13213 PWs)   bands (ev):

   -14.5252 -14.1350 -12.0756 -11.6759  -6.6032  -6.5663  -5.3952  -4.9517
    -4.4931  -4.2863  -1.3636  -0.6562   0.0867   0.3192

          k = 0.4058 0.7135 0.1129 ( 13213 PWs)   bands (ev):

   -14.5252 -14.1350 -12.0756 -11.6759  -6.6032  -6.5663  -5.3952  -4.9517
    -4.4931  -4.2863  -1.3636  -0.6562   0.0867   0.3192

          k = 0.4058 0.7135 0.1129 ( 13213 PWs)   bands (ev):

   -14.5252 -14.1350 -12.0756 -11.6759  -6.6032  -6.5663  -5.3952  -4.9517
    -4.4931  -4.2863  -1.3636  -0.6562   0.0867   0.3192

     Writing output data file aiida.save
 
     init_run     :      3.71s CPU      4.38s WALL (       1 calls)
     electrons    :     62.21s CPU     63.34s WALL (       1 calls)

     Called by init_run:
     wfcinit      :      0.00s CPU      0.00s WALL (       1 calls)
     potinit      :      0.86s CPU      0.95s WALL (       1 calls)

     Called by electrons:
     c_bands      :     62.21s CPU     63.34s WALL (       1 calls)
     v_of_rho     :      0.48s CPU      0.54s WALL (       1 calls)
     v_h          :      0.04s CPU      0.05s WALL (       1 calls)
     v_xc         :      0.44s CPU      0.49s WALL (       1 calls)
     newd         :      1.06s CPU      1.08s WALL (       1 calls)

     Called by c_bands:
     init_us_2    :      0.03s CPU      0.04s WALL (       7 calls)
     ccgdiagg     :     54.58s CPU     54.92s WALL (      14 calls)
     wfcrot       :      3.75s CPU      3.79s WALL (      14 calls)

     Called by sum_band:

     Called by *cgdiagg:
     h_psi        :     47.73s CPU     48.17s WALL (    2210 calls)
     s_psi        :      4.86s CPU      4.89s WALL (    4406 calls)
     cdiaghg      :      0.00s CPU      0.00s WALL (      14 calls)

     Called by h_psi:
     h_psi:vloc   :     40.23s CPU     40.59s WALL (    2210 calls)
     h_psi:vnl    :      7.38s CPU      7.42s WALL (    2210 calls)
     add_vuspsi   :      4.70s CPU      4.78s WALL (    2210 calls)

     General routines
     calbec       :      5.11s CPU      5.11s WALL (    4406 calls)
     fft          :      0.40s CPU      0.43s WALL (      13 calls)
     ffts         :      0.01s CPU      0.01s WALL (       1 calls)
     fftw         :     32.80s CPU     32.99s WALL (    4812 calls)
     interpolate  :      0.05s CPU      0.05s WALL (       1 calls)
     davcio       :      0.01s CPU      0.16s WALL (       7 calls)
 
     Parallel routines
     fft_scatter  :      3.52s CPU      3.41s WALL (    4826 calls)
 
     PWSCF        :  1m 6.19s CPU     1m23.88s WALL

 
   This run was terminated on:  18:54:51  21Oct2015            

=------------------------------------------------------------------------------=
   JOB DONE.
=------------------------------------------------------------------------------=
Application 5953399 resources: utime ~635s, stime ~5s, Rss ~160580, inblocks ~87218, outblocks ~1274700
